218.193.16.244 - - [04/Apr/2018:14:28:14 ] "GET /forks HTTP/1.0" 200 2084 "http://facebook.com" "Mozilla/5.0 (iPad; CPU OS 6_0 like Mac OS X) AppleWebKit/536.26 (KHTML, like Gecko) Version/6.0 Mobile/10A5355d Safari/8536.25"
2.18.87.0 - - [04/Apr/2018:14:28:17 ] "GET /saddles HTTP/1.0" 200 4025 "http://emsch.com" "Mozilla/4.0 (compatible; MSIE 7.0; Windows NT 6.0)"
2.18.87.1 - - [04/Apr/2018:14:28:18 ] "GET /index.html HTTP/1.0" 503 2647 "-" "Mozilla/5.0 (iPad; CPU OS 6_0 like Mac OS X) AppleWebKit/536.26 (KHTML, like Gecko) Version/6.0 Mobile/10A5355d Safari/8536.25"
185.91.175.105 - - [04/Apr/2018:14:28:21 ] "GET /stems HTTP/1.0" 200 3640 "http://emsch.com" "Mozilla/5.0 (iPad; CPU OS 6_0 like Mac OS X) AppleWebKit/536.26 (KHTML, like Gecko) Version/6.0 Mobile/10A5355d Safari/8536.25"
43.239.248.16 - - [04/Apr/2018:14:28:24 ] "GET /handle-bars HTTP/1.0" 200 3145 "http://yandex.ru" "Mozilla/5.0 (Windows; U; MSIE 9.0; WIndows NT 9.0; en-US))"
46.189.128.150 - - [04/Apr/2018:14:28:26 ] "GET /Store/cart.jsp?productID=1023 HTTP/1.0" 200 4812 "http://facebook.com" "Mozilla/5.0 (Windows; U; MSIE 9.0; WIndows NT 9.0; en-US))"
2.17.218.0 - - [04/Apr/2018:14:28:27 ] "GET /index.html HTTP/1.0" 200 2439 "http://yandex.ru" "Mozilla/5.0 (Windows; U; Windows NT 6.1; rv:2.2) Gecko/20110201"
2.18.87.0 - - [04/Apr/2018:14:28:30 ] "GET /stems HTTP/1.0" 200 3633 "http://emsch.com" "Mozilla/5.0 (Linux; U; Android 2.3.5; en-us; HTC Vision Build/GRI40) AppleWebKit/533.1 (KHTML, like Gecko) Version/4.0 Mobile Safari/533.1"
43.239.248.15 - - [04/Apr/2018:14:28:33 ] "GET /index.html HTTP/1.0" 200 4229 "http://facebook.com" "Mozilla/5.0 (Windows; U; Windows NT 6.1; rv:2.2) Gecko/20110201"
2.18.87.0 - - [04/Apr/2018:14:28:36 ] "GET /wheelsets HTTP/1.0" 200 3745 "http://yandex.ru" "Mozilla/5.0 (iPad; CPU OS 6_0 like Mac OS X) AppleWebKit/536.26 (KHTML, like Gecko) Version/6.0 Mobile/10A5355d Safari/8536.25"
81.73.150.239 - - [04/Apr/2018:14:28:37 ] "GET /stems HTTP/1.0" 403 4486 "-" "Mozilla/5.0 (Windows; U; Windows NT 6.1; rv:2.2) Gecko/20110201"
31.6.26.133 - - [04/Apr/2018:14:28:38 ] "GET /saddles HTTP/1.0" 200 2940 "-" "Mozilla/5.0 (iPad; CPU OS 6_0 like Mac OS X) AppleWebKit/536.26 (KHTML, like Gecko) Version/6.0 Mobile/10A5355d Safari/8536.25"
179.93.224.39 - - [04/Apr/2018:14:28:39 ] "GET /handle-bars HTTP/1.0" 200 2414 "http://emsch.com" "Mozilla/5.0 (Windows; U; MSIE 9.0; WIndows NT 9.0; en-US))"
41.59.255.255 - - [04/Apr/2018:14:28:40 ] "GET /forks HTTP/1.0" 200 4495 "-" "Mozilla/5.0 (iPad; CPU OS 6_0 like Mac OS X) AppleWebKit/536.26 (KHTML, like Gecko) Version/6.0 Mobile/10A5355d Safari/8536.25"
179.93.224.246 - - [04/Apr/2018:14:28:43 ] "GET /Store/cart.jsp?productID=1062 HTTP/1.0" 502 3792 "-" "Mozilla/5.0 (iPad; CPU OS 6_0 like Mac OS X) AppleWebKit/536.26 (KHTML, like Gecko) Version/6.0 Mobile/10A5355d Safari/8536.25"
179.93.224.215 - - [04/Apr/2018:14:28:45 ] "GET /handle-bars HTTP/1.0" 200 3131 "http://www.google.com" "Mozilla/5.0 (Windows NT 5.1; rv:31.0) Gecko/20100101 Firefox/31.0"
31.6.26.190 - - [04/Apr/2018:14:28:47 ] "GET /handle-bars HTTP/1.0" 200 4680 "http://facebook.com" "Mozilla/5.0 (Windows NT 5.1; rv:31.0) Gecko/20100101 Firefox/31.0"
46.189.128.0 - - [04/Apr/2018:14:28:49 ] "GET /Store/cart.jsp?productID=1361 HTTP/1.0" 200 2840 "http://yandex.ru" "Mozilla/5.0 (Windows NT 5.1; rv:31.0) Gecko/20100101 Firefox/31.0"
185.91.175.137 - - [04/Apr/2018:14:28:50 ] "GET /wheelsets HTTP/1.0" 200 4939 "-" "Mozilla/5.0 (Windows; U; MSIE 9.0; WIndows NT 9.0; en-US))"
185.91.175.20 - - [04/Apr/2018:14:28:52 ] "GET /saddles HTTP/1.0" 200 3747 "http://www.google.com" "Mozilla/5.0 (Macintosh; Intel Mac OS X 10_9_2) AppleWebKit/537.36 (KHTML, like Gecko) Chrome/36.0.1944.0 Safari/537.36"
37.120.127.255 - - [04/Apr/2018:14:28:53 ] "GET /handle-bars HTTP/1.0" 200 3968 "http://facebook.com" "Mozilla/5.0 (Windows NT 5.1; rv:31.0) Gecko/20100101 Firefox/31.0"
218.193.16.244 - - [04/Apr/2018:14:28:55 ] "GET /saddles HTTP/1.0" 403 2316 "-" "Mozilla/5.0 (Macintosh; Intel Mac OS X 10_9_2) AppleWebKit/537.36 (KHTML, like Gecko) Chrome/36.0.1944.0 Safari/537.36"
2.17.218.0 - - [04/Apr/2018:14:28:58 ] "GET /shifters HTTP/1.0" 500 4149 "http://www.google.com" "Mozilla/5.0 (Windows; U; MSIE 9.0; WIndows NT 9.0; en-US))"
2.18.87.20 - - [04/Apr/2018:14:29:00 ] "GET /handle-bars HTTP/1.0" 200 4623 "http://yandex.ru" "Mozilla/5.0 (Linux; U; Android 2.3.5; en-us; HTC Vision Build/GRI40) AppleWebKit/533.1 (KHTML, like Gecko) Version/4.0 Mobile Safari/533.1"
2.17.218.0 - - [04/Apr/2018:14:29:03 ] "GET /index.html HTTP/1.0" 200 4530 "http://www.google.com" "Mozilla/5.0 (Windows; U; Windows NT 6.1; rv:2.2) Gecko/20110201"
2.17.218.1 - - [04/Apr/2018:14:29:05 ] "GET /saddles HTTP/1.0" 200 4144 "-" "Mozilla/5.0 (iPad; CPU OS 6_0 like Mac OS X) AppleWebKit/536.26 (KHTML, like Gecko) Version/6.0 Mobile/10A5355d Safari/8536.25"
31.6.26.255 - - [04/Apr/2018:14:29:08 ] "GET /index.html HTTP/1.0" 200 2110 "-" "Mozilla/5.0 (Windows; U; Windows NT 6.1; rv:2.2) Gecko/20110201"
31.6.26.180 - - [04/Apr/2018:14:29:11 ] "GET /index.html HTTP/1.0" 502 3821 "http://facebook.com" "Mozilla/5.0 (Windows NT 5.1; rv:31.0) Gecko/20100101 Firefox/31.0"
123.221.14.56 - - [04/Apr/2018:14:29:13 ] "GET /saddles HTTP/1.0" 200 2314 "http://www.google.com" "Mozilla/5.0 (iPad; CPU OS 6_0 like Mac OS X) AppleWebKit/536.26 (KHTML, like Gecko) Version/6.0 Mobile/10A5355d Safari/8536.25"
2.18.87.20 - - [04/Apr/2018:14:29:15 ] "GET /forks HTTP/1.0" 200 3933 "http://emsch.com" "Mozilla/4.0 (compatible; MSIE 7.0; Windows NT 6.0)"
198.122.118.164 - - [04/Apr/2018:14:29:16 ] "GET /saddles HTTP/1.0" 200 3587 "http://yandex.ru" "Mozilla/5.0 (Windows; U; Windows NT 6.1; rv:2.2) Gecko/20110201"
5.10.63.255 - - [04/Apr/2018:14:29:19 ] "GET /handle-bars HTTP/1.0" 200 2433 "http://emsch.com" "Mozilla/5.0 (Windows NT 5.1; rv:31.0) Gecko/20100101 Firefox/31.0"
81.73.150.239 - - [04/Apr/2018:14:29:22 ] "GET /wheelsets HTTP/1.0" 500 3797 "http://www.google.com" "Mozilla/5.0 (Windows; U; Windows NT 6.1; rv:2.2) Gecko/20110201"
179.93.224.215 - - [04/Apr/2018:14:29:23 ] "GET /seatposts HTTP/1.0" 502 3134 "http://facebook.com" "Mozilla/5.0 (Linux; U; Android 2.3.5; en-us; HTC Vision Build/GRI40) AppleWebKit/533.1 (KHTML, like Gecko) Version/4.0 Mobile Safari/533.1"
179.93.224.109 - - [04/Apr/2018:14:29:25 ] "GET /stems HTTP/1.0" 200 2590 "-" "Mozilla/4.0 (compatible; MSIE 7.0; Windows NT 6.0)"
185.91.175.20 - - [04/Apr/2018:14:29:28 ] "GET /index.html HTTP/1.0" 502 2556 "-" "Mozilla/5.0 (iPad; CPU OS 6_0 like Mac OS X) AppleWebKit/536.26 (KHTML, like Gecko) Version/6.0 Mobile/10A5355d Safari/8536.25"
123.221.14.56 - - [04/Apr/2018:14:29:29 ] "GET /forks HTTP/1.0" 503 2840 "http://facebook.com" "Mozilla/5.0 (Windows; U; Windows NT 6.1; rv:2.2) Gecko/20110201"
185.91.175.216 - - [04/Apr/2018:14:29:31 ] "GET /Store/cart.jsp?productID=1141 HTTP/1.0" 403 3003 "http://www.google.com" "Mozilla/5.0 (Windows; U; MSIE 9.0; WIndows NT 9.0; en-US))"
46.189.128.130 - - [04/Apr/2018:14:29:33 ] "GET /seatposts HTTP/1.0" 404 2664 "http://facebook.com" "Mozilla/5.0 (Windows; U; Windows NT 6.1; rv:2.2) Gecko/20110201"
46.189.127.255 - - [04/Apr/2018:14:29:35 ] "GET /handle-bars HTTP/1.0" 200 3535 "http://www.google.com" "Mozilla/5.0 (iPad; CPU OS 6_0 like Mac OS X) AppleWebKit/536.26 (KHTML, like Gecko) Version/6.0 Mobile/10A5355d Safari/8536.25"
37.189.100.100 - - [04/Apr/2018:14:29:37 ] "GET /saddles HTTP/1.0" 200 4417 "http://facebook.com" "Mozilla/4.0 (compatible; MSIE 7.0; Windows NT 6.0)"
43.239.248.16 - - [04/Apr/2018:14:29:38 ] "GET /index.html HTTP/1.0" 200 4127 "-" "Mozilla/5.0 (iPad; CPU OS 6_0 like Mac OS X) AppleWebKit/536.26 (KHTML, like Gecko) Version/6.0 Mobile/10A5355d Safari/8536.25"
10.182.189.79 - - [04/Apr/2018:14:29:41 ] "GET /wheelsets HTTP/1.0" 200 3585 "http://emsch.com" "Mozilla/5.0 (Macintosh; Intel Mac OS X 10_9_2) AppleWebKit/537.36 (KHTML, like Gecko) Chrome/36.0.1944.0 Safari/537.36"
179.93.224.246 - - [04/Apr/2018:14:29:42 ] "GET /wheelsets HTTP/1.0" 200 2064 "http://yandex.ru" "Mozilla/5.0 (Linux; U; Android 2.3.5; en-us; HTC Vision Build/GRI40) AppleWebKit/533.1 (KHTML, like Gecko) Version/4.0 Mobile Safari/533.1"
41.59.255.215 - - [04/Apr/2018:14:29:44 ] "GET /wheelsets HTTP/1.0" 200 2604 "http://yandex.ru" "Mozilla/5.0 (iPad; CPU OS 6_0 like Mac OS X) AppleWebKit/536.26 (KHTML, like Gecko) Version/6.0 Mobile/10A5355d Safari/8536.25"
46.189.128.200 - - [04/Apr/2018:14:29:45 ] "GET /handle-bars HTTP/1.0" 200 2372 "http://yandex.ru" "Mozilla/5.0 (Windows NT 5.1; rv:31.0) Gecko/20100101 Firefox/31.0"
37.189.100.100 - - [04/Apr/2018:14:29:47 ] "GET /wheelsets HTTP/1.0" 500 3431 "http://emsch.com" "Mozilla/5.0 (Windows NT 5.1; rv:31.0) Gecko/20100101 Firefox/31.0"
185.91.175.137 - - [04/Apr/2018:14:29:49 ] "GET /shifters HTTP/1.0" 200 4813 "http://emsch.com" "Mozilla/5.0 (iPad; CPU OS 6_0 like Mac OS X) AppleWebKit/536.26 (KHTML, like Gecko) Version/6.0 Mobile/10A5355d Safari/8536.25"
185.91.175.255 - - [04/Apr/2018:14:29:52 ] "GET /forks HTTP/1.0" 200 3708 "http://facebook.com" "Mozilla/5.0 (Windows; U; MSIE 9.0; WIndows NT 9.0; en-US))"
37.120.127.255 - - [04/Apr/2018:14:29:53 ] "GET /forks HTTP/1.0" 200 2003 "http://www.google.com" "Mozilla/5.0 (iPad; CPU OS 6_0 like Mac OS X) AppleWebKit/536.26 (KHTML, like Gecko) Version/6.0 Mobile/10A5355d Safari/8536.25"
185.91.175.105 - - [04/Apr/2018:14:29:54 ] "GET /index.html HTTP/1.0" 200 4882 "-" "Mozilla/5.0 (iPad; CPU OS 6_0 like Mac OS X) AppleWebKit/536.26 (KHTML, like Gecko) Version/6.0 Mobile/10A5355d Safari/8536.25"
46.189.128.130 - - [04/Apr/2018:14:29:55 ] "GET /forks HTTP/1.0" 200 3421 "http://emsch.com" "Mozilla/4.0 (compatible; MSIE 7.0; Windows NT 6.0)"
41.59.205.255 - - [04/Apr/2018:14:29:56 ] "GET /forks HTTP/1.0" 200 4758 "-" "Mozilla/5.0 (Windows; U; Windows NT 6.1; rv:2.2) Gecko/20110201"
46.189.128.130 - - [04/Apr/2018:14:29:59 ] "GET /saddles HTTP/1.0" 200 3228 "http://emsch.com" "Mozilla/5.0 (iPad; CPU OS 6_0 like Mac OS X) AppleWebKit/536.26 (KHTML, like Gecko) Version/6.0 Mobile/10A5355d Safari/8536.25"
5.10.63.255 - - [04/Apr/2018:14:30:00 ] "GET /saddles HTTP/1.0" 404 4913 "http://yandex.ru" "Mozilla/5.0 (Windows; U; MSIE 9.0; WIndows NT 9.0; en-US))"
41.59.25.12 - - [04/Apr/2018:14:30:03 ] "GET /handle-bars HTTP/1.0" 200 2216 "http://yandex.ru" "Mozilla/5.0 (iPad; CPU OS 6_0 like Mac OS X) AppleWebKit/536.26 (KHTML, like Gecko) Version/6.0 Mobile/10A5355d Safari/8536.25"
2.18.87.222 - - [04/Apr/2018:14:30:06 ] "GET /Store/cart.jsp?productID=1009 HTTP/1.0" 200 3071 "-" "Mozilla/5.0 (Windows; U; MSIE 9.0; WIndows NT 9.0; en-US))"
179.93.224.246 - - [04/Apr/2018:14:30:08 ] "GET /stems HTTP/1.0" 200 3287 "http://facebook.com" "Mozilla/5.0 (Macintosh; Intel Mac OS X 10_9_2) AppleWebKit/537.36 (KHTML, like Gecko) Chrome/36.0.1944.0 Safari/537.36"
2.17.218.0 - - [04/Apr/2018:14:30:09 ] "GET /seatposts HTTP/1.0" 200 2396 "http://emsch.com" "Mozilla/5.0 (Windows; U; MSIE 9.0; WIndows NT 9.0; en-US))"
10.182.189.79 - - [04/Apr/2018:14:30:10 ] "GET /handle-bars HTTP/1.0" 200 2416 "http://facebook.com" "Mozilla/5.0 (Windows; U; Windows NT 6.1; rv:2.2) Gecko/20110201"
81.73.150.239 - - [04/Apr/2018:14:30:11 ] "GET /handle-bars HTTP/1.0" 200 2202 "-" "Mozilla/4.0 (compatible; MSIE 7.0; Windows NT 6.0)"
179.93.224.39 - - [04/Apr/2018:14:30:14 ] "GET /Store/cart.jsp?productID=1499 HTTP/1.0" 200 2588 "http://facebook.com" "Mozilla/5.0 (iPad; CPU OS 6_0 like Mac OS X) AppleWebKit/536.26 (KHTML, like Gecko) Version/6.0 Mobile/10A5355d Safari/8536.25"
185.91.175.216 - - [04/Apr/2018:14:30:17 ] "GET /forks HTTP/1.0" 200 4150 "http://yandex.ru" "Mozilla/5.0 (iPad; CPU OS 6_0 like Mac OS X) AppleWebKit/536.26 (KHTML, like Gecko) Version/6.0 Mobile/10A5355d Safari/8536.25"
2.18.87.0 - - [04/Apr/2018:14:30:19 ] "GET /shifters HTTP/1.0" 200 4314 "http://facebook.com" "Mozilla/5.0 (Linux; U; Android 2.3.5; en-us; HTC Vision Build/GRI40) AppleWebKit/533.1 (KHTML, like Gecko) Version/4.0 Mobile Safari/533.1"
2.18.87.30 - - [04/Apr/2018:14:30:20 ] "GET /handle-bars HTTP/1.0" 200 3995 "-" "Mozilla/5.0 (Macintosh; Intel Mac OS X 10_9_2) AppleWebKit/537.36 (KHTML, like Gecko) Chrome/36.0.1944.0 Safari/537.36"
179.93.224.149 - - [04/Apr/2018:14:30:23 ] "GET /stems HTTP/1.0" 200 2387 "http://facebook.com" "Mozilla/5.0 (Windows; U; MSIE 9.0; WIndows NT 9.0; en-US))"
5.10.63.255 - - [04/Apr/2018:14:30:26 ] "GET /stems HTTP/1.0" 502 3752 "http://emsch.com" "Mozilla/5.0 (Windows; U; Windows NT 6.1; rv:2.2) Gecko/20110201"
179.93.224.215 - - [04/Apr/2018:14:30:29 ] "GET /handle-bars HTTP/1.0" 502 3702 "http://emsch.com" "Mozilla/5.0 (Windows NT 5.1; rv:31.0) Gecko/20100101 Firefox/31.0"
185.91.175.20 - - [04/Apr/2018:14:30:31 ] "GET /seatposts HTTP/1.0" 200 3785 "http://emsch.com" "Mozilla/5.0 (Linux; U; Android 2.3.5; en-us; HTC Vision Build/GRI40) AppleWebKit/533.1 (KHTML, like Gecko) Version/4.0 Mobile Safari/533.1"
5.10.63.255 - - [04/Apr/2018:14:30:34 ] "GET /saddles HTTP/1.0" 200 4869 "http://facebook.com" "Mozilla/5.0 (Macintosh; Intel Mac OS X 10_9_2) AppleWebKit/537.36 (KHTML, like Gecko) Chrome/36.0.1944.0 Safari/537.36"
185.91.175.74 - - [04/Apr/2018:14:30:35 ] "GET /shifters HTTP/1.0" 200 2181 "http://emsch.com" "Mozilla/5.0 (Windows; U; Windows NT 6.1; rv:2.2) Gecko/20110201"
179.93.224.246 - - [04/Apr/2018:14:30:37 ] "GET /seatposts HTTP/1.0" 200 4589 "http://www.google.com" "Mozilla/5.0 (Macintosh; Intel Mac OS X 10_9_2) AppleWebKit/537.36 (KHTML, like Gecko) Chrome/36.0.1944.0 Safari/537.36"
46.189.128.0 - - [04/Apr/2018:14:30:38 ] "GET /saddles HTTP/1.0" 404 2162 "http://www.google.com" "Mozilla/5.0 (Linux; U; Android 2.3.5; en-us; HTC Vision Build/GRI40) AppleWebKit/533.1 (KHTML, like Gecko) Version/4.0 Mobile Safari/533.1"
41.59.15.17 - - [04/Apr/2018:14:30:40 ] "GET /seatposts HTTP/1.0" 503 3607 "http://emsch.com" "Mozilla/5.0 (Macintosh; Intel Mac OS X 10_9_2) AppleWebKit/537.36 (KHTML, like Gecko) Chrome/36.0.1944.0 Safari/537.36"
2.18.87.30 - - [04/Apr/2018:14:30:41 ] "GET /stems HTTP/1.0" 200 2444 "-" "Mozilla/5.0 (Windows; U; Windows NT 6.1; rv:2.2) Gecko/20110201"
46.189.128.150 - - [04/Apr/2018:14:30:44 ] "GET /handle-bars HTTP/1.0" 200 4188 "-" "Mozilla/4.0 (compatible; MSIE 7.0; Windows NT 6.0)"
2.17.218.4 - - [04/Apr/2018:14:30:46 ] "GET /seatposts HTTP/1.0" 200 4469 "http://www.google.com" "Mozilla/5.0 (Windows; U; MSIE 9.0; WIndows NT 9.0; en-US))"
179.93.224.215 - - [04/Apr/2018:14:30:47 ] "GET /Store/cart.jsp?productID=1464 HTTP/1.0" 200 4273 "http://emsch.com" "Mozilla/5.0 (Linux; U; Android 2.3.5; en-us; HTC Vision Build/GRI40) AppleWebKit/533.1 (KHTML, like Gecko) Version/4.0 Mobile Safari/533.1"
2.17.218.102 - - [04/Apr/2018:14:30:48 ] "GET /index.html HTTP/1.0" 503 3456 "http://facebook.com" "Mozilla/4.0 (compatible; MSIE 7.0; Windows NT 6.0)"
2.18.87.100 - - [04/Apr/2018:14:30:50 ] "GET /handle-bars HTTP/1.0" 200 2677 "http://yandex.ru" "Mozilla/5.0 (iPad; CPU OS 6_0 like Mac OS X) AppleWebKit/536.26 (KHTML, like Gecko) Version/6.0 Mobile/10A5355d Safari/8536.25"
46.189.128.0 - - [04/Apr/2018:14:30:51 ] "GET /handle-bars HTTP/1.0" 200 3093 "http://emsch.com" "Mozilla/5.0 (Windows; U; Windows NT 6.1; rv:2.2) Gecko/20110201"
2.18.87.20 - - [04/Apr/2018:14:30:52 ] "GET /wheelsets HTTP/1.0" 200 2132 "-" "Mozilla/5.0 (Macintosh; Intel Mac OS X 10_9_2) AppleWebKit/537.36 (KHTML, like Gecko) Chrome/36.0.1944.0 Safari/537.36"
41.59.205.255 - - [04/Apr/2018:14:30:53 ] "GET /index.html HTTP/1.0" 200 3649 "http://www.google.com" "Mozilla/5.0 (Windows; U; Windows NT 6.1; rv:2.2) Gecko/20110201"
10.182.189.79 - - [04/Apr/2018:14:30:54 ] "GET /wheelsets HTTP/1.0" 503 3289 "-" "Mozilla/5.0 (Windows NT 5.1; rv:31.0) Gecko/20100101 Firefox/31.0"
2.17.218.251 - - [04/Apr/2018:14:30:57 ] "GET /Store/cart.jsp?productID=1017 HTTP/1.0" 200 4606 "http://emsch.com" "Mozilla/5.0 (Macintosh; Intel Mac OS X 10_9_2) AppleWebKit/537.36 (KHTML, like Gecko) Chrome/36.0.1944.0 Safari/537.36"
179.93.224.215 - - [04/Apr/2018:14:30:58 ] "GET /shifters HTTP/1.0" 200 3810 "http://www.google.com" "Mozilla/5.0 (Linux; U; Android 2.3.5; en-us; HTC Vision Build/GRI40) AppleWebKit/533.1 (KHTML, like Gecko) Version/4.0 Mobile Safari/533.1"
16.180.70.237 - - [04/Apr/2018:14:30:59 ] "GET /seatposts HTTP/1.0" 200 2713 "-" "Mozilla/5.0 (Windows; U; Windows NT 6.1; rv:2.2) Gecko/20110201"
2.18.87.1 - - [04/Apr/2018:14:31:02 ] "GET /saddles HTTP/1.0" 503 2416 "-" "Mozilla/5.0 (Linux; U; Android 2.3.5; en-us; HTC Vision Build/GRI40) AppleWebKit/533.1 (KHTML, like Gecko) Version/4.0 Mobile Safari/533.1"
185.91.175.137 - - [04/Apr/2018:14:31:03 ] "GET /handle-bars HTTP/1.0" 502 3037 "http://www.google.com" "Mozilla/5.0 (Windows; U; MSIE 9.0; WIndows NT 9.0; en-US))"
43.239.248.20 - - [04/Apr/2018:14:31:05 ] "GET /shifters HTTP/1.0" 200 2521 "http://yandex.ru" "Mozilla/5.0 (Windows NT 5.1; rv:31.0) Gecko/20100101 Firefox/31.0"
185.91.175.6 - - [04/Apr/2018:14:31:07 ] "GET /Store/cart.jsp?productID=1110 HTTP/1.0" 200 3902 "http://emsch.com" "Mozilla/5.0 (Windows NT 5.1; rv:31.0) Gecko/20100101 Firefox/31.0"
31.6.26.190 - - [04/Apr/2018:14:31:08 ] "GET /seatposts HTTP/1.0" 200 4990 "-" "Mozilla/5.0 (Macintosh; Intel Mac OS X 10_9_2) AppleWebKit/537.36 (KHTML, like Gecko) Chrome/36.0.1944.0 Safari/537.36"
2.18.87.20 - - [04/Apr/2018:14:31:10 ] "GET /saddles HTTP/1.0" 200 3888 "http://emsch.com" "Mozilla/5.0 (iPad; CPU OS 6_0 like Mac OS X) AppleWebKit/536.26 (KHTML, like Gecko) Version/6.0 Mobile/10A5355d Safari/8536.25"
46.189.128.150 - - [04/Apr/2018:14:31:13 ] "GET /handle-bars HTTP/1.0" 200 4350 "http://www.google.com" "Mozilla/5.0 (Linux; U; Android 2.3.5; en-us; HTC Vision Build/GRI40) AppleWebKit/533.1 (KHTML, like Gecko) Version/4.0 Mobile Safari/533.1"
2.17.218.100 - - [04/Apr/2018:14:31:16 ] "GET /shifters HTTP/1.0" 200 2740 "-" "Mozilla/5.0 (Windows; U; MSIE 9.0; WIndows NT 9.0; en-US))"
185.91.175.105 - - [04/Apr/2018:14:31:17 ] "GET /Store/cart.jsp?productID=1299 HTTP/1.0" 200 2107 "http://emsch.com" "Mozilla/5.0 (Linux; U; Android 2.3.5; en-us; HTC Vision Build/GRI40) AppleWebKit/533.1 (KHTML, like Gecko) Version/4.0 Mobile Safari/533.1"
233.192.62.103 - - [04/Apr/2018:14:31:19 ] "GET /shifters HTTP/1.0" 200 2838 "-" "Mozilla/5.0 (Windows; U; MSIE 9.0; WIndows NT 9.0; en-US))"
2.18.87.30 - - [04/Apr/2018:14:31:21 ] "GET /index.html HTTP/1.0" 200 3437 "http://yandex.ru" "Mozilla/4.0 (compatible; MSIE 7.0; Windows NT 6.0)"
2.17.218.102 - - [04/Apr/2018:14:31:23 ] "GET /shifters HTTP/1.0" 200 4958 "http://yandex.ru" "Mozilla/5.0 (Windows; U; Windows NT 6.1; rv:2.2) Gecko/20110201"
2.17.218.200 - - [04/Apr/2018:14:31:25 ] "GET /handle-bars HTTP/1.0" 200 2490 "http://www.google.com" "Mozilla/5.0 (Windows NT 5.1; rv:31.0) Gecko/20100101 Firefox/31.0"
31.6.26.190 - - [04/Apr/2018:14:31:28 ] "GET /seatposts HTTP/1.0" 200 3750 "http://facebook.com" "Mozilla/5.0 (Windows; U; Windows NT 6.1; rv:2.2) Gecko/20110201"
2.18.87.10 - - [04/Apr/2018:14:31:29 ] "GET /saddles HTTP/1.0" 200 4692 "http://yandex.ru" "Mozilla/5.0 (Macintosh; Intel Mac OS X 10_9_2) AppleWebKit/537.36 (KHTML, like Gecko) Chrome/36.0.1944.0 Safari/537.36"
46.189.128.200 - - [04/Apr/2018:14:31:32 ] "GET /seatposts HTTP/1.0" 200 3391 "http://facebook.com" "Mozilla/5.0 (Macintosh; Intel Mac OS X 10_9_2) AppleWebKit/537.36 (KHTML, like Gecko) Chrome/36.0.1944.0 Safari/537.36"
185.91.175.105 - - [04/Apr/2018:14:31:34 ] "GET /seatposts HTTP/1.0" 200 4318 "http://facebook.com" "Mozilla/5.0 (Windows; U; Windows NT 6.1; rv:2.2) Gecko/20110201"
2.17.218.2 - - [04/Apr/2018:14:31:35 ] "GET /index.html HTTP/1.0" 200 2914 "-" "Mozilla/5.0 (Macintosh; Intel Mac OS X 10_9_2) AppleWebKit/537.36 (KHTML, like Gecko) Chrome/36.0.1944.0 Safari/537.36"
5.10.63.255 - - [04/Apr/2018:14:31:37 ] "GET /wheelsets HTTP/1.0" 200 2796 "http://emsch.com" "Mozilla/5.0 (Macintosh; Intel Mac OS X 10_9_2) AppleWebKit/537.36 (KHTML, like Gecko) Chrome/36.0.1944.0 Safari/537.36"
16.180.70.237 - - [04/Apr/2018:14:31:40 ] "GET /Store/cart.jsp?productID=1382 HTTP/1.0" 200 2189 "http://www.google.com" "Mozilla/5.0 (Windows NT 5.1; rv:31.0) Gecko/20100101 Firefox/31.0"
31.6.26.255 - - [04/Apr/2018:14:31:43 ] "GET /shifters HTTP/1.0" 200 3164 "http://www.google.com" "Mozilla/5.0 (Macintosh; Intel Mac OS X 10_9_2) AppleWebKit/537.36 (KHTML, like Gecko) Chrome/36.0.1944.0 Safari/537.36"
179.93.224.141 - - [04/Apr/2018:14:31:45 ] "GET /forks HTTP/1.0" 200 3129 "http://www.google.com" "Mozilla/5.0 (Windows NT 5.1; rv:31.0) Gecko/20100101 Firefox/31.0"
179.93.224.215 - - [04/Apr/2018:14:31:48 ] "GET /saddles HTTP/1.0" 503 4974 "http://www.google.com" "Mozilla/4.0 (compatible; MSIE 7.0; Windows NT 6.0)"
2.17.218.0 - - [04/Apr/2018:14:31:49 ] "GET /seatposts HTTP/1.0" 200 3586 "-" "Mozilla/5.0 (Windows; U; Windows NT 6.1; rv:2.2) Gecko/20110201"
114.214.178.92 - - [04/Apr/2018:14:31:50 ] "GET /stems HTTP/1.0" 200 3436 "http://www.google.com" "Mozilla/4.0 (compatible; MSIE 7.0; Windows NT 6.0)"
37.189.101.103 - - [04/Apr/2018:14:31:51 ] "GET /wheelsets HTTP/1.0" 200 2139 "-" "Mozilla/5.0 (Windows; U; MSIE 9.0; WIndows NT 9.0; en-US))"
41.59.25.12 - - [04/Apr/2018:14:31:53 ] "GET /Store/cart.jsp?productID=1224 HTTP/1.0" 200 4756 "http://www.google.com" "Mozilla/5.0 (iPad; CPU OS 6_0 like Mac OS X) AppleWebKit/536.26 (KHTML, like Gecko) Version/6.0 Mobile/10A5355d Safari/8536.25"
2.18.87.10 - - [04/Apr/2018:14:31:54 ] "GET /shifters HTTP/1.0" 200 2756 "http://facebook.com" "Mozilla/5.0 (Windows; U; Windows NT 6.1; rv:2.2) Gecko/20110201"
179.93.224.141 - - [04/Apr/2018:14:31:57 ] "GET /shifters HTTP/1.0" 404 4365 "-" "Mozilla/5.0 (Windows; U; MSIE 9.0; WIndows NT 9.0; en-US))"
81.73.150.239 - - [04/Apr/2018:14:31:58 ] "GET /stems HTTP/1.0" 200 4375 "http://emsch.com" "Mozilla/5.0 (Macintosh; Intel Mac OS X 10_9_2) AppleWebKit/537.36 (KHTML, like Gecko) Chrome/36.0.1944.0 Safari/537.36"
46.189.127.255 - - [04/Apr/2018:14:32:01 ] "GET /index.html HTTP/1.0" 200 3431 "http://emsch.com" "Mozilla/5.0 (Windows NT 5.1; rv:31.0) Gecko/20100101 Firefox/31.0"
16.180.70.237 - - [04/Apr/2018:14:32:03 ] "GET /index.html HTTP/1.0" 502 3407 "http://www.google.com" "Mozilla/5.0 (Windows; U; MSIE 9.0; WIndows NT 9.0; en-US))"
5.149.239.255 - - [04/Apr/2018:14:32:05 ] "GET /Store/cart.jsp?productID=1171 HTTP/1.0" 403 3500 "http://facebook.com" "Mozilla/5.0 (Windows NT 5.1; rv:31.0) Gecko/20100101 Firefox/31.0"
43.239.248.18 - - [04/Apr/2018:14:32:07 ] "GET /handle-bars HTTP/1.0" 503 2507 "http://facebook.com" "Mozilla/5.0 (Windows NT 5.1; rv:31.0) Gecko/20100101 Firefox/31.0"
198.122.118.164 - - [04/Apr/2018:14:32:10 ] "GET /stems HTTP/1.0" 200 3031 "http://emsch.com" "Mozilla/5.0 (Linux; U; Android 2.3.5; en-us; HTC Vision Build/GRI40) AppleWebKit/533.1 (KHTML, like Gecko) Version/4.0 Mobile Safari/533.1"
185.91.175.137 - - [04/Apr/2018:14:32:12 ] "GET /forks HTTP/1.0" 200 2707 "http://emsch.com" "Mozilla/5.0 (iPad; CPU OS 6_0 like Mac OS X) AppleWebKit/536.26 (KHTML, like Gecko) Version/6.0 Mobile/10A5355d Safari/8536.25"
31.6.26.150 - - [04/Apr/2018:14:32:13 ] "GET /saddles HTTP/1.0" 200 3957 "http://www.google.com" "Mozilla/5.0 (Linux; U; Android 2.3.5; en-us; HTC Vision Build/GRI40) AppleWebKit/533.1 (KHTML, like Gecko) Version/4.0 Mobile Safari/533.1"
218.193.16.244 - - [04/Apr/2018:14:32:14 ] "GET /shifters HTTP/1.0" 200 2746 "http://www.google.com" "Mozilla/5.0 (Windows NT 5.1; rv:31.0) Gecko/20100101 Firefox/31.0"
31.47.255.255 - - [04/Apr/2018:14:32:15 ] "GET /handle-bars HTTP/1.0" 200 2872 "http://yandex.ru" "Mozilla/5.0 (Windows; U; Windows NT 6.1; rv:2.2) Gecko/20110201"
179.93.224.215 - - [04/Apr/2018:14:32:17 ] "GET /Store/cart.jsp?productID=1347 HTTP/1.0" 200 4816 "http://www.google.com" "Mozilla/5.0 (iPad; CPU OS 6_0 like Mac OS X) AppleWebKit/536.26 (KHTML, like Gecko) Version/6.0 Mobile/10A5355d Safari/8536.25"
31.6.26.190 - - [04/Apr/2018:14:32:18 ] "GET /saddles HTTP/1.0" 200 3155 "http://www.google.com" "Mozilla/5.0 (Windows; U; MSIE 9.0; WIndows NT 9.0; en-US))"
31.47.255.255 - - [04/Apr/2018:14:32:19 ] "GET /wheelsets HTTP/1.0" 200 4426 "http://yandex.ru" "Mozilla/5.0 (Windows; U; MSIE 9.0; WIndows NT 9.0; en-US))"
185.91.175.6 - - [04/Apr/2018:14:32:22 ] "GET /wheelsets HTTP/1.0" 200 4844 "http://www.google.com" "Mozilla/5.0 (Windows NT 5.1; rv:31.0) Gecko/20100101 Firefox/31.0"
2.18.87.20 - - [04/Apr/2018:14:32:23 ] "GET /seatposts HTTP/1.0" 200 4671 "http://facebook.com" "Mozilla/4.0 (compatible; MSIE 7.0; Windows NT 6.0)"
185.91.175.255 - - [04/Apr/2018:14:32:24 ] "GET /Store/cart.jsp?productID=1220 HTTP/1.0" 503 4480 "http://www.google.com" "Mozilla/5.0 (Linux; U; Android 2.3.5; en-us; HTC Vision Build/GRI40) AppleWebKit/533.1 (KHTML, like Gecko) Version/4.0 Mobile Safari/533.1"
37.189.100.100 - - [04/Apr/2018:14:32:26 ] "GET /stems HTTP/1.0" 503 2293 "http://www.google.com" "Mozilla/5.0 (Windows NT 5.1; rv:31.0) Gecko/20100101 Firefox/31.0"
218.193.16.244 - - [04/Apr/2018:14:32:29 ] "GET /handle-bars HTTP/1.0" 200 2108 "http://facebook.com" "Mozilla/5.0 (Macintosh; Intel Mac OS X 10_9_2) AppleWebKit/537.36 (KHTML, like Gecko) Chrome/36.0.1944.0 Safari/537.36"
31.47.255.255 - - [04/Apr/2018:14:32:32 ] "GET /Store/cart.jsp?productID=1119 HTTP/1.0" 200 4544 "http://emsch.com" "Mozilla/5.0 (Macintosh; Intel Mac OS X 10_9_2) AppleWebKit/537.36 (KHTML, like Gecko) Chrome/36.0.1944.0 Safari/537.36"
37.120.127.255 - - [04/Apr/2018:14:32:35 ] "GET /wheelsets HTTP/1.0" 200 3928 "http://www.google.com" "Mozilla/5.0 (Windows; U; MSIE 9.0; WIndows NT 9.0; en-US))"
2.18.87.0 - - [04/Apr/2018:14:32:37 ] "GET /stems HTTP/1.0" 200 2208 "http://facebook.com" "Mozilla/5.0 (Linux; U; Android 2.3.5; en-us; HTC Vision Build/GRI40) AppleWebKit/533.1 (KHTML, like Gecko) Version/4.0 Mobile Safari/533.1"
2.18.87.10 - - [04/Apr/2018:14:32:39 ] "GET /seatposts HTTP/1.0" 200 4891 "-" "Mozilla/5.0 (Linux; U; Android 2.3.5; en-us; HTC Vision Build/GRI40) AppleWebKit/533.1 (KHTML, like Gecko) Version/4.0 Mobile Safari/533.1"
43.239.248.14 - - [04/Apr/2018:14:32:41 ] "GET /handle-bars HTTP/1.0" 200 4557 "http://emsch.com" "Mozilla/4.0 (compatible; MSIE 7.0; Windows NT 6.0)"
185.91.175.74 - - [04/Apr/2018:14:32:44 ] "GET /handle-bars HTTP/1.0" 404 3308 "http://facebook.com" "Mozilla/5.0 (Linux; U; Android 2.3.5; en-us; HTC Vision Build/GRI40) AppleWebKit/533.1 (KHTML, like Gecko) Version/4.0 Mobile Safari/533.1"
41.59.255.215 - - [04/Apr/2018:14:32:47 ] "GET /shifters HTTP/1.0" 500 2859 "http://yandex.ru" "Mozilla/5.0 (Linux; U; Android 2.3.5; en-us; HTC Vision Build/GRI40) AppleWebKit/533.1 (KHTML, like Gecko) Version/4.0 Mobile Safari/533.1"
43.239.248.18 - - [04/Apr/2018:14:32:49 ] "GET /shifters HTTP/1.0" 200 4578 "http://www.google.com" "Mozilla/5.0 (iPad; CPU OS 6_0 like Mac OS X) AppleWebKit/536.26 (KHTML, like Gecko) Version/6.0 Mobile/10A5355d Safari/8536.25"
41.59.25.12 - - [04/Apr/2018:14:32:52 ] "GET /stems HTTP/1.0" 200 2673 "-" "Mozilla/5.0 (Linux; U; Android 2.3.5; en-us; HTC Vision Build/GRI40) AppleWebKit/533.1 (KHTML, like Gecko) Version/4.0 Mobile Safari/533.1"
237.43.24.118 - - [04/Apr/2018:14:32:53 ] "GET /wheelsets HTTP/1.0" 200 4422 "http://yandex.ru" "Mozilla/5.0 (Macintosh; Intel Mac OS X 10_9_2) AppleWebKit/537.36 (KHTML, like Gecko) Chrome/36.0.1944.0 Safari/537.36"
31.6.26.180 - - [04/Apr/2018:14:32:56 ] "GET /saddles HTTP/1.0" 200 4411 "-" "Mozilla/5.0 (iPad; CPU OS 6_0 like Mac OS X) AppleWebKit/536.26 (KHTML, like Gecko) Version/6.0 Mobile/10A5355d Safari/8536.25"
114.214.178.92 - - [04/Apr/2018:14:32:57 ] "GET /shifters HTTP/1.0" 200 2902 "-" "Mozilla/5.0 (Linux; U; Android 2.3.5; en-us; HTC Vision Build/GRI40) AppleWebKit/533.1 (KHTML, like Gecko) Version/4.0 Mobile Safari/533.1"
41.59.25.12 - - [04/Apr/2018:14:33:00 ] "GET /wheelsets HTTP/1.0" 500 2530 "http://facebook.com" "Mozilla/5.0 (Windows NT 5.1; rv:31.0) Gecko/20100101 Firefox/31.0"
43.239.248.14 - - [04/Apr/2018:14:33:03 ] "GET /saddles HTTP/1.0" 200 2016 "http://yandex.ru" "Mozilla/5.0 (Windows; U; Windows NT 6.1; rv:2.2) Gecko/20110201"
37.189.101.103 - - [04/Apr/2018:14:33:05 ] "GET /saddles HTTP/1.0" 200 4887 "http://emsch.com" "Mozilla/5.0 (Macintosh; Intel Mac OS X 10_9_2) AppleWebKit/537.36 (KHTML, like Gecko) Chrome/36.0.1944.0 Safari/537.36"
81.73.150.239 - - [04/Apr/2018:14:33:08 ] "GET /seatposts HTTP/1.0" 200 2580 "http://emsch.com" "Mozilla/5.0 (Windows; U; Windows NT 6.1; rv:2.2) Gecko/20110201"
2.17.218.251 - - [04/Apr/2018:14:33:11 ] "GET /Store/cart.jsp?productID=1351 HTTP/1.0" 200 4799 "http://www.google.com" "Mozilla/5.0 (Windows NT 5.1; rv:31.0) Gecko/20100101 Firefox/31.0"
114.214.178.92 - - [04/Apr/2018:14:33:13 ] "GET /index.html HTTP/1.0" 200 4160 "http://facebook.com" "Mozilla/5.0 (Linux; U; Android 2.3.5; en-us; HTC Vision Build/GRI40) AppleWebKit/533.1 (KHTML, like Gecko) Version/4.0 Mobile Safari/533.1"
2.18.87.1 - - [04/Apr/2018:14:33:14 ] "GET /forks HTTP/1.0" 502 2052 "http://yandex.ru" "Mozilla/5.0 (Linux; U; Android 2.3.5; en-us; HTC Vision Build/GRI40) AppleWebKit/533.1 (KHTML, like Gecko) Version/4.0 Mobile Safari/533.1"
31.6.26.180 - - [04/Apr/2018:14:33:17 ] "GET /Store/cart.jsp?productID=1244 HTTP/1.0" 200 3759 "http://yandex.ru" "Mozilla/4.0 (compatible; MSIE 7.0; Windows NT 6.0)"
37.189.101.103 - - [04/Apr/2018:14:33:20 ] "GET /wheelsets HTTP/1.0" 403 4805 "http://facebook.com" "Mozilla/5.0 (Macintosh; Intel Mac OS X 10_9_2) AppleWebKit/537.36 (KHTML, like Gecko) Chrome/36.0.1944.0 Safari/537.36"
43.239.248.14 - - [04/Apr/2018:14:33:21 ] "GET /saddles HTTP/1.0" 200 2468 "http://www.google.com" "Mozilla/5.0 (Windows; U; Windows NT 6.1; rv:2.2) Gecko/20110201"
185.91.175.13 - - [04/Apr/2018:14:33:23 ] "GET /index.html HTTP/1.0" 200 2602 "http://yandex.ru" "Mozilla/5.0 (Linux; U; Android 2.3.5; en-us; HTC Vision Build/GRI40) AppleWebKit/533.1 (KHTML, like Gecko) Version/4.0 Mobile Safari/533.1"
2.18.87.0 - - [04/Apr/2018:14:33:26 ] "GET /wheelsets HTTP/1.0" 200 4676 "http://emsch.com" "Mozilla/5.0 (iPad; CPU OS 6_0 like Mac OS X) AppleWebKit/536.26 (KHTML, like Gecko) Version/6.0 Mobile/10A5355d Safari/8536.25"
41.59.205.255 - - [04/Apr/2018:14:33:28 ] "GET /handle-bars HTTP/1.0" 200 4635 "-" "Mozilla/5.0 (Macintosh; Intel Mac OS X 10_9_2) AppleWebKit/537.36 (KHTML, like Gecko) Chrome/36.0.1944.0 Safari/537.36"
43.239.248.18 - - [04/Apr/2018:14:33:30 ] "GET /index.html HTTP/1.0" 200 3772 "http://emsch.com" "Mozilla/5.0 (Windows NT 5.1; rv:31.0) Gecko/20100101 Firefox/31.0"
179.93.224.109 - - [04/Apr/2018:14:33:31 ] "GET /stems HTTP/1.0" 200 4053 "http://www.google.com" "Mozilla/5.0 (Windows; U; Windows NT 6.1; rv:2.2) Gecko/20110201"
5.149.239.255 - - [04/Apr/2018:14:33:32 ] "GET /handle-bars HTTP/1.0" 200 3345 "http://emsch.com" "Mozilla/5.0 (Windows; U; Windows NT 6.1; rv:2.2) Gecko/20110201"
10.182.189.79 - - [04/Apr/2018:14:33:33 ] "GET /stems HTTP/1.0" 200 2967 "http://yandex.ru" "Mozilla/5.0 (Windows NT 5.1; rv:31.0) Gecko/20100101 Firefox/31.0"
2.18.87.20 - - [04/Apr/2018:14:33:36 ] "GET /wheelsets HTTP/1.0" 404 3376 "-" "Mozilla/5.0 (Linux; U; Android 2.3.5; en-us; HTC Vision Build/GRI40) AppleWebKit/533.1 (KHTML, like Gecko) Version/4.0 Mobile Safari/533.1"
237.43.24.118 - - [04/Apr/2018:14:33:39 ] "GET /shifters HTTP/1.0" 403 4999 "-" "Mozilla/5.0 (Windows NT 5.1; rv:31.0) Gecko/20100101 Firefox/31.0"
37.189.100.100 - - [04/Apr/2018:14:33:42 ] "GET /wheelsets HTTP/1.0" 200 4517 "http://yandex.ru" "Mozilla/5.0 (Macintosh; Intel Mac OS X 10_9_2) AppleWebKit/537.36 (KHTML, like Gecko) Chrome/36.0.1944.0 Safari/537.36"
2.17.218.1 - - [04/Apr/2018:14:33:45 ] "GET /stems HTTP/1.0" 200 4032 "-" "Mozilla/5.0 (Windows NT 5.1; rv:31.0) Gecko/20100101 Firefox/31.0"
185.91.175.74 - - [04/Apr/2018:14:33:47 ] "GET /shifters HTTP/1.0" 200 4540 "http://www.google.com" "Mozilla/5.0 (Windows NT 5.1; rv:31.0) Gecko/20100101 Firefox/31.0"
2.17.218.2 - - [04/Apr/2018:14:33:50 ] "GET /shifters HTTP/1.0" 200 2978 "-" "Mozilla/5.0 (Windows NT 5.1; rv:31.0) Gecko/20100101 Firefox/31.0"
185.91.175.137 - - [04/Apr/2018:14:33:51 ] "GET /index.html HTTP/1.0" 200 4891 "http://emsch.com" "Mozilla/5.0 (Windows; U; Windows NT 6.1; rv:2.2) Gecko/20110201"
41.59.255.215 - - [04/Apr/2018:14:33:52 ] "GET /seatposts HTTP/1.0" 200 3776 "http://facebook.com" "Mozilla/5.0 (Windows NT 5.1; rv:31.0) Gecko/20100101 Firefox/31.0"
2.17.218.200 - - [04/Apr/2018:14:33:54 ] "GET /saddles HTTP/1.0" 200 2221 "http://yandex.ru" "Mozilla/4.0 (compatible; MSIE 7.0; Windows NT 6.0)"
31.6.26.128 - - [04/Apr/2018:14:33:55 ] "GET /Store/cart.jsp?productID=1216 HTTP/1.0" 200 3694 "http://facebook.com" "Mozilla/5.0 (Windows NT 5.1; rv:31.0) Gecko/20100101 Firefox/31.0"
185.91.175.255 - - [04/Apr/2018:14:33:56 ] "GET /seatposts HTTP/1.0" 200 3977 "http://yandex.ru" "Mozilla/5.0 (Windows NT 5.1; rv:31.0) Gecko/20100101 Firefox/31.0"
41.59.25.12 - - [04/Apr/2018:14:33:57 ] "GET /stems HTTP/1.0" 200 4886 "http://yandex.ru" "Mozilla/5.0 (Windows; U; MSIE 9.0; WIndows NT 9.0; en-US))"
2.18.87.20 - - [04/Apr/2018:14:33:59 ] "GET /shifters HTTP/1.0" 200 4080 "http://www.google.com" "Mozilla/5.0 (Macintosh; Intel Mac OS X 10_9_2) AppleWebKit/537.36 (KHTML, like Gecko) Chrome/36.0.1944.0 Safari/537.36"
218.193.16.244 - - [04/Apr/2018:14:34:00 ] "GET /stems HTTP/1.0" 503 3696 "http://facebook.com" "Mozilla/5.0 (iPad; CPU OS 6_0 like Mac OS X) AppleWebKit/536.26 (KHTML, like Gecko) Version/6.0 Mobile/10A5355d Safari/8536.25"
179.93.224.39 - - [04/Apr/2018:14:34:02 ] "GET /saddles HTTP/1.0" 200 4732 "http://yandex.ru" "Mozilla/5.0 (Windows; U; MSIE 9.0; WIndows NT 9.0; en-US))"
31.47.255.255 - - [04/Apr/2018:14:34:03 ] "GET /stems HTTP/1.0" 503 4130 "http://yandex.ru" "Mozilla/5.0 (Macintosh; Intel Mac OS X 10_9_2) AppleWebKit/537.36 (KHTML, like Gecko) Chrome/36.0.1944.0 Safari/537.36"
2.18.87.10 - - [04/Apr/2018:14:34:06 ] "GET /Store/cart.jsp?productID=1187 HTTP/1.0" 200 2492 "http://www.google.com" "Mozilla/4.0 (compatible; MSIE 7.0; Windows NT 6.0)"
43.239.248.10 - - [04/Apr/2018:14:34:08 ] "GET /forks HTTP/1.0" 200 3969 "http://yandex.ru" "Mozilla/5.0 (Macintosh; Intel Mac OS X 10_9_2) AppleWebKit/537.36 (KHTML, like Gecko) Chrome/36.0.1944.0 Safari/537.36"
123.221.14.56 - - [04/Apr/2018:14:34:11 ] "GET /Store/cart.jsp?productID=1382 HTTP/1.0" 200 2971 "http://www.google.com" "Mozilla/5.0 (Linux; U; Android 2.3.5; en-us; HTC Vision Build/GRI40) AppleWebKit/533.1 (KHTML, like Gecko) Version/4.0 Mobile Safari/533.1"
114.214.178.92 - - [04/Apr/2018:14:34:12 ] "GET /Store/cart.jsp?productID=1460 HTTP/1.0" 404 4345 "http://www.google.com" "Mozilla/4.0 (compatible; MSIE 7.0; Windows NT 6.0)"
2.17.218.1 - - [04/Apr/2018:14:34:13 ] "GET /handle-bars HTTP/1.0" 200 2429 "http://emsch.com" "Mozilla/5.0 (Windows NT 5.1; rv:31.0) Gecko/20100101 Firefox/31.0"
16.180.70.237 - - [04/Apr/2018:14:34:14 ] "GET /index.html HTTP/1.0" 200 4803 "http://yandex.ru" "Mozilla/5.0 (Macintosh; Intel Mac OS X 10_9_2) AppleWebKit/537.36 (KHTML, like Gecko) Chrome/36.0.1944.0 Safari/537.36"
43.239.248.18 - - [04/Apr/2018:14:34:15 ] "GET /shifters HTTP/1.0" 404 4191 "-" "Mozilla/5.0 (Linux; U; Android 2.3.5; en-us; HTC Vision Build/GRI40) AppleWebKit/533.1 (KHTML, like Gecko) Version/4.0 Mobile Safari/533.1"
10.182.189.79 - - [04/Apr/2018:14:34:16 ] "GET /Store/cart.jsp?productID=1005 HTTP/1.0" 200 2189 "-" "Mozilla/5.0 (Linux; U; Android 2.3.5; en-us; HTC Vision Build/GRI40) AppleWebKit/533.1 (KHTML, like Gecko) Version/4.0 Mobile Safari/533.1"
185.91.175.216 - - [04/Apr/2018:14:34:17 ] "GET /forks HTTP/1.0" 503 4810 "http://emsch.com" "Mozilla/5.0 (Windows NT 5.1; rv:31.0) Gecko/20100101 Firefox/31.0"
46.189.128.0 - - [04/Apr/2018:14:34:20 ] "GET /saddles HTTP/1.0" 200 4115 "http://yandex.ru" "Mozilla/5.0 (Windows; U; MSIE 9.0; WIndows NT 9.0; en-US))"
114.214.178.92 - - [04/Apr/2018:14:34:21 ] "GET /seatposts HTTP/1.0" 200 4096 "http://facebook.com" "Mozilla/5.0 (Windows; U; MSIE 9.0; WIndows NT 9.0; en-US))"
41.59.15.17 - - [04/Apr/2018:14:34:22 ] "GET /Store/cart.jsp?productID=1109 HTTP/1.0" 200 4896 "http://www.google.com" "Mozilla/5.0 (Windows; U; MSIE 9.0; WIndows NT 9.0; en-US))"
185.91.175.13 - - [04/Apr/2018:14:34:24 ] "GET /seatposts HTTP/1.0" 500 2387 "http://facebook.com" "Mozilla/5.0 (Linux; U; Android 2.3.5; en-us; HTC Vision Build/GRI40) AppleWebKit/533.1 (KHTML, like Gecko) Version/4.0 Mobile Safari/533.1"
2.17.218.2 - - [04/Apr/2018:14:34:25 ] "GET /seatposts HTTP/1.0" 200 3415 "-" "Mozilla/5.0 (iPad; CPU OS 6_0 like Mac OS X) AppleWebKit/536.26 (KHTML, like Gecko) Version/6.0 Mobile/10A5355d Safari/8536.25"
10.182.189.79 - - [04/Apr/2018:14:34:26 ] "GET /saddles HTTP/1.0" 200 2682 "http://facebook.com" "Mozilla/5.0 (Windows; U; MSIE 9.0; WIndows NT 9.0; en-US))"
41.59.255.255 - - [04/Apr/2018:14:34:27 ] "GET /Store/cart.jsp?productID=1091 HTTP/1.0" 503 4403 "-" "Mozilla/4.0 (compatible; MSIE 7.0; Windows NT 6.0)"
31.6.26.190 - - [04/Apr/2018:14:34:29 ] "GET /Store/cart.jsp?productID=1393 HTTP/1.0" 200 2064 "-" "Mozilla/5.0 (Windows NT 5.1; rv:31.0) Gecko/20100101 Firefox/31.0"
41.59.15.17 - - [04/Apr/2018:14:34:31 ] "GET /forks HTTP/1.0" 200 2746 "http://facebook.com" "Mozilla/5.0 (Windows; U; Windows NT 6.1; rv:2.2) Gecko/20110201"
31.47.255.255 - - [04/Apr/2018:14:34:32 ] "GET /seatposts HTTP/1.0" 200 3907 "http://yandex.ru" "Mozilla/5.0 (Linux; U; Android 2.3.5; en-us; HTC Vision Build/GRI40) AppleWebKit/533.1 (KHTML, like Gecko) Version/4.0 Mobile Safari/533.1"
2.18.87.0 - - [04/Apr/2018:14:34:35 ] "GET /forks HTTP/1.0" 503 2304 "http://emsch.com" "Mozilla/5.0 (iPad; CPU OS 6_0 like Mac OS X) AppleWebKit/536.26 (KHTML, like Gecko) Version/6.0 Mobile/10A5355d Safari/8536.25"
179.93.224.149 - - [04/Apr/2018:14:34:38 ] "GET /saddles HTTP/1.0" 200 2533 "-" "Mozilla/5.0 (Macintosh; Intel Mac OS X 10_9_2) AppleWebKit/537.36 (KHTML, like Gecko) Chrome/36.0.1944.0 Safari/537.36"
114.214.178.92 - - [04/Apr/2018:14:34:40 ] "GET /wheelsets HTTP/1.0" 403 2794 "http://emsch.com" "Mozilla/5.0 (Windows; U; Windows NT 6.1; rv:2.2) Gecko/20110201"
2.17.218.0 - - [04/Apr/2018:14:34:42 ] "GET /stems HTTP/1.0" 500 2539 "http://www.google.com" "Mozilla/4.0 (compatible; MSIE 7.0; Windows NT 6.0)"
5.149.239.255 - - [04/Apr/2018:14:34:44 ] "GET /saddles HTTP/1.0" 404 3080 "http://www.google.com" "Mozilla/5.0 (Windows; U; Windows NT 6.1; rv:2.2) Gecko/20110201"
37.189.100.100 - - [04/Apr/2018:14:34:45 ] "GET /index.html HTTP/1.0" 200 2670 "http://emsch.com" "Mozilla/4.0 (compatible; MSIE 7.0; Windows NT 6.0)"
179.93.224.246 - - [04/Apr/2018:14:34:47 ] "GET /handle-bars HTTP/1.0" 503 2304 "http://www.google.com" "Mozilla/4.0 (compatible; MSIE 7.0; Windows NT 6.0)"
31.6.26.190 - - [04/Apr/2018:14:34:49 ] "GET /wheelsets HTTP/1.0" 200 3630 "-" "Mozilla/5.0 (Windows; U; MSIE 9.0; WIndows NT 9.0; en-US))"
179.93.224.141 - - [04/Apr/2018:14:34:51 ] "GET /wheelsets HTTP/1.0" 200 3727 "http://www.google.com" "Mozilla/5.0 (Windows NT 5.1; rv:31.0) Gecko/20100101 Firefox/31.0"
179.93.224.141 - - [04/Apr/2018:14:34:53 ] "GET /stems HTTP/1.0" 404 3952 "http://yandex.ru" "Mozilla/5.0 (iPad; CPU OS 6_0 like Mac OS X) AppleWebKit/536.26 (KHTML, like Gecko) Version/6.0 Mobile/10A5355d Safari/8536.25"
37.189.101.103 - - [04/Apr/2018:14:34:54 ] "GET /forks HTTP/1.0" 200 2697 "-" "Mozilla/5.0 (Linux; U; Android 2.3.5; en-us; HTC Vision Build/GRI40) AppleWebKit/533.1 (KHTML, like Gecko) Version/4.0 Mobile Safari/533.1"
185.91.175.105 - - [04/Apr/2018:14:34:56 ] "GET /seatposts HTTP/1.0" 403 3790 "http://emsch.com" "Mozilla/5.0 (Windows; U; Windows NT 6.1; rv:2.2) Gecko/20110201"
46.189.128.10 - - [04/Apr/2018:14:34:58 ] "GET /forks HTTP/1.0" 200 3968 "http://facebook.com" "Mozilla/5.0 (Windows NT 5.1; rv:31.0) Gecko/20100101 Firefox/31.0"
46.189.128.200 - - [04/Apr/2018:14:34:59 ] "GET /forks HTTP/1.0" 200 3510 "-" "Mozilla/4.0 (compatible; MSIE 7.0; Windows NT 6.0)"
31.47.255.255 - - [04/Apr/2018:14:35:02 ] "GET /Store/cart.jsp?productID=1062 HTTP/1.0" 403 4081 "http://facebook.com" "Mozilla/5.0 (Macintosh; Intel Mac OS X 10_9_2) AppleWebKit/537.36 (KHTML, like Gecko) Chrome/36.0.1944.0 Safari/537.36"
31.6.26.128 - - [04/Apr/2018:14:35:05 ] "GET /shifters HTTP/1.0" 200 4841 "http://emsch.com" "Mozilla/5.0 (iPad; CPU OS 6_0 like Mac OS X) AppleWebKit/536.26 (KHTML, like Gecko) Version/6.0 Mobile/10A5355d Safari/8536.25"
41.59.255.255 - - [04/Apr/2018:14:35:07 ] "GET /shifters HTTP/1.0" 200 3736 "http://yandex.ru" "Mozilla/4.0 (compatible; MSIE 7.0; Windows NT 6.0)"
185.91.175.216 - - [04/Apr/2018:14:35:10 ] "GET /handle-bars HTTP/1.0" 200 2651 "http://www.google.com" "Mozilla/5.0 (Macintosh; Intel Mac OS X 10_9_2) AppleWebKit/537.36 (KHTML, like Gecko) Chrome/36.0.1944.0 Safari/537.36"
31.6.26.133 - - [04/Apr/2018:14:35:13 ] "GET /forks HTTP/1.0" 200 2900 "http://emsch.com" "Mozilla/4.0 (compatible; MSIE 7.0; Windows NT 6.0)"
41.59.255.215 - - [04/Apr/2018:14:35:14 ] "GET /seatposts HTTP/1.0" 200 3119 "http://yandex.ru" "Mozilla/5.0 (iPad; CPU OS 6_0 like Mac OS X) AppleWebKit/536.26 (KHTML, like Gecko) Version/6.0 Mobile/10A5355d Safari/8536.25"
2.18.87.0 - - [04/Apr/2018:14:35:15 ] "GET /stems HTTP/1.0" 200 2918 "http://facebook.com" "Mozilla/5.0 (Macintosh; Intel Mac OS X 10_9_2) AppleWebKit/537.36 (KHTML, like Gecko) Chrome/36.0.1944.0 Safari/537.36"
43.239.248.20 - - [04/Apr/2018:14:35:17 ] "GET /stems HTTP/1.0" 403 4816 "http://www.google.com" "Mozilla/5.0 (Windows; U; Windows NT 6.1; rv:2.2) Gecko/20110201"
2.18.87.20 - - [04/Apr/2018:14:35:18 ] "GET /seatposts HTTP/1.0" 200 4686 "http://emsch.com" "Mozilla/5.0 (Macintosh; Intel Mac OS X 10_9_2) AppleWebKit/537.36 (KHTML, like Gecko) Chrome/36.0.1944.0 Safari/537.36"
43.239.248.0 - - [04/Apr/2018:14:35:19 ] "GET /handle-bars HTTP/1.0" 200 2046 "-" "Mozilla/5.0 (Linux; U; Android 2.3.5; en-us; HTC Vision Build/GRI40) AppleWebKit/533.1 (KHTML, like Gecko) Version/4.0 Mobile Safari/533.1"
237.43.24.118 - - [04/Apr/2018:14:35:21 ] "GET /wheelsets HTTP/1.0" 200 3045 "http://emsch.com" "Mozilla/5.0 (iPad; CPU OS 6_0 like Mac OS X) AppleWebKit/536.26 (KHTML, like Gecko) Version/6.0 Mobile/10A5355d Safari/8536.25"
41.59.205.255 - - [04/Apr/2018:14:35:22 ] "GET /seatposts HTTP/1.0" 200 4183 "http://www.google.com" "Mozilla/5.0 (Linux; U; Android 2.3.5; en-us; HTC Vision Build/GRI40) AppleWebKit/533.1 (KHTML, like Gecko) Version/4.0 Mobile Safari/533.1"
31.6.26.255 - - [04/Apr/2018:14:35:24 ] "GET /shifters HTTP/1.0" 200 2897 "http://yandex.ru" "Mozilla/5.0 (Windows NT 5.1; rv:31.0) Gecko/20100101 Firefox/31.0"
198.122.118.164 - - [04/Apr/2018:14:35:25 ] "GET /stems HTTP/1.0" 200 3706 "http://facebook.com" "Mozilla/5.0 (Macintosh; Intel Mac OS X 10_9_2) AppleWebKit/537.36 (KHTML, like Gecko) Chrome/36.0.1944.0 Safari/537.36"
233.192.62.103 - - [04/Apr/2018:14:35:28 ] "GET /saddles HTTP/1.0" 200 3078 "http://emsch.com" "Mozilla/5.0 (Windows; U; Windows NT 6.1; rv:2.2) Gecko/20110201"
43.239.248.14 - - [04/Apr/2018:14:35:31 ] "GET /index.html HTTP/1.0" 502 2658 "http://emsch.com" "Mozilla/5.0 (Linux; U; Android 2.3.5; en-us; HTC Vision Build/GRI40) AppleWebKit/533.1 (KHTML, like Gecko) Version/4.0 Mobile Safari/533.1"
233.192.62.103 - - [04/Apr/2018:14:35:32 ] "GET /stems HTTP/1.0" 200 2575 "http://emsch.com" "Mozilla/5.0 (Windows NT 5.1; rv:31.0) Gecko/20100101 Firefox/31.0"
237.43.24.118 - - [04/Apr/2018:14:35:34 ] "GET /forks HTTP/1.0" 200 4682 "http://www.google.com" "Mozilla/5.0 (Windows NT 5.1; rv:31.0) Gecko/20100101 Firefox/31.0"
2.18.87.100 - - [04/Apr/2018:14:35:36 ] "GET /stems HTTP/1.0" 200 2428 "http://facebook.com" "Mozilla/5.0 (iPad; CPU OS 6_0 like Mac OS X) AppleWebKit/536.26 (KHTML, like Gecko) Version/6.0 Mobile/10A5355d Safari/8536.25"
114.214.178.92 - - [04/Apr/2018:14:35:37 ] "GET /wheelsets HTTP/1.0" 200 4824 "-" "Mozilla/5.0 (Windows NT 5.1; rv:31.0) Gecko/20100101 Firefox/31.0"
179.93.224.246 - - [04/Apr/2018:14:35:40 ] "GET /shifters HTTP/1.0" 404 2315 "http://yandex.ru" "Mozilla/5.0 (Windows; U; MSIE 9.0; WIndows NT 9.0; en-US))"
31.6.26.180 - - [04/Apr/2018:14:35:41 ] "GET /shifters HTTP/1.0" 200 3144 "http://yandex.ru" "Mozilla/5.0 (Macintosh; Intel Mac OS X 10_9_2) AppleWebKit/537.36 (KHTML, like Gecko) Chrome/36.0.1944.0 Safari/537.36"
185.91.175.137 - - [04/Apr/2018:14:35:43 ] "GET /wheelsets HTTP/1.0" 200 2596 "http://emsch.com" "Mozilla/5.0 (iPad; CPU OS 6_0 like Mac OS X) AppleWebKit/536.26 (KHTML, like Gecko) Version/6.0 Mobile/10A5355d Safari/8536.25"
114.214.178.92 - - [04/Apr/2018:14:35:45 ] "GET /saddles HTTP/1.0" 200 4267 "http://emsch.com" "Mozilla/5.0 (Windows; U; MSIE 9.0; WIndows NT 9.0; en-US))"
185.91.175.255 - - [04/Apr/2018:14:35:48 ] "GET /wheelsets HTTP/1.0" 200 4442 "http://yandex.ru" "Mozilla/5.0 (iPad; CPU OS 6_0 like Mac OS X) AppleWebKit/536.26 (KHTML, like Gecko) Version/6.0 Mobile/10A5355d Safari/8536.25"
37.189.100.100 - - [04/Apr/2018:14:35:50 ] "GET /forks HTTP/1.0" 200 4036 "-" "Mozilla/5.0 (Windows; U; MSIE 9.0; WIndows NT 9.0; en-US))"
114.214.178.92 - - [04/Apr/2018:14:35:51 ] "GET /handle-bars HTTP/1.0" 200 2531 "http://emsch.com" "Mozilla/5.0 (Windows; U; MSIE 9.0; WIndows NT 9.0; en-US))"
5.149.239.255 - - [04/Apr/2018:14:35:54 ] "GET /wheelsets HTTP/1.0" 200 3900 "http://www.google.com" "Mozilla/5.0 (Windows; U; Windows NT 6.1; rv:2.2) Gecko/20110201"
41.59.25.12 - - [04/Apr/2018:14:35:57 ] "GET /saddles HTTP/1.0" 200 3066 "http://yandex.ru" "Mozilla/4.0 (compatible; MSIE 7.0; Windows NT 6.0)"
41.59.15.17 - - [04/Apr/2018:14:35:59 ] "GET /index.html HTTP/1.0" 502 4283 "http://yandex.ru" "Mozilla/5.0 (Windows NT 5.1; rv:31.0) Gecko/20100101 Firefox/31.0"
43.239.248.10 - - [04/Apr/2018:14:36:00 ] "GET /saddles HTTP/1.0" 200 2849 "http://emsch.com" "Mozilla/5.0 (Windows; U; MSIE 9.0; WIndows NT 9.0; en-US))"
31.47.255.255 - - [04/Apr/2018:14:36:03 ] "GET /stems HTTP/1.0" 200 4605 "http://yandex.ru" "Mozilla/5.0 (Windows NT 5.1; rv:31.0) Gecko/20100101 Firefox/31.0"
46.189.128.130 - - [04/Apr/2018:14:36:06 ] "GET /stems HTTP/1.0" 502 4076 "http://yandex.ru" "Mozilla/5.0 (Windows; U; Windows NT 6.1; rv:2.2) Gecko/20110201"
185.91.175.6 - - [04/Apr/2018:14:36:08 ] "GET /forks HTTP/1.0" 500 4404 "-" "Mozilla/5.0 (Windows NT 5.1; rv:31.0) Gecko/20100101 Firefox/31.0"
46.189.128.200 - - [04/Apr/2018:14:36:11 ] "GET /forks HTTP/1.0" 200 4607 "-" "Mozilla/5.0 (Macintosh; Intel Mac OS X 10_9_2) AppleWebKit/537.36 (KHTML, like Gecko) Chrome/36.0.1944.0 Safari/537.36"
2.18.87.222 - - [04/Apr/2018:14:36:14 ] "GET /index.html HTTP/1.0" 200 2497 "http://facebook.com" "Mozilla/5.0 (Linux; U; Android 2.3.5; en-us; HTC Vision Build/GRI40) AppleWebKit/533.1 (KHTML, like Gecko) Version/4.0 Mobile Safari/533.1"
2.17.218.1 - - [04/Apr/2018:14:36:16 ] "GET /stems HTTP/1.0" 200 4207 "http://www.google.com" "Mozilla/5.0 (Macintosh; Intel Mac OS X 10_9_2) AppleWebKit/537.36 (KHTML, like Gecko) Chrome/36.0.1944.0 Safari/537.36"
41.59.255.255 - - [04/Apr/2018:14:36:18 ] "GET /stems HTTP/1.0" 503 2110 "http://www.google.com" "Mozilla/5.0 (iPad; CPU OS 6_0 like Mac OS X) AppleWebKit/536.26 (KHTML, like Gecko) Version/6.0 Mobile/10A5355d Safari/8536.25"
179.93.224.109 - - [04/Apr/2018:14:36:19 ] "GET /seatposts HTTP/1.0" 200 4469 "-" "Mozilla/5.0 (Windows NT 5.1; rv:31.0) Gecko/20100101 Firefox/31.0"
179.93.224.39 - - [04/Apr/2018:14:36:22 ] "GET /seatposts HTTP/1.0" 200 2562 "http://yandex.ru" "Mozilla/5.0 (Windows; U; Windows NT 6.1; rv:2.2) Gecko/20110201"
2.18.87.10 - - [04/Apr/2018:14:36:24 ] "GET /Store/cart.jsp?productID=1328 HTTP/1.0" 200 2584 "http://emsch.com" "Mozilla/5.0 (Windows NT 5.1; rv:31.0) Gecko/20100101 Firefox/31.0"
198.122.118.164 - - [04/Apr/2018:14:36:26 ] "GET /stems HTTP/1.0" 200 3573 "http://emsch.com" "Mozilla/5.0 (iPad; CPU OS 6_0 like Mac OS X) AppleWebKit/536.26 (KHTML, like Gecko) Version/6.0 Mobile/10A5355d Safari/8536.25"
43.239.248.18 - - [04/Apr/2018:14:36:29 ] "GET /stems HTTP/1.0" 200 2199 "http://emsch.com" "Mozilla/4.0 (compatible; MSIE 7.0; Windows NT 6.0)"
114.214.178.92 - - [04/Apr/2018:14:36:32 ] "GET /saddles HTTP/1.0" 200 3336 "http://yandex.ru" "Mozilla/5.0 (Windows NT 5.1; rv:31.0) Gecko/20100101 Firefox/31.0"
2.18.87.20 - - [04/Apr/2018:14:36:34 ] "GET /seatposts HTTP/1.0" 200 4461 "http://emsch.com" "Mozilla/5.0 (Windows; U; Windows NT 6.1; rv:2.2) Gecko/20110201"
185.91.175.255 - - [04/Apr/2018:14:36:35 ] "GET /stems HTTP/1.0" 200 2413 "http://yandex.ru" "Mozilla/5.0 (Windows; U; MSIE 9.0; WIndows NT 9.0; en-US))"
179.93.224.149 - - [04/Apr/2018:14:36:36 ] "GET /index.html HTTP/1.0" 502 4161 "http://yandex.ru" "Mozilla/5.0 (iPad; CPU OS 6_0 like Mac OS X) AppleWebKit/536.26 (KHTML, like Gecko) Version/6.0 Mobile/10A5355d Safari/8536.25"
43.239.248.10 - - [04/Apr/2018:14:36:37 ] "GET /saddles HTTP/1.0" 200 3756 "http://yandex.ru" "Mozilla/5.0 (Windows; U; Windows NT 6.1; rv:2.2) Gecko/20110201"
31.6.26.190 - - [04/Apr/2018:14:36:40 ] "GET /seatposts HTTP/1.0" 502 4288 "http://emsch.com" "Mozilla/5.0 (Linux; U; Android 2.3.5; en-us; HTC Vision Build/GRI40) AppleWebKit/533.1 (KHTML, like Gecko) Version/4.0 Mobile Safari/533.1"
179.93.224.246 - - [04/Apr/2018:14:36:42 ] "GET /wheelsets HTTP/1.0" 200 3138 "-" "Mozilla/5.0 (iPad; CPU OS 6_0 like Mac OS X) AppleWebKit/536.26 (KHTML, like Gecko) Version/6.0 Mobile/10A5355d Safari/8536.25"
43.239.248.15 - - [04/Apr/2018:14:36:45 ] "GET /shifters HTTP/1.0" 200 4568 "http://emsch.com" "Mozilla/5.0 (iPad; CPU OS 6_0 like Mac OS X) AppleWebKit/536.26 (KHTML, like Gecko) Version/6.0 Mobile/10A5355d Safari/8536.25"
2.17.218.4 - - [04/Apr/2018:14:36:46 ] "GET /Store/cart.jsp?productID=1302 HTTP/1.0" 200 3265 "http://facebook.com" "Mozilla/5.0 (Linux; U; Android 2.3.5; en-us; HTC Vision Build/GRI40) AppleWebKit/533.1 (KHTML, like Gecko) Version/4.0 Mobile Safari/533.1"
31.6.26.133 - - [04/Apr/2018:14:36:47 ] "GET /forks HTTP/1.0" 403 2549 "http://facebook.com" "Mozilla/5.0 (Linux; U; Android 2.3.5; en-us; HTC Vision Build/GRI40) AppleWebKit/533.1 (KHTML, like Gecko) Version/4.0 Mobile Safari/533.1"
