2.17.218.0 - - [04/Apr/2018:14:45:56 ] "GET /seatposts HTTP/1.0" 200 4385 "http://emsch.com" "Mozilla/5.0 (Windows; U; MSIE 9.0; WIndows NT 9.0; en-US))"
2.18.87.30 - - [04/Apr/2018:14:45:57 ] "GET /forks HTTP/1.0" 200 2323 "http://emsch.com" "Mozilla/5.0 (Windows; U; Windows NT 6.1; rv:2.2) Gecko/20110201"
46.189.128.100 - - [04/Apr/2018:14:45:58 ] "GET /wheelsets HTTP/1.0" 200 2447 "http://emsch.com" "Mozilla/5.0 (Windows; U; MSIE 9.0; WIndows NT 9.0; en-US))"
218.193.16.244 - - [04/Apr/2018:14:45:59 ] "GET /seatposts HTTP/1.0" 200 3602 "-" "Mozilla/4.0 (compatible; MSIE 7.0; Windows NT 6.0)"
179.93.224.215 - - [04/Apr/2018:14:46:01 ] "GET /stems HTTP/1.0" 200 2591 "http://yandex.ru" "Mozilla/5.0 (Windows; U; MSIE 9.0; WIndows NT 9.0; en-US))"
31.6.26.190 - - [04/Apr/2018:14:46:03 ] "GET /handle-bars HTTP/1.0" 200 3868 "-" "Mozilla/5.0 (Windows; U; MSIE 9.0; WIndows NT 9.0; en-US))"
46.189.128.0 - - [04/Apr/2018:14:46:04 ] "GET /index.html HTTP/1.0" 200 2009 "-" "Mozilla/4.0 (compatible; MSIE 7.0; Windows NT 6.0)"
31.6.26.150 - - [04/Apr/2018:14:46:05 ] "GET /stems HTTP/1.0" 200 2495 "http://www.google.com" "Mozilla/5.0 (Windows; U; Windows NT 6.1; rv:2.2) Gecko/20110201"
31.47.255.255 - - [04/Apr/2018:14:46:06 ] "GET /Store/cart.jsp?productID=1207 HTTP/1.0" 200 4467 "http://yandex.ru" "Mozilla/5.0 (Windows; U; Windows NT 6.1; rv:2.2) Gecko/20110201"
179.93.224.141 - - [04/Apr/2018:14:46:08 ] "GET /index.html HTTP/1.0" 200 3846 "http://facebook.com" "Mozilla/5.0 (Windows; U; Windows NT 6.1; rv:2.2) Gecko/20110201"
31.6.26.190 - - [04/Apr/2018:14:46:11 ] "GET /saddles HTTP/1.0" 200 2128 "http://facebook.com" "Mozilla/5.0 (Macintosh; Intel Mac OS X 10_9_2) AppleWebKit/537.36 (KHTML, like Gecko) Chrome/36.0.1944.0 Safari/537.36"
41.59.25.12 - - [04/Apr/2018:14:46:13 ] "GET /wheelsets HTTP/1.0" 200 4627 "http://www.google.com" "Mozilla/5.0 (Windows; U; MSIE 9.0; WIndows NT 9.0; en-US))"
31.6.26.180 - - [04/Apr/2018:14:46:15 ] "GET /index.html HTTP/1.0" 200 2499 "http://facebook.com" "Mozilla/5.0 (Linux; U; Android 2.3.5; en-us; HTC Vision Build/GRI40) AppleWebKit/533.1 (KHTML, like Gecko) Version/4.0 Mobile Safari/533.1"
31.6.26.128 - - [04/Apr/2018:14:46:16 ] "GET /index.html HTTP/1.0" 200 2922 "-" "Mozilla/5.0 (Windows; U; Windows NT 6.1; rv:2.2) Gecko/20110201"
179.93.224.141 - - [04/Apr/2018:14:46:19 ] "GET /shifters HTTP/1.0" 403 3992 "http://facebook.com" "Mozilla/5.0 (Macintosh; Intel Mac OS X 10_9_2) AppleWebKit/537.36 (KHTML, like Gecko) Chrome/36.0.1944.0 Safari/537.36"
41.59.255.255 - - [04/Apr/2018:14:46:20 ] "GET /saddles HTTP/1.0" 200 2553 "http://facebook.com" "Mozilla/5.0 (Windows; U; Windows NT 6.1; rv:2.2) Gecko/20110201"
16.180.70.237 - - [04/Apr/2018:14:46:22 ] "GET /shifters HTTP/1.0" 200 3997 "http://yandex.ru" "Mozilla/4.0 (compatible; MSIE 7.0; Windows NT 6.0)"
179.93.224.39 - - [04/Apr/2018:14:46:25 ] "GET /saddles HTTP/1.0" 200 4398 "http://emsch.com" "Mozilla/5.0 (Linux; U; Android 2.3.5; en-us; HTC Vision Build/GRI40) AppleWebKit/533.1 (KHTML, like Gecko) Version/4.0 Mobile Safari/533.1"
179.93.224.215 - - [04/Apr/2018:14:46:26 ] "GET /stems HTTP/1.0" 500 4926 "http://facebook.com" "Mozilla/5.0 (Macintosh; Intel Mac OS X 10_9_2) AppleWebKit/537.36 (KHTML, like Gecko) Chrome/36.0.1944.0 Safari/537.36"
43.239.248.16 - - [04/Apr/2018:14:46:27 ] "GET /saddles HTTP/1.0" 404 4612 "http://www.google.com" "Mozilla/5.0 (Windows NT 5.1; rv:31.0) Gecko/20100101 Firefox/31.0"
114.214.178.92 - - [04/Apr/2018:14:46:29 ] "GET /stems HTTP/1.0" 200 4242 "http://www.google.com" "Mozilla/5.0 (Linux; U; Android 2.3.5; en-us; HTC Vision Build/GRI40) AppleWebKit/533.1 (KHTML, like Gecko) Version/4.0 Mobile Safari/533.1"
43.239.248.0 - - [04/Apr/2018:14:46:30 ] "GET /stems HTTP/1.0" 200 2954 "-" "Mozilla/5.0 (Linux; U; Android 2.3.5; en-us; HTC Vision Build/GRI40) AppleWebKit/533.1 (KHTML, like Gecko) Version/4.0 Mobile Safari/533.1"
179.93.224.141 - - [04/Apr/2018:14:46:31 ] "GET /saddles HTTP/1.0" 200 3043 "-" "Mozilla/5.0 (iPad; CPU OS 6_0 like Mac OS X) AppleWebKit/536.26 (KHTML, like Gecko) Version/6.0 Mobile/10A5355d Safari/8536.25"
46.189.127.255 - - [04/Apr/2018:14:46:33 ] "GET /Store/cart.jsp?productID=1018 HTTP/1.0" 500 4832 "http://emsch.com" "Mozilla/5.0 (Windows; U; MSIE 9.0; WIndows NT 9.0; en-US))"
43.239.248.10 - - [04/Apr/2018:14:46:34 ] "GET /forks HTTP/1.0" 200 4824 "http://emsch.com" "Mozilla/5.0 (iPad; CPU OS 6_0 like Mac OS X) AppleWebKit/536.26 (KHTML, like Gecko) Version/6.0 Mobile/10A5355d Safari/8536.25"
31.6.26.133 - - [04/Apr/2018:14:46:36 ] "GET /stems HTTP/1.0" 200 3283 "http://yandex.ru" "Mozilla/5.0 (Windows; U; MSIE 9.0; WIndows NT 9.0; en-US))"
43.239.248.16 - - [04/Apr/2018:14:46:37 ] "GET /seatposts HTTP/1.0" 200 3730 "http://facebook.com" "Mozilla/5.0 (Macintosh; Intel Mac OS X 10_9_2) AppleWebKit/537.36 (KHTML, like Gecko) Chrome/36.0.1944.0 Safari/537.36"
2.17.218.200 - - [04/Apr/2018:14:46:38 ] "GET /saddles HTTP/1.0" 403 4203 "http://www.google.com" "Mozilla/5.0 (Windows; U; Windows NT 6.1; rv:2.2) Gecko/20110201"
31.6.26.150 - - [04/Apr/2018:14:46:41 ] "GET /handle-bars HTTP/1.0" 200 4619 "-" "Mozilla/5.0 (Macintosh; Intel Mac OS X 10_9_2) AppleWebKit/537.36 (KHTML, like Gecko) Chrome/36.0.1944.0 Safari/537.36"
2.17.218.0 - - [04/Apr/2018:14:46:44 ] "GET /forks HTTP/1.0" 200 4569 "http://yandex.ru" "Mozilla/5.0 (iPad; CPU OS 6_0 like Mac OS X) AppleWebKit/536.26 (KHTML, like Gecko) Version/6.0 Mobile/10A5355d Safari/8536.25"
31.47.255.255 - - [04/Apr/2018:14:46:47 ] "GET /saddles HTTP/1.0" 200 4733 "http://facebook.com" "Mozilla/5.0 (Windows; U; MSIE 9.0; WIndows NT 9.0; en-US))"
81.73.150.239 - - [04/Apr/2018:14:46:48 ] "GET /wheelsets HTTP/1.0" 200 4530 "http://facebook.com" "Mozilla/5.0 (Linux; U; Android 2.3.5; en-us; HTC Vision Build/GRI40) AppleWebKit/533.1 (KHTML, like Gecko) Version/4.0 Mobile Safari/533.1"
37.189.100.100 - - [04/Apr/2018:14:46:49 ] "GET /wheelsets HTTP/1.0" 200 4398 "http://www.google.com" "Mozilla/5.0 (iPad; CPU OS 6_0 like Mac OS X) AppleWebKit/536.26 (KHTML, like Gecko) Version/6.0 Mobile/10A5355d Safari/8536.25"
43.239.248.16 - - [04/Apr/2018:14:46:50 ] "GET /Store/cart.jsp?productID=1177 HTTP/1.0" 200 4726 "-" "Mozilla/5.0 (Windows; U; MSIE 9.0; WIndows NT 9.0; en-US))"
179.93.224.149 - - [04/Apr/2018:14:46:52 ] "GET /wheelsets HTTP/1.0" 503 4038 "http://www.google.com" "Mozilla/5.0 (Macintosh; Intel Mac OS X 10_9_2) AppleWebKit/537.36 (KHTML, like Gecko) Chrome/36.0.1944.0 Safari/537.36"
37.189.100.100 - - [04/Apr/2018:14:46:55 ] "GET /wheelsets HTTP/1.0" 200 4333 "http://emsch.com" "Mozilla/5.0 (Windows NT 5.1; rv:31.0) Gecko/20100101 Firefox/31.0"
185.91.175.255 - - [04/Apr/2018:14:46:56 ] "GET /Store/cart.jsp?productID=1246 HTTP/1.0" 200 4318 "http://facebook.com" "Mozilla/4.0 (compatible; MSIE 7.0; Windows NT 6.0)"
31.6.26.128 - - [04/Apr/2018:14:46:59 ] "GET /wheelsets HTTP/1.0" 200 3204 "http://yandex.ru" "Mozilla/5.0 (Linux; U; Android 2.3.5; en-us; HTC Vision Build/GRI40) AppleWebKit/533.1 (KHTML, like Gecko) Version/4.0 Mobile Safari/533.1"
10.182.189.79 - - [04/Apr/2018:14:47:01 ] "GET /Store/cart.jsp?productID=1232 HTTP/1.0" 200 4052 "http://www.google.com" "Mozilla/5.0 (Windows; U; Windows NT 6.1; rv:2.2) Gecko/20110201"
2.18.87.10 - - [04/Apr/2018:14:47:03 ] "GET /seatposts HTTP/1.0" 200 3466 "http://facebook.com" "Mozilla/5.0 (Windows; U; MSIE 9.0; WIndows NT 9.0; en-US))"
46.189.128.130 - - [04/Apr/2018:14:47:04 ] "GET /handle-bars HTTP/1.0" 200 4890 "-" "Mozilla/5.0 (Macintosh; Intel Mac OS X 10_9_2) AppleWebKit/537.36 (KHTML, like Gecko) Chrome/36.0.1944.0 Safari/537.36"
43.239.248.10 - - [04/Apr/2018:14:47:07 ] "GET /forks HTTP/1.0" 200 2087 "http://emsch.com" "Mozilla/5.0 (Windows; U; Windows NT 6.1; rv:2.2) Gecko/20110201"
185.91.175.13 - - [04/Apr/2018:14:47:09 ] "GET /saddles HTTP/1.0" 200 4208 "http://emsch.com" "Mozilla/5.0 (Windows; U; Windows NT 6.1; rv:2.2) Gecko/20110201"
41.59.255.215 - - [04/Apr/2018:14:47:12 ] "GET /handle-bars HTTP/1.0" 200 2078 "-" "Mozilla/5.0 (Windows NT 5.1; rv:31.0) Gecko/20100101 Firefox/31.0"
43.239.248.10 - - [04/Apr/2018:14:47:15 ] "GET /forks HTTP/1.0" 503 4450 "http://www.google.com" "Mozilla/5.0 (Windows; U; MSIE 9.0; WIndows NT 9.0; en-US))"
2.17.218.1 - - [04/Apr/2018:14:47:17 ] "GET /forks HTTP/1.0" 200 3483 "http://facebook.com" "Mozilla/5.0 (Windows NT 5.1; rv:31.0) Gecko/20100101 Firefox/31.0"
41.59.255.255 - - [04/Apr/2018:14:47:20 ] "GET /Store/cart.jsp?productID=1182 HTTP/1.0" 200 4752 "-" "Mozilla/5.0 (iPad; CPU OS 6_0 like Mac OS X) AppleWebKit/536.26 (KHTML, like Gecko) Version/6.0 Mobile/10A5355d Safari/8536.25"
37.189.100.100 - - [04/Apr/2018:14:47:23 ] "GET /forks HTTP/1.0" 200 2090 "http://emsch.com" "Mozilla/5.0 (Windows; U; MSIE 9.0; WIndows NT 9.0; en-US))"
244.157.45.12 - - [04/Apr/2018:14:47:24 ] "GET /seatposts HTTP/1.0" 200 4867 "http://facebook.com" "Mozilla/5.0 (Windows NT 5.1; rv:31.0) Gecko/20100101 Firefox/31.0"
123.221.14.56 - - [04/Apr/2018:14:47:26 ] "GET /index.html HTTP/1.0" 200 4281 "http://yandex.ru" "Mozilla/5.0 (iPad; CPU OS 6_0 like Mac OS X) AppleWebKit/536.26 (KHTML, like Gecko) Version/6.0 Mobile/10A5355d Safari/8536.25"
2.17.218.2 - - [04/Apr/2018:14:47:28 ] "GET /saddles HTTP/1.0" 503 3336 "http://emsch.com" "Mozilla/5.0 (Windows; U; Windows NT 6.1; rv:2.2) Gecko/20110201"
41.59.255.255 - - [04/Apr/2018:14:47:31 ] "GET /saddles HTTP/1.0" 403 4634 "http://facebook.com" "Mozilla/5.0 (Windows NT 5.1; rv:31.0) Gecko/20100101 Firefox/31.0"
41.59.25.12 - - [04/Apr/2018:14:47:33 ] "GET /seatposts HTTP/1.0" 200 3890 "http://www.google.com" "Mozilla/4.0 (compatible; MSIE 7.0; Windows NT 6.0)"
244.157.45.12 - - [04/Apr/2018:14:47:34 ] "GET /Store/cart.jsp?productID=1340 HTTP/1.0" 200 4781 "http://www.google.com" "Mozilla/5.0 (Windows; U; Windows NT 6.1; rv:2.2) Gecko/20110201"
179.93.224.246 - - [04/Apr/2018:14:47:35 ] "GET /seatposts HTTP/1.0" 502 2651 "-" "Mozilla/5.0 (iPad; CPU OS 6_0 like Mac OS X) AppleWebKit/536.26 (KHTML, like Gecko) Version/6.0 Mobile/10A5355d Safari/8536.25"
31.6.26.128 - - [04/Apr/2018:14:47:36 ] "GET /forks HTTP/1.0" 200 3869 "http://www.google.com" "Mozilla/5.0 (Macintosh; Intel Mac OS X 10_9_2) AppleWebKit/537.36 (KHTML, like Gecko) Chrome/36.0.1944.0 Safari/537.36"
46.189.128.150 - - [04/Apr/2018:14:47:37 ] "GET /Store/cart.jsp?productID=1357 HTTP/1.0" 500 2648 "http://facebook.com" "Mozilla/5.0 (Macintosh; Intel Mac OS X 10_9_2) AppleWebKit/537.36 (KHTML, like Gecko) Chrome/36.0.1944.0 Safari/537.36"
185.91.175.13 - - [04/Apr/2018:14:47:40 ] "GET /seatposts HTTP/1.0" 200 3749 "http://facebook.com" "Mozilla/5.0 (Linux; U; Android 2.3.5; en-us; HTC Vision Build/GRI40) AppleWebKit/533.1 (KHTML, like Gecko) Version/4.0 Mobile Safari/533.1"
185.91.175.105 - - [04/Apr/2018:14:47:41 ] "GET /shifters HTTP/1.0" 200 3399 "http://emsch.com" "Mozilla/4.0 (compatible; MSIE 7.0; Windows NT 6.0)"
237.43.24.118 - - [04/Apr/2018:14:47:44 ] "GET /index.html HTTP/1.0" 200 4800 "http://www.google.com" "Mozilla/5.0 (Windows; U; Windows NT 6.1; rv:2.2) Gecko/20110201"
185.91.175.216 - - [04/Apr/2018:14:47:45 ] "GET /handle-bars HTTP/1.0" 200 4544 "http://facebook.com" "Mozilla/5.0 (Windows NT 5.1; rv:31.0) Gecko/20100101 Firefox/31.0"
37.189.101.103 - - [04/Apr/2018:14:47:46 ] "GET /index.html HTTP/1.0" 200 2061 "http://emsch.com" "Mozilla/5.0 (Macintosh; Intel Mac OS X 10_9_2) AppleWebKit/537.36 (KHTML, like Gecko) Chrome/36.0.1944.0 Safari/537.36"
2.18.87.10 - - [04/Apr/2018:14:47:49 ] "GET /forks HTTP/1.0" 502 3856 "http://yandex.ru" "Mozilla/4.0 (compatible; MSIE 7.0; Windows NT 6.0)"
179.93.224.246 - - [04/Apr/2018:14:47:51 ] "GET /handle-bars HTTP/1.0" 200 2565 "http://www.google.com" "Mozilla/5.0 (Macintosh; Intel Mac OS X 10_9_2) AppleWebKit/537.36 (KHTML, like Gecko) Chrome/36.0.1944.0 Safari/537.36"
37.189.101.103 - - [04/Apr/2018:14:47:54 ] "GET /wheelsets HTTP/1.0" 403 4527 "http://yandex.ru" "Mozilla/5.0 (iPad; CPU OS 6_0 like Mac OS X) AppleWebKit/536.26 (KHTML, like Gecko) Version/6.0 Mobile/10A5355d Safari/8536.25"
5.10.63.255 - - [04/Apr/2018:14:47:57 ] "GET /forks HTTP/1.0" 200 3236 "http://yandex.ru" "Mozilla/5.0 (iPad; CPU OS 6_0 like Mac OS X) AppleWebKit/536.26 (KHTML, like Gecko) Version/6.0 Mobile/10A5355d Safari/8536.25"
2.17.218.0 - - [04/Apr/2018:14:48:00 ] "GET /seatposts HTTP/1.0" 200 4816 "http://facebook.com" "Mozilla/5.0 (Macintosh; Intel Mac OS X 10_9_2) AppleWebKit/537.36 (KHTML, like Gecko) Chrome/36.0.1944.0 Safari/537.36"
2.18.87.20 - - [04/Apr/2018:14:48:02 ] "GET /saddles HTTP/1.0" 200 4012 "http://emsch.com" "Mozilla/5.0 (iPad; CPU OS 6_0 like Mac OS X) AppleWebKit/536.26 (KHTML, like Gecko) Version/6.0 Mobile/10A5355d Safari/8536.25"
218.193.16.244 - - [04/Apr/2018:14:48:04 ] "GET /shifters HTTP/1.0" 200 2329 "http://emsch.com" "Mozilla/5.0 (Macintosh; Intel Mac OS X 10_9_2) AppleWebKit/537.36 (KHTML, like Gecko) Chrome/36.0.1944.0 Safari/537.36"
43.239.248.15 - - [04/Apr/2018:14:48:05 ] "GET /seatposts HTTP/1.0" 200 2499 "http://yandex.ru" "Mozilla/5.0 (Windows NT 5.1; rv:31.0) Gecko/20100101 Firefox/31.0"
179.93.224.246 - - [04/Apr/2018:14:48:07 ] "GET /Store/cart.jsp?productID=1200 HTTP/1.0" 200 4916 "http://emsch.com" "Mozilla/5.0 (Windows NT 5.1; rv:31.0) Gecko/20100101 Firefox/31.0"
2.17.218.102 - - [04/Apr/2018:14:48:09 ] "GET /seatposts HTTP/1.0" 200 3237 "http://yandex.ru" "Mozilla/5.0 (Windows; U; Windows NT 6.1; rv:2.2) Gecko/20110201"
41.59.25.12 - - [04/Apr/2018:14:48:12 ] "GET /saddles HTTP/1.0" 502 4062 "-" "Mozilla/5.0 (Windows; U; MSIE 9.0; WIndows NT 9.0; en-US))"
233.192.62.103 - - [04/Apr/2018:14:48:13 ] "GET /index.html HTTP/1.0" 200 3257 "http://yandex.ru" "Mozilla/5.0 (Windows; U; Windows NT 6.1; rv:2.2) Gecko/20110201"
179.93.224.215 - - [04/Apr/2018:14:48:15 ] "GET /index.html HTTP/1.0" 200 4324 "-" "Mozilla/5.0 (Windows; U; Windows NT 6.1; rv:2.2) Gecko/20110201"
179.93.224.215 - - [04/Apr/2018:14:48:18 ] "GET /index.html HTTP/1.0" 200 4469 "http://yandex.ru" "Mozilla/5.0 (Macintosh; Intel Mac OS X 10_9_2) AppleWebKit/537.36 (KHTML, like Gecko) Chrome/36.0.1944.0 Safari/537.36"
2.18.87.0 - - [04/Apr/2018:14:48:19 ] "GET /handle-bars HTTP/1.0" 200 4815 "http://www.google.com" "Mozilla/5.0 (Windows; U; Windows NT 6.1; rv:2.2) Gecko/20110201"
43.239.248.0 - - [04/Apr/2018:14:48:20 ] "GET /Store/cart.jsp?productID=1355 HTTP/1.0" 200 2227 "http://yandex.ru" "Mozilla/5.0 (Linux; U; Android 2.3.5; en-us; HTC Vision Build/GRI40) AppleWebKit/533.1 (KHTML, like Gecko) Version/4.0 Mobile Safari/533.1"
16.180.70.237 - - [04/Apr/2018:14:48:21 ] "GET /index.html HTTP/1.0" 200 4893 "http://yandex.ru" "Mozilla/5.0 (Windows; U; Windows NT 6.1; rv:2.2) Gecko/20110201"
123.221.14.56 - - [04/Apr/2018:14:48:22 ] "GET /forks HTTP/1.0" 200 3311 "http://yandex.ru" "Mozilla/5.0 (iPad; CPU OS 6_0 like Mac OS X) AppleWebKit/536.26 (KHTML, like Gecko) Version/6.0 Mobile/10A5355d Safari/8536.25"
185.91.175.74 - - [04/Apr/2018:14:48:25 ] "GET /forks HTTP/1.0" 502 4210 "http://yandex.ru" "Mozilla/5.0 (Windows; U; Windows NT 6.1; rv:2.2) Gecko/20110201"
185.91.175.74 - - [04/Apr/2018:14:48:26 ] "GET /shifters HTTP/1.0" 200 4293 "-" "Mozilla/5.0 (iPad; CPU OS 6_0 like Mac OS X) AppleWebKit/536.26 (KHTML, like Gecko) Version/6.0 Mobile/10A5355d Safari/8536.25"
43.239.248.10 - - [04/Apr/2018:14:48:29 ] "GET /saddles HTTP/1.0" 200 2203 "-" "Mozilla/4.0 (compatible; MSIE 7.0; Windows NT 6.0)"
218.193.16.244 - - [04/Apr/2018:14:48:31 ] "GET /saddles HTTP/1.0" 200 4673 "http://yandex.ru" "Mozilla/5.0 (Macintosh; Intel Mac OS X 10_9_2) AppleWebKit/537.36 (KHTML, like Gecko) Chrome/36.0.1944.0 Safari/537.36"
218.193.16.244 - - [04/Apr/2018:14:48:34 ] "GET /forks HTTP/1.0" 200 2059 "http://emsch.com" "Mozilla/5.0 (Windows NT 5.1; rv:31.0) Gecko/20100101 Firefox/31.0"
179.93.224.109 - - [04/Apr/2018:14:48:36 ] "GET /seatposts HTTP/1.0" 500 4380 "http://facebook.com" "Mozilla/5.0 (Linux; U; Android 2.3.5; en-us; HTC Vision Build/GRI40) AppleWebKit/533.1 (KHTML, like Gecko) Version/4.0 Mobile Safari/533.1"
5.149.239.255 - - [04/Apr/2018:14:48:38 ] "GET /seatposts HTTP/1.0" 200 2747 "-" "Mozilla/5.0 (Windows; U; MSIE 9.0; WIndows NT 9.0; en-US))"
43.239.248.20 - - [04/Apr/2018:14:48:39 ] "GET /forks HTTP/1.0" 200 3481 "http://yandex.ru" "Mozilla/5.0 (Windows NT 5.1; rv:31.0) Gecko/20100101 Firefox/31.0"
5.10.63.255 - - [04/Apr/2018:14:48:42 ] "GET /seatposts HTTP/1.0" 200 2355 "http://www.google.com" "Mozilla/5.0 (Windows; U; MSIE 9.0; WIndows NT 9.0; en-US))"
179.93.224.149 - - [04/Apr/2018:14:48:44 ] "GET /stems HTTP/1.0" 200 4504 "http://emsch.com" "Mozilla/5.0 (Macintosh; Intel Mac OS X 10_9_2) AppleWebKit/537.36 (KHTML, like Gecko) Chrome/36.0.1944.0 Safari/537.36"
46.189.128.150 - - [04/Apr/2018:14:48:45 ] "GET /index.html HTTP/1.0" 200 3501 "-" "Mozilla/5.0 (Windows; U; Windows NT 6.1; rv:2.2) Gecko/20110201"
43.239.248.16 - - [04/Apr/2018:14:48:46 ] "GET /forks HTTP/1.0" 404 4413 "http://www.google.com" "Mozilla/5.0 (Windows NT 5.1; rv:31.0) Gecko/20100101 Firefox/31.0"
10.182.189.79 - - [04/Apr/2018:14:48:49 ] "GET /shifters HTTP/1.0" 403 3730 "http://www.google.com" "Mozilla/5.0 (Windows; U; Windows NT 6.1; rv:2.2) Gecko/20110201"
2.18.87.222 - - [04/Apr/2018:14:48:51 ] "GET /Store/cart.jsp?productID=1235 HTTP/1.0" 200 3683 "http://www.google.com" "Mozilla/5.0 (Windows NT 5.1; rv:31.0) Gecko/20100101 Firefox/31.0"
41.59.15.17 - - [04/Apr/2018:14:48:54 ] "GET /forks HTTP/1.0" 200 2676 "-" "Mozilla/5.0 (iPad; CPU OS 6_0 like Mac OS X) AppleWebKit/536.26 (KHTML, like Gecko) Version/6.0 Mobile/10A5355d Safari/8536.25"
43.239.248.10 - - [04/Apr/2018:14:48:56 ] "GET /index.html HTTP/1.0" 200 3638 "http://yandex.ru" "Mozilla/5.0 (Windows; U; Windows NT 6.1; rv:2.2) Gecko/20110201"
185.91.175.6 - - [04/Apr/2018:14:48:58 ] "GET /forks HTTP/1.0" 200 3163 "http://emsch.com" "Mozilla/5.0 (Windows; U; MSIE 9.0; WIndows NT 9.0; en-US))"
31.47.255.255 - - [04/Apr/2018:14:49:01 ] "GET /saddles HTTP/1.0" 200 3213 "http://yandex.ru" "Mozilla/5.0 (Macintosh; Intel Mac OS X 10_9_2) AppleWebKit/537.36 (KHTML, like Gecko) Chrome/36.0.1944.0 Safari/537.36"
233.192.62.103 - - [04/Apr/2018:14:49:04 ] "GET /wheelsets HTTP/1.0" 403 4969 "-" "Mozilla/5.0 (Windows; U; MSIE 9.0; WIndows NT 9.0; en-US))"
43.239.248.15 - - [04/Apr/2018:14:49:05 ] "GET /handle-bars HTTP/1.0" 200 3525 "http://yandex.ru" "Mozilla/4.0 (compatible; MSIE 7.0; Windows NT 6.0)"
41.59.255.255 - - [04/Apr/2018:14:49:07 ] "GET /seatposts HTTP/1.0" 500 2045 "http://www.google.com" "Mozilla/5.0 (Windows NT 5.1; rv:31.0) Gecko/20100101 Firefox/31.0"
2.17.218.1 - - [04/Apr/2018:14:49:09 ] "GET /wheelsets HTTP/1.0" 503 2635 "http://yandex.ru" "Mozilla/5.0 (Windows; U; Windows NT 6.1; rv:2.2) Gecko/20110201"
185.91.175.255 - - [04/Apr/2018:14:49:10 ] "GET /saddles HTTP/1.0" 200 2630 "http://facebook.com" "Mozilla/5.0 (Macintosh; Intel Mac OS X 10_9_2) AppleWebKit/537.36 (KHTML, like Gecko) Chrome/36.0.1944.0 Safari/537.36"
31.6.26.180 - - [04/Apr/2018:14:49:13 ] "GET /shifters HTTP/1.0" 503 4586 "http://www.google.com" "Mozilla/5.0 (iPad; CPU OS 6_0 like Mac OS X) AppleWebKit/536.26 (KHTML, like Gecko) Version/6.0 Mobile/10A5355d Safari/8536.25"
46.189.128.150 - - [04/Apr/2018:14:49:16 ] "GET /index.html HTTP/1.0" 200 2104 "http://facebook.com" "Mozilla/5.0 (Linux; U; Android 2.3.5; en-us; HTC Vision Build/GRI40) AppleWebKit/533.1 (KHTML, like Gecko) Version/4.0 Mobile Safari/533.1"
41.59.255.215 - - [04/Apr/2018:14:49:17 ] "GET /handle-bars HTTP/1.0" 200 2128 "http://facebook.com" "Mozilla/5.0 (Macintosh; Intel Mac OS X 10_9_2) AppleWebKit/537.36 (KHTML, like Gecko) Chrome/36.0.1944.0 Safari/537.36"
233.192.62.103 - - [04/Apr/2018:14:49:20 ] "GET /wheelsets HTTP/1.0" 200 2968 "http://facebook.com" "Mozilla/5.0 (iPad; CPU OS 6_0 like Mac OS X) AppleWebKit/536.26 (KHTML, like Gecko) Version/6.0 Mobile/10A5355d Safari/8536.25"
218.193.16.244 - - [04/Apr/2018:14:49:23 ] "GET /index.html HTTP/1.0" 200 2688 "http://yandex.ru" "Mozilla/4.0 (compatible; MSIE 7.0; Windows NT 6.0)"
37.189.100.100 - - [04/Apr/2018:14:49:24 ] "GET /forks HTTP/1.0" 500 3781 "http://facebook.com" "Mozilla/5.0 (Windows NT 5.1; rv:31.0) Gecko/20100101 Firefox/31.0"
31.6.26.128 - - [04/Apr/2018:14:49:25 ] "GET /stems HTTP/1.0" 500 3143 "http://emsch.com" "Mozilla/5.0 (Windows; U; MSIE 9.0; WIndows NT 9.0; en-US))"
46.189.127.255 - - [04/Apr/2018:14:49:26 ] "GET /handle-bars HTTP/1.0" 200 2011 "http://emsch.com" "Mozilla/4.0 (compatible; MSIE 7.0; Windows NT 6.0)"
43.239.248.14 - - [04/Apr/2018:14:49:28 ] "GET /seatposts HTTP/1.0" 200 4434 "-" "Mozilla/5.0 (Windows; U; MSIE 9.0; WIndows NT 9.0; en-US))"
46.189.128.100 - - [04/Apr/2018:14:49:30 ] "GET /index.html HTTP/1.0" 200 2645 "http://yandex.ru" "Mozilla/5.0 (Windows; U; MSIE 9.0; WIndows NT 9.0; en-US))"
2.18.87.30 - - [04/Apr/2018:14:49:32 ] "GET /stems HTTP/1.0" 200 4018 "http://yandex.ru" "Mozilla/5.0 (Linux; U; Android 2.3.5; en-us; HTC Vision Build/GRI40) AppleWebKit/533.1 (KHTML, like Gecko) Version/4.0 Mobile Safari/533.1"
31.6.26.180 - - [04/Apr/2018:14:49:34 ] "GET /shifters HTTP/1.0" 200 2314 "http://www.google.com" "Mozilla/5.0 (Windows NT 5.1; rv:31.0) Gecko/20100101 Firefox/31.0"
2.18.87.0 - - [04/Apr/2018:14:49:37 ] "GET /Store/cart.jsp?productID=1362 HTTP/1.0" 200 4936 "http://www.google.com" "Mozilla/5.0 (Linux; U; Android 2.3.5; en-us; HTC Vision Build/GRI40) AppleWebKit/533.1 (KHTML, like Gecko) Version/4.0 Mobile Safari/533.1"
2.18.87.222 - - [04/Apr/2018:14:49:38 ] "GET /stems HTTP/1.0" 200 3888 "http://yandex.ru" "Mozilla/5.0 (Windows NT 5.1; rv:31.0) Gecko/20100101 Firefox/31.0"
2.18.87.10 - - [04/Apr/2018:14:49:39 ] "GET /seatposts HTTP/1.0" 200 3140 "http://emsch.com" "Mozilla/4.0 (compatible; MSIE 7.0; Windows NT 6.0)"
31.6.26.255 - - [04/Apr/2018:14:49:42 ] "GET /forks HTTP/1.0" 200 4561 "http://www.google.com" "Mozilla/5.0 (Windows; U; Windows NT 6.1; rv:2.2) Gecko/20110201"
185.91.175.6 - - [04/Apr/2018:14:49:44 ] "GET /wheelsets HTTP/1.0" 200 4525 "http://facebook.com" "Mozilla/5.0 (Windows; U; Windows NT 6.1; rv:2.2) Gecko/20110201"
2.17.218.0 - - [04/Apr/2018:14:49:46 ] "GET /seatposts HTTP/1.0" 200 4519 "http://emsch.com" "Mozilla/5.0 (Macintosh; Intel Mac OS X 10_9_2) AppleWebKit/537.36 (KHTML, like Gecko) Chrome/36.0.1944.0 Safari/537.36"
43.239.248.15 - - [04/Apr/2018:14:49:48 ] "GET /index.html HTTP/1.0" 200 2076 "http://emsch.com" "Mozilla/5.0 (iPad; CPU OS 6_0 like Mac OS X) AppleWebKit/536.26 (KHTML, like Gecko) Version/6.0 Mobile/10A5355d Safari/8536.25"
2.18.87.222 - - [04/Apr/2018:14:49:51 ] "GET /shifters HTTP/1.0" 200 3119 "http://facebook.com" "Mozilla/4.0 (compatible; MSIE 7.0; Windows NT 6.0)"
16.180.70.237 - - [04/Apr/2018:14:49:54 ] "GET /stems HTTP/1.0" 200 2539 "-" "Mozilla/4.0 (compatible; MSIE 7.0; Windows NT 6.0)"
179.93.224.109 - - [04/Apr/2018:14:49:55 ] "GET /saddles HTTP/1.0" 200 3473 "http://facebook.com" "Mozilla/5.0 (Macintosh; Intel Mac OS X 10_9_2) AppleWebKit/537.36 (KHTML, like Gecko) Chrome/36.0.1944.0 Safari/537.36"
41.59.255.255 - - [04/Apr/2018:14:49:57 ] "GET /index.html HTTP/1.0" 200 2337 "http://facebook.com" "Mozilla/5.0 (Windows; U; Windows NT 6.1; rv:2.2) Gecko/20110201"
81.73.150.239 - - [04/Apr/2018:14:49:59 ] "GET /seatposts HTTP/1.0" 200 4667 "http://emsch.com" "Mozilla/5.0 (Linux; U; Android 2.3.5; en-us; HTC Vision Build/GRI40) AppleWebKit/533.1 (KHTML, like Gecko) Version/4.0 Mobile Safari/533.1"
31.6.26.150 - - [04/Apr/2018:14:50:02 ] "GET /shifters HTTP/1.0" 200 2143 "http://yandex.ru" "Mozilla/4.0 (compatible; MSIE 7.0; Windows NT 6.0)"
185.91.175.216 - - [04/Apr/2018:14:50:05 ] "GET /saddles HTTP/1.0" 404 2424 "http://facebook.com" "Mozilla/5.0 (iPad; CPU OS 6_0 like Mac OS X) AppleWebKit/536.26 (KHTML, like Gecko) Version/6.0 Mobile/10A5355d Safari/8536.25"
46.189.128.100 - - [04/Apr/2018:14:50:07 ] "GET /forks HTTP/1.0" 200 4151 "http://emsch.com" "Mozilla/5.0 (Macintosh; Intel Mac OS X 10_9_2) AppleWebKit/537.36 (KHTML, like Gecko) Chrome/36.0.1944.0 Safari/537.36"
179.93.224.141 - - [04/Apr/2018:14:50:09 ] "GET /index.html HTTP/1.0" 403 2128 "http://emsch.com" "Mozilla/5.0 (Linux; U; Android 2.3.5; en-us; HTC Vision Build/GRI40) AppleWebKit/533.1 (KHTML, like Gecko) Version/4.0 Mobile Safari/533.1"
43.239.248.16 - - [04/Apr/2018:14:50:10 ] "GET /wheelsets HTTP/1.0" 403 3185 "http://emsch.com" "Mozilla/5.0 (Windows NT 5.1; rv:31.0) Gecko/20100101 Firefox/31.0"
185.91.175.137 - - [04/Apr/2018:14:50:12 ] "GET /Store/cart.jsp?productID=1111 HTTP/1.0" 200 3013 "http://emsch.com" "Mozilla/5.0 (Linux; U; Android 2.3.5; en-us; HTC Vision Build/GRI40) AppleWebKit/533.1 (KHTML, like Gecko) Version/4.0 Mobile Safari/533.1"
2.17.218.100 - - [04/Apr/2018:14:50:14 ] "GET /forks HTTP/1.0" 200 3829 "http://www.google.com" "Mozilla/4.0 (compatible; MSIE 7.0; Windows NT 6.0)"
37.189.100.100 - - [04/Apr/2018:14:50:17 ] "GET /forks HTTP/1.0" 200 3270 "http://facebook.com" "Mozilla/5.0 (iPad; CPU OS 6_0 like Mac OS X) AppleWebKit/536.26 (KHTML, like Gecko) Version/6.0 Mobile/10A5355d Safari/8536.25"
41.59.15.17 - - [04/Apr/2018:14:50:19 ] "GET /stems HTTP/1.0" 403 4806 "-" "Mozilla/4.0 (compatible; MSIE 7.0; Windows NT 6.0)"
31.6.26.255 - - [04/Apr/2018:14:50:22 ] "GET /handle-bars HTTP/1.0" 500 4369 "-" "Mozilla/4.0 (compatible; MSIE 7.0; Windows NT 6.0)"
46.189.128.150 - - [04/Apr/2018:14:50:24 ] "GET /stems HTTP/1.0" 200 2520 "http://www.google.com" "Mozilla/5.0 (Windows; U; MSIE 9.0; WIndows NT 9.0; en-US))"
43.239.248.14 - - [04/Apr/2018:14:50:25 ] "GET /saddles HTTP/1.0" 200 4709 "-" "Mozilla/5.0 (Windows NT 5.1; rv:31.0) Gecko/20100101 Firefox/31.0"
5.10.63.255 - - [04/Apr/2018:14:50:26 ] "GET /seatposts HTTP/1.0" 200 2552 "http://yandex.ru" "Mozilla/5.0 (iPad; CPU OS 6_0 like Mac OS X) AppleWebKit/536.26 (KHTML, like Gecko) Version/6.0 Mobile/10A5355d Safari/8536.25"
31.6.26.190 - - [04/Apr/2018:14:50:29 ] "GET /Store/cart.jsp?productID=1049 HTTP/1.0" 200 4956 "http://www.google.com" "Mozilla/5.0 (Windows; U; MSIE 9.0; WIndows NT 9.0; en-US))"
185.91.175.13 - - [04/Apr/2018:14:50:30 ] "GET /stems HTTP/1.0" 503 3615 "http://yandex.ru" "Mozilla/5.0 (Windows NT 5.1; rv:31.0) Gecko/20100101 Firefox/31.0"
2.18.87.0 - - [04/Apr/2018:14:50:31 ] "GET /saddles HTTP/1.0" 500 3352 "http://www.google.com" "Mozilla/5.0 (iPad; CPU OS 6_0 like Mac OS X) AppleWebKit/536.26 (KHTML, like Gecko) Version/6.0 Mobile/10A5355d Safari/8536.25"
46.189.128.10 - - [04/Apr/2018:14:50:33 ] "GET /shifters HTTP/1.0" 200 4971 "http://yandex.ru" "Mozilla/4.0 (compatible; MSIE 7.0; Windows NT 6.0)"
46.189.128.130 - - [04/Apr/2018:14:50:36 ] "GET /Store/cart.jsp?productID=1227 HTTP/1.0" 502 2177 "http://facebook.com" "Mozilla/5.0 (Windows NT 5.1; rv:31.0) Gecko/20100101 Firefox/31.0"
43.239.248.16 - - [04/Apr/2018:14:50:39 ] "GET /saddles HTTP/1.0" 200 4392 "-" "Mozilla/5.0 (Windows NT 5.1; rv:31.0) Gecko/20100101 Firefox/31.0"
41.59.25.12 - - [04/Apr/2018:14:50:42 ] "GET /shifters HTTP/1.0" 200 2121 "http://www.google.com" "Mozilla/5.0 (Windows; U; Windows NT 6.1; rv:2.2) Gecko/20110201"
37.189.100.100 - - [04/Apr/2018:14:50:45 ] "GET /forks HTTP/1.0" 200 2676 "http://yandex.ru" "Mozilla/5.0 (Linux; U; Android 2.3.5; en-us; HTC Vision Build/GRI40) AppleWebKit/533.1 (KHTML, like Gecko) Version/4.0 Mobile Safari/533.1"
2.18.87.20 - - [04/Apr/2018:14:50:48 ] "GET /stems HTTP/1.0" 200 4663 "http://www.google.com" "Mozilla/5.0 (Windows NT 5.1; rv:31.0) Gecko/20100101 Firefox/31.0"
10.182.189.79 - - [04/Apr/2018:14:50:49 ] "GET /Store/cart.jsp?productID=1051 HTTP/1.0" 200 2227 "http://www.google.com" "Mozilla/5.0 (Windows; U; MSIE 9.0; WIndows NT 9.0; en-US))"
5.10.63.255 - - [04/Apr/2018:14:50:52 ] "GET /index.html HTTP/1.0" 200 2186 "-" "Mozilla/5.0 (Linux; U; Android 2.3.5; en-us; HTC Vision Build/GRI40) AppleWebKit/533.1 (KHTML, like Gecko) Version/4.0 Mobile Safari/533.1"
123.221.14.56 - - [04/Apr/2018:14:50:54 ] "GET /seatposts HTTP/1.0" 200 2557 "http://yandex.ru" "Mozilla/5.0 (Windows NT 5.1; rv:31.0) Gecko/20100101 Firefox/31.0"
43.239.248.18 - - [04/Apr/2018:14:50:56 ] "GET /wheelsets HTTP/1.0" 200 4679 "http://www.google.com" "Mozilla/5.0 (Windows; U; MSIE 9.0; WIndows NT 9.0; en-US))"
2.17.218.251 - - [04/Apr/2018:14:50:58 ] "GET /stems HTTP/1.0" 200 4378 "-" "Mozilla/5.0 (Windows NT 5.1; rv:31.0) Gecko/20100101 Firefox/31.0"
179.93.224.215 - - [04/Apr/2018:14:51:00 ] "GET /shifters HTTP/1.0" 200 4937 "http://facebook.com" "Mozilla/5.0 (Windows; U; Windows NT 6.1; rv:2.2) Gecko/20110201"
185.91.175.105 - - [04/Apr/2018:14:51:02 ] "GET /seatposts HTTP/1.0" 200 2066 "http://www.google.com" "Mozilla/5.0 (Macintosh; Intel Mac OS X 10_9_2) AppleWebKit/537.36 (KHTML, like Gecko) Chrome/36.0.1944.0 Safari/537.36"
2.17.218.1 - - [04/Apr/2018:14:51:03 ] "GET /seatposts HTTP/1.0" 200 2985 "http://yandex.ru" "Mozilla/5.0 (Windows; U; Windows NT 6.1; rv:2.2) Gecko/20110201"
46.189.128.200 - - [04/Apr/2018:14:51:04 ] "GET /handle-bars HTTP/1.0" 200 4865 "-" "Mozilla/5.0 (Linux; U; Android 2.3.5; en-us; HTC Vision Build/GRI40) AppleWebKit/533.1 (KHTML, like Gecko) Version/4.0 Mobile Safari/533.1"
185.91.175.255 - - [04/Apr/2018:14:51:07 ] "GET /shifters HTTP/1.0" 200 2324 "http://facebook.com" "Mozilla/5.0 (Windows; U; Windows NT 6.1; rv:2.2) Gecko/20110201"
31.47.255.255 - - [04/Apr/2018:14:51:09 ] "GET /Store/cart.jsp?productID=1270 HTTP/1.0" 200 4200 "http://facebook.com" "Mozilla/5.0 (Windows; U; Windows NT 6.1; rv:2.2) Gecko/20110201"
31.6.26.133 - - [04/Apr/2018:14:51:12 ] "GET /handle-bars HTTP/1.0" 200 3453 "http://emsch.com" "Mozilla/5.0 (iPad; CPU OS 6_0 like Mac OS X) AppleWebKit/536.26 (KHTML, like Gecko) Version/6.0 Mobile/10A5355d Safari/8536.25"
43.239.248.0 - - [04/Apr/2018:14:51:13 ] "GET /handle-bars HTTP/1.0" 200 3123 "http://facebook.com" "Mozilla/5.0 (Windows; U; Windows NT 6.1; rv:2.2) Gecko/20110201"
46.189.128.10 - - [04/Apr/2018:14:51:14 ] "GET /wheelsets HTTP/1.0" 200 4696 "http://yandex.ru" "Mozilla/5.0 (Macintosh; Intel Mac OS X 10_9_2) AppleWebKit/537.36 (KHTML, like Gecko) Chrome/36.0.1944.0 Safari/537.36"
81.73.150.239 - - [04/Apr/2018:14:51:17 ] "GET /saddles HTTP/1.0" 200 4872 "-" "Mozilla/5.0 (iPad; CPU OS 6_0 like Mac OS X) AppleWebKit/536.26 (KHTML, like Gecko) Version/6.0 Mobile/10A5355d Safari/8536.25"
41.59.255.255 - - [04/Apr/2018:14:51:20 ] "GET /saddles HTTP/1.0" 502 3131 "http://emsch.com" "Mozilla/4.0 (compatible; MSIE 7.0; Windows NT 6.0)"
114.214.178.92 - - [04/Apr/2018:14:51:23 ] "GET /seatposts HTTP/1.0" 200 3071 "http://emsch.com" "Mozilla/5.0 (Windows NT 5.1; rv:31.0) Gecko/20100101 Firefox/31.0"
46.189.128.0 - - [04/Apr/2018:14:51:25 ] "GET /seatposts HTTP/1.0" 200 4758 "http://facebook.com" "Mozilla/5.0 (Linux; U; Android 2.3.5; en-us; HTC Vision Build/GRI40) AppleWebKit/533.1 (KHTML, like Gecko) Version/4.0 Mobile Safari/533.1"
43.239.248.15 - - [04/Apr/2018:14:51:27 ] "GET /Store/cart.jsp?productID=1047 HTTP/1.0" 200 2108 "http://facebook.com" "Mozilla/5.0 (Windows NT 5.1; rv:31.0) Gecko/20100101 Firefox/31.0"
2.17.218.4 - - [04/Apr/2018:14:51:29 ] "GET /handle-bars HTTP/1.0" 200 3068 "http://facebook.com" "Mozilla/4.0 (compatible; MSIE 7.0; Windows NT 6.0)"
2.17.218.102 - - [04/Apr/2018:14:51:31 ] "GET /Store/cart.jsp?productID=1428 HTTP/1.0" 200 2958 "-" "Mozilla/4.0 (compatible; MSIE 7.0; Windows NT 6.0)"
43.239.248.18 - - [04/Apr/2018:14:51:32 ] "GET /seatposts HTTP/1.0" 500 4599 "http://www.google.com" "Mozilla/5.0 (Linux; U; Android 2.3.5; en-us; HTC Vision Build/GRI40) AppleWebKit/533.1 (KHTML, like Gecko) Version/4.0 Mobile Safari/533.1"
31.47.255.255 - - [04/Apr/2018:14:51:34 ] "GET /seatposts HTTP/1.0" 200 4383 "http://www.google.com" "Mozilla/5.0 (Windows; U; MSIE 9.0; WIndows NT 9.0; en-US))"
31.6.26.190 - - [04/Apr/2018:14:51:36 ] "GET /stems HTTP/1.0" 200 4669 "http://emsch.com" "Mozilla/5.0 (Windows NT 5.1; rv:31.0) Gecko/20100101 Firefox/31.0"
46.189.128.130 - - [04/Apr/2018:14:51:39 ] "GET /index.html HTTP/1.0" 500 4673 "http://emsch.com" "Mozilla/5.0 (iPad; CPU OS 6_0 like Mac OS X) AppleWebKit/536.26 (KHTML, like Gecko) Version/6.0 Mobile/10A5355d Safari/8536.25"
37.189.101.103 - - [04/Apr/2018:14:51:40 ] "GET /wheelsets HTTP/1.0" 200 2616 "http://facebook.com" "Mozilla/5.0 (Macintosh; Intel Mac OS X 10_9_2) AppleWebKit/537.36 (KHTML, like Gecko) Chrome/36.0.1944.0 Safari/537.36"
179.93.224.215 - - [04/Apr/2018:14:51:41 ] "GET /wheelsets HTTP/1.0" 200 4152 "http://facebook.com" "Mozilla/5.0 (Macintosh; Intel Mac OS X 10_9_2) AppleWebKit/537.36 (KHTML, like Gecko) Chrome/36.0.1944.0 Safari/537.36"
185.91.175.74 - - [04/Apr/2018:14:51:43 ] "GET /saddles HTTP/1.0" 503 4324 "http://www.google.com" "Mozilla/4.0 (compatible; MSIE 7.0; Windows NT 6.0)"
43.239.248.16 - - [04/Apr/2018:14:51:46 ] "GET /stems HTTP/1.0" 403 3758 "http://facebook.com" "Mozilla/5.0 (Linux; U; Android 2.3.5; en-us; HTC Vision Build/GRI40) AppleWebKit/533.1 (KHTML, like Gecko) Version/4.0 Mobile Safari/533.1"
185.91.175.74 - - [04/Apr/2018:14:51:47 ] "GET /wheelsets HTTP/1.0" 200 3737 "http://www.google.com" "Mozilla/5.0 (Windows; U; MSIE 9.0; WIndows NT 9.0; en-US))"
179.93.224.141 - - [04/Apr/2018:14:51:50 ] "GET /index.html HTTP/1.0" 200 2044 "-" "Mozilla/5.0 (Linux; U; Android 2.3.5; en-us; HTC Vision Build/GRI40) AppleWebKit/533.1 (KHTML, like Gecko) Version/4.0 Mobile Safari/533.1"
179.93.224.149 - - [04/Apr/2018:14:51:53 ] "GET /index.html HTTP/1.0" 200 2586 "http://www.google.com" "Mozilla/5.0 (Windows NT 5.1; rv:31.0) Gecko/20100101 Firefox/31.0"
31.6.26.150 - - [04/Apr/2018:14:51:56 ] "GET /handle-bars HTTP/1.0" 503 3530 "http://facebook.com" "Mozilla/5.0 (Macintosh; Intel Mac OS X 10_9_2) AppleWebKit/537.36 (KHTML, like Gecko) Chrome/36.0.1944.0 Safari/537.36"
2.17.218.102 - - [04/Apr/2018:14:51:59 ] "GET /wheelsets HTTP/1.0" 200 4592 "http://yandex.ru" "Mozilla/5.0 (Macintosh; Intel Mac OS X 10_9_2) AppleWebKit/537.36 (KHTML, like Gecko) Chrome/36.0.1944.0 Safari/537.36"
185.91.175.13 - - [04/Apr/2018:14:52:01 ] "GET /index.html HTTP/1.0" 200 4281 "http://emsch.com" "Mozilla/5.0 (Macintosh; Intel Mac OS X 10_9_2) AppleWebKit/537.36 (KHTML, like Gecko) Chrome/36.0.1944.0 Safari/537.36"
2.17.218.102 - - [04/Apr/2018:14:52:02 ] "GET /wheelsets HTTP/1.0" 200 3145 "http://www.google.com" "Mozilla/5.0 (iPad; CPU OS 6_0 like Mac OS X) AppleWebKit/536.26 (KHTML, like Gecko) Version/6.0 Mobile/10A5355d Safari/8536.25"
46.189.128.100 - - [04/Apr/2018:14:52:05 ] "GET /shifters HTTP/1.0" 200 2371 "http://facebook.com" "Mozilla/5.0 (Linux; U; Android 2.3.5; en-us; HTC Vision Build/GRI40) AppleWebKit/533.1 (KHTML, like Gecko) Version/4.0 Mobile Safari/533.1"
185.91.175.6 - - [04/Apr/2018:14:52:07 ] "GET /seatposts HTTP/1.0" 403 4242 "http://www.google.com" "Mozilla/5.0 (Windows; U; MSIE 9.0; WIndows NT 9.0; en-US))"
46.189.128.200 - - [04/Apr/2018:14:52:09 ] "GET /saddles HTTP/1.0" 200 4198 "http://yandex.ru" "Mozilla/4.0 (compatible; MSIE 7.0; Windows NT 6.0)"
10.182.189.79 - - [04/Apr/2018:14:52:10 ] "GET /forks HTTP/1.0" 200 3783 "-" "Mozilla/5.0 (iPad; CPU OS 6_0 like Mac OS X) AppleWebKit/536.26 (KHTML, like Gecko) Version/6.0 Mobile/10A5355d Safari/8536.25"
31.6.26.128 - - [04/Apr/2018:14:52:13 ] "GET /wheelsets HTTP/1.0" 404 4042 "http://emsch.com" "Mozilla/5.0 (Linux; U; Android 2.3.5; en-us; HTC Vision Build/GRI40) AppleWebKit/533.1 (KHTML, like Gecko) Version/4.0 Mobile Safari/533.1"
41.59.25.12 - - [04/Apr/2018:14:52:14 ] "GET /stems HTTP/1.0" 200 4808 "http://www.google.com" "Mozilla/5.0 (iPad; CPU OS 6_0 like Mac OS X) AppleWebKit/536.26 (KHTML, like Gecko) Version/6.0 Mobile/10A5355d Safari/8536.25"
185.91.175.13 - - [04/Apr/2018:14:52:16 ] "GET /forks HTTP/1.0" 200 2985 "http://yandex.ru" "Mozilla/5.0 (Windows NT 5.1; rv:31.0) Gecko/20100101 Firefox/31.0"
46.189.128.200 - - [04/Apr/2018:14:52:19 ] "GET /saddles HTTP/1.0" 200 2787 "http://www.google.com" "Mozilla/5.0 (Windows; U; Windows NT 6.1; rv:2.2) Gecko/20110201"
37.120.127.255 - - [04/Apr/2018:14:52:21 ] "GET /index.html HTTP/1.0" 404 3445 "http://yandex.ru" "Mozilla/5.0 (Macintosh; Intel Mac OS X 10_9_2) AppleWebKit/537.36 (KHTML, like Gecko) Chrome/36.0.1944.0 Safari/537.36"
179.93.224.109 - - [04/Apr/2018:14:52:22 ] "GET /seatposts HTTP/1.0" 200 4368 "http://facebook.com" "Mozilla/5.0 (Windows; U; MSIE 9.0; WIndows NT 9.0; en-US))"
2.17.218.102 - - [04/Apr/2018:14:52:25 ] "GET /saddles HTTP/1.0" 200 2549 "http://emsch.com" "Mozilla/5.0 (Macintosh; Intel Mac OS X 10_9_2) AppleWebKit/537.36 (KHTML, like Gecko) Chrome/36.0.1944.0 Safari/537.36"
81.73.150.239 - - [04/Apr/2018:14:52:28 ] "GET /handle-bars HTTP/1.0" 502 4825 "http://emsch.com" "Mozilla/5.0 (Windows; U; MSIE 9.0; WIndows NT 9.0; en-US))"
31.47.255.255 - - [04/Apr/2018:14:52:29 ] "GET /Store/cart.jsp?productID=1415 HTTP/1.0" 200 3110 "-" "Mozilla/5.0 (Linux; U; Android 2.3.5; en-us; HTC Vision Build/GRI40) AppleWebKit/533.1 (KHTML, like Gecko) Version/4.0 Mobile Safari/533.1"
31.6.26.150 - - [04/Apr/2018:14:52:30 ] "GET /shifters HTTP/1.0" 503 3477 "http://facebook.com" "Mozilla/5.0 (Windows; U; MSIE 9.0; WIndows NT 9.0; en-US))"
2.18.87.1 - - [04/Apr/2018:14:52:32 ] "GET /wheelsets HTTP/1.0" 200 2465 "http://www.google.com" "Mozilla/5.0 (Windows; U; MSIE 9.0; WIndows NT 9.0; en-US))"
2.18.87.20 - - [04/Apr/2018:14:52:34 ] "GET /forks HTTP/1.0" 404 2501 "http://facebook.com" "Mozilla/5.0 (Windows; U; Windows NT 6.1; rv:2.2) Gecko/20110201"
237.43.24.118 - - [04/Apr/2018:14:52:37 ] "GET /forks HTTP/1.0" 200 2602 "http://facebook.com" "Mozilla/5.0 (Linux; U; Android 2.3.5; en-us; HTC Vision Build/GRI40) AppleWebKit/533.1 (KHTML, like Gecko) Version/4.0 Mobile Safari/533.1"
2.18.87.1 - - [04/Apr/2018:14:52:38 ] "GET /seatposts HTTP/1.0" 500 4767 "-" "Mozilla/5.0 (Windows; U; MSIE 9.0; WIndows NT 9.0; en-US))"
16.180.70.237 - - [04/Apr/2018:14:52:39 ] "GET /saddles HTTP/1.0" 200 3113 "http://emsch.com" "Mozilla/5.0 (Windows; U; Windows NT 6.1; rv:2.2) Gecko/20110201"
185.91.175.20 - - [04/Apr/2018:14:52:41 ] "GET /saddles HTTP/1.0" 200 2647 "http://facebook.com" "Mozilla/5.0 (iPad; CPU OS 6_0 like Mac OS X) AppleWebKit/536.26 (KHTML, like Gecko) Version/6.0 Mobile/10A5355d Safari/8536.25"
46.189.128.130 - - [04/Apr/2018:14:52:44 ] "GET /index.html HTTP/1.0" 200 4821 "http://yandex.ru" "Mozilla/5.0 (Macintosh; Intel Mac OS X 10_9_2) AppleWebKit/537.36 (KHTML, like Gecko) Chrome/36.0.1944.0 Safari/537.36"
185.91.175.255 - - [04/Apr/2018:14:52:45 ] "GET /shifters HTTP/1.0" 200 2864 "-" "Mozilla/5.0 (iPad; CPU OS 6_0 like Mac OS X) AppleWebKit/536.26 (KHTML, like Gecko) Version/6.0 Mobile/10A5355d Safari/8536.25"
2.17.218.4 - - [04/Apr/2018:14:52:48 ] "GET /stems HTTP/1.0" 200 3363 "http://emsch.com" "Mozilla/5.0 (Windows NT 5.1; rv:31.0) Gecko/20100101 Firefox/31.0"
218.193.16.244 - - [04/Apr/2018:14:52:50 ] "GET /seatposts HTTP/1.0" 200 4208 "-" "Mozilla/4.0 (compatible; MSIE 7.0; Windows NT 6.0)"
43.239.248.16 - - [04/Apr/2018:14:52:51 ] "GET /saddles HTTP/1.0" 503 3186 "http://emsch.com" "Mozilla/5.0 (Macintosh; Intel Mac OS X 10_9_2) AppleWebKit/537.36 (KHTML, like Gecko) Chrome/36.0.1944.0 Safari/537.36"
31.6.26.190 - - [04/Apr/2018:14:52:54 ] "GET /handle-bars HTTP/1.0" 200 3868 "-" "Mozilla/5.0 (Windows; U; Windows NT 6.1; rv:2.2) Gecko/20110201"
43.239.248.0 - - [04/Apr/2018:14:52:56 ] "GET /saddles HTTP/1.0" 403 4882 "http://yandex.ru" "Mozilla/5.0 (Windows NT 5.1; rv:31.0) Gecko/20100101 Firefox/31.0"
2.17.218.2 - - [04/Apr/2018:14:52:57 ] "GET /shifters HTTP/1.0" 200 2454 "http://www.google.com" "Mozilla/5.0 (Windows NT 5.1; rv:31.0) Gecko/20100101 Firefox/31.0"
43.239.248.14 - - [04/Apr/2018:14:52:59 ] "GET /seatposts HTTP/1.0" 200 2381 "-" "Mozilla/5.0 (Linux; U; Android 2.3.5; en-us; HTC Vision Build/GRI40) AppleWebKit/533.1 (KHTML, like Gecko) Version/4.0 Mobile Safari/533.1"
2.18.87.100 - - [04/Apr/2018:14:53:00 ] "GET /stems HTTP/1.0" 200 2434 "http://facebook.com" "Mozilla/4.0 (compatible; MSIE 7.0; Windows NT 6.0)"
31.6.26.133 - - [04/Apr/2018:14:53:01 ] "GET /handle-bars HTTP/1.0" 503 4206 "http://facebook.com" "Mozilla/5.0 (Windows; U; MSIE 9.0; WIndows NT 9.0; en-US))"
179.93.224.149 - - [04/Apr/2018:14:53:02 ] "GET /index.html HTTP/1.0" 502 2013 "http://www.google.com" "Mozilla/5.0 (Windows NT 5.1; rv:31.0) Gecko/20100101 Firefox/31.0"
31.6.26.255 - - [04/Apr/2018:14:53:03 ] "GET /saddles HTTP/1.0" 200 3774 "http://www.google.com" "Mozilla/5.0 (iPad; CPU OS 6_0 like Mac OS X) AppleWebKit/536.26 (KHTML, like Gecko) Version/6.0 Mobile/10A5355d Safari/8536.25"
31.6.26.133 - - [04/Apr/2018:14:53:05 ] "GET /wheelsets HTTP/1.0" 200 4191 "http://emsch.com" "Mozilla/5.0 (iPad; CPU OS 6_0 like Mac OS X) AppleWebKit/536.26 (KHTML, like Gecko) Version/6.0 Mobile/10A5355d Safari/8536.25"
5.149.239.255 - - [04/Apr/2018:14:53:06 ] "GET /forks HTTP/1.0" 200 4807 "http://facebook.com" "Mozilla/5.0 (Windows; U; MSIE 9.0; WIndows NT 9.0; en-US))"
198.122.118.164 - - [04/Apr/2018:14:53:07 ] "GET /forks HTTP/1.0" 200 2442 "http://emsch.com" "Mozilla/4.0 (compatible; MSIE 7.0; Windows NT 6.0)"
2.17.218.251 - - [04/Apr/2018:14:53:10 ] "GET /index.html HTTP/1.0" 200 2571 "http://www.google.com" "Mozilla/5.0 (Windows; U; Windows NT 6.1; rv:2.2) Gecko/20110201"
46.189.128.150 - - [04/Apr/2018:14:53:11 ] "GET /forks HTTP/1.0" 200 3566 "http://facebook.com" "Mozilla/5.0 (Windows NT 5.1; rv:31.0) Gecko/20100101 Firefox/31.0"
46.189.128.130 - - [04/Apr/2018:14:53:14 ] "GET /handle-bars HTTP/1.0" 200 4387 "http://emsch.com" "Mozilla/5.0 (Windows; U; Windows NT 6.1; rv:2.2) Gecko/20110201"
185.91.175.20 - - [04/Apr/2018:14:53:17 ] "GET /forks HTTP/1.0" 200 3785 "http://emsch.com" "Mozilla/5.0 (Windows; U; MSIE 9.0; WIndows NT 9.0; en-US))"
179.93.224.109 - - [04/Apr/2018:14:53:19 ] "GET /wheelsets HTTP/1.0" 200 2676 "-" "Mozilla/4.0 (compatible; MSIE 7.0; Windows NT 6.0)"
185.91.175.20 - - [04/Apr/2018:14:53:22 ] "GET /wheelsets HTTP/1.0" 502 4934 "http://yandex.ru" "Mozilla/5.0 (iPad; CPU OS 6_0 like Mac OS X) AppleWebKit/536.26 (KHTML, like Gecko) Version/6.0 Mobile/10A5355d Safari/8536.25"
179.93.224.215 - - [04/Apr/2018:14:53:25 ] "GET /index.html HTTP/1.0" 200 4704 "http://www.google.com" "Mozilla/5.0 (Windows NT 5.1; rv:31.0) Gecko/20100101 Firefox/31.0"
179.93.224.109 - - [04/Apr/2018:14:53:28 ] "GET /handle-bars HTTP/1.0" 200 2160 "-" "Mozilla/5.0 (Linux; U; Android 2.3.5; en-us; HTC Vision Build/GRI40) AppleWebKit/533.1 (KHTML, like Gecko) Version/4.0 Mobile Safari/533.1"
37.120.127.255 - - [04/Apr/2018:14:53:29 ] "GET /seatposts HTTP/1.0" 200 4802 "-" "Mozilla/5.0 (Windows; U; MSIE 9.0; WIndows NT 9.0; en-US))"
185.91.175.13 - - [04/Apr/2018:14:53:31 ] "GET /saddles HTTP/1.0" 500 3290 "http://emsch.com" "Mozilla/5.0 (Windows; U; MSIE 9.0; WIndows NT 9.0; en-US))"
2.18.87.10 - - [04/Apr/2018:14:53:34 ] "GET /handle-bars HTTP/1.0" 200 4146 "http://emsch.com" "Mozilla/5.0 (Windows NT 5.1; rv:31.0) Gecko/20100101 Firefox/31.0"
43.239.248.16 - - [04/Apr/2018:14:53:37 ] "GET /saddles HTTP/1.0" 200 2296 "http://www.google.com" "Mozilla/5.0 (Windows; U; Windows NT 6.1; rv:2.2) Gecko/20110201"
237.43.24.118 - - [04/Apr/2018:14:53:38 ] "GET /forks HTTP/1.0" 404 2826 "-" "Mozilla/4.0 (compatible; MSIE 7.0; Windows NT 6.0)"
5.149.239.255 - - [04/Apr/2018:14:53:39 ] "GET /shifters HTTP/1.0" 200 3658 "http://emsch.com" "Mozilla/5.0 (Windows NT 5.1; rv:31.0) Gecko/20100101 Firefox/31.0"
43.239.248.14 - - [04/Apr/2018:14:53:41 ] "GET /forks HTTP/1.0" 200 3303 "http://emsch.com" "Mozilla/5.0 (Linux; U; Android 2.3.5; en-us; HTC Vision Build/GRI40) AppleWebKit/533.1 (KHTML, like Gecko) Version/4.0 Mobile Safari/533.1"
179.93.224.246 - - [04/Apr/2018:14:53:42 ] "GET /index.html HTTP/1.0" 200 2233 "-" "Mozilla/5.0 (Macintosh; Intel Mac OS X 10_9_2) AppleWebKit/537.36 (KHTML, like Gecko) Chrome/36.0.1944.0 Safari/537.36"
46.189.128.10 - - [04/Apr/2018:14:53:44 ] "GET /Store/cart.jsp?productID=1321 HTTP/1.0" 403 4299 "http://yandex.ru" "Mozilla/5.0 (Macintosh; Intel Mac OS X 10_9_2) AppleWebKit/537.36 (KHTML, like Gecko) Chrome/36.0.1944.0 Safari/537.36"
31.6.26.190 - - [04/Apr/2018:14:53:46 ] "GET /saddles HTTP/1.0" 200 2239 "http://facebook.com" "Mozilla/5.0 (Linux; U; Android 2.3.5; en-us; HTC Vision Build/GRI40) AppleWebKit/533.1 (KHTML, like Gecko) Version/4.0 Mobile Safari/533.1"
237.43.24.118 - - [04/Apr/2018:14:53:48 ] "GET /shifters HTTP/1.0" 200 2347 "http://facebook.com" "Mozilla/5.0 (Windows NT 5.1; rv:31.0) Gecko/20100101 Firefox/31.0"
185.91.175.20 - - [04/Apr/2018:14:53:49 ] "GET /saddles HTTP/1.0" 200 2527 "http://facebook.com" "Mozilla/5.0 (Windows; U; MSIE 9.0; WIndows NT 9.0; en-US))"
31.6.26.190 - - [04/Apr/2018:14:53:50 ] "GET /index.html HTTP/1.0" 200 2175 "http://emsch.com" "Mozilla/5.0 (Windows NT 5.1; rv:31.0) Gecko/20100101 Firefox/31.0"
46.189.128.10 - - [04/Apr/2018:14:53:51 ] "GET /Store/cart.jsp?productID=1315 HTTP/1.0" 200 2279 "http://www.google.com" "Mozilla/5.0 (Windows; U; Windows NT 6.1; rv:2.2) Gecko/20110201"
43.239.248.20 - - [04/Apr/2018:14:53:54 ] "GET /index.html HTTP/1.0" 200 2923 "http://www.google.com" "Mozilla/5.0 (Macintosh; Intel Mac OS X 10_9_2) AppleWebKit/537.36 (KHTML, like Gecko) Chrome/36.0.1944.0 Safari/537.36"
43.239.248.18 - - [04/Apr/2018:14:53:55 ] "GET /handle-bars HTTP/1.0" 403 2453 "http://emsch.com" "Mozilla/5.0 (Windows; U; Windows NT 6.1; rv:2.2) Gecko/20110201"
46.189.127.255 - - [04/Apr/2018:14:53:57 ] "GET /handle-bars HTTP/1.0" 200 4444 "http://emsch.com" "Mozilla/5.0 (Linux; U; Android 2.3.5; en-us; HTC Vision Build/GRI40) AppleWebKit/533.1 (KHTML, like Gecko) Version/4.0 Mobile Safari/533.1"
43.239.248.14 - - [04/Apr/2018:14:53:59 ] "GET /index.html HTTP/1.0" 500 2030 "-" "Mozilla/5.0 (Windows NT 5.1; rv:31.0) Gecko/20100101 Firefox/31.0"
179.93.224.109 - - [04/Apr/2018:14:54:00 ] "GET /saddles HTTP/1.0" 200 3513 "http://facebook.com" "Mozilla/5.0 (Macintosh; Intel Mac OS X 10_9_2) AppleWebKit/537.36 (KHTML, like Gecko) Chrome/36.0.1944.0 Safari/537.36"
31.6.26.190 - - [04/Apr/2018:14:54:03 ] "GET /index.html HTTP/1.0" 200 2086 "http://facebook.com" "Mozilla/5.0 (Linux; U; Android 2.3.5; en-us; HTC Vision Build/GRI40) AppleWebKit/533.1 (KHTML, like Gecko) Version/4.0 Mobile Safari/533.1"
31.6.26.128 - - [04/Apr/2018:14:54:05 ] "GET /wheelsets HTTP/1.0" 200 2842 "-" "Mozilla/4.0 (compatible; MSIE 7.0; Windows NT 6.0)"
43.239.248.18 - - [04/Apr/2018:14:54:07 ] "GET /wheelsets HTTP/1.0" 200 3677 "http://facebook.com" "Mozilla/5.0 (Windows; U; Windows NT 6.1; rv:2.2) Gecko/20110201"
185.91.175.13 - - [04/Apr/2018:14:54:10 ] "GET /seatposts HTTP/1.0" 200 3388 "http://emsch.com" "Mozilla/5.0 (Windows; U; Windows NT 6.1; rv:2.2) Gecko/20110201"
5.10.63.255 - - [04/Apr/2018:14:54:13 ] "GET /Store/cart.jsp?productID=1162 HTTP/1.0" 500 3705 "http://yandex.ru" "Mozilla/5.0 (iPad; CPU OS 6_0 like Mac OS X) AppleWebKit/536.26 (KHTML, like Gecko) Version/6.0 Mobile/10A5355d Safari/8536.25"
43.239.248.18 - - [04/Apr/2018:14:54:16 ] "GET /seatposts HTTP/1.0" 200 2354 "http://yandex.ru" "Mozilla/5.0 (Linux; U; Android 2.3.5; en-us; HTC Vision Build/GRI40) AppleWebKit/533.1 (KHTML, like Gecko) Version/4.0 Mobile Safari/533.1"
41.59.205.255 - - [04/Apr/2018:14:54:17 ] "GET /handle-bars HTTP/1.0" 200 2650 "http://facebook.com" "Mozilla/5.0 (Macintosh; Intel Mac OS X 10_9_2) AppleWebKit/537.36 (KHTML, like Gecko) Chrome/36.0.1944.0 Safari/537.36"
37.189.101.103 - - [04/Apr/2018:14:54:19 ] "GET /Store/cart.jsp?productID=1128 HTTP/1.0" 200 4421 "-" "Mozilla/5.0 (Windows; U; MSIE 9.0; WIndows NT 9.0; en-US))"
43.239.248.15 - - [04/Apr/2018:14:54:20 ] "GET /wheelsets HTTP/1.0" 200 4912 "http://facebook.com" "Mozilla/5.0 (Windows; U; MSIE 9.0; WIndows NT 9.0; en-US))"
10.182.189.79 - - [04/Apr/2018:14:54:21 ] "GET /saddles HTTP/1.0" 200 2563 "http://www.google.com" "Mozilla/5.0 (iPad; CPU OS 6_0 like Mac OS X) AppleWebKit/536.26 (KHTML, like Gecko) Version/6.0 Mobile/10A5355d Safari/8536.25"
16.180.70.237 - - [04/Apr/2018:14:54:22 ] "GET /forks HTTP/1.0" 200 4915 "-" "Mozilla/5.0 (Windows; U; Windows NT 6.1; rv:2.2) Gecko/20110201"
233.192.62.103 - - [04/Apr/2018:14:54:23 ] "GET /saddles HTTP/1.0" 200 4033 "http://www.google.com" "Mozilla/5.0 (Macintosh; Intel Mac OS X 10_9_2) AppleWebKit/537.36 (KHTML, like Gecko) Chrome/36.0.1944.0 Safari/537.36"
179.93.224.215 - - [04/Apr/2018:14:54:25 ] "GET /index.html HTTP/1.0" 200 4912 "-" "Mozilla/5.0 (Windows NT 5.1; rv:31.0) Gecko/20100101 Firefox/31.0"
2.17.218.251 - - [04/Apr/2018:14:54:28 ] "GET /shifters HTTP/1.0" 200 3871 "http://facebook.com" "Mozilla/5.0 (Windows; U; MSIE 9.0; WIndows NT 9.0; en-US))"
43.239.248.10 - - [04/Apr/2018:14:54:31 ] "GET /index.html HTTP/1.0" 503 4040 "-" "Mozilla/5.0 (iPad; CPU OS 6_0 like Mac OS X) AppleWebKit/536.26 (KHTML, like Gecko) Version/6.0 Mobile/10A5355d Safari/8536.25"
81.73.150.239 - - [04/Apr/2018:14:54:32 ] "GET /handle-bars HTTP/1.0" 500 2081 "http://yandex.ru" "Mozilla/5.0 (iPad; CPU OS 6_0 like Mac OS X) AppleWebKit/536.26 (KHTML, like Gecko) Version/6.0 Mobile/10A5355d Safari/8536.25"
2.17.218.200 - - [04/Apr/2018:14:54:35 ] "GET /handle-bars HTTP/1.0" 200 2152 "http://yandex.ru" "Mozilla/5.0 (Linux; U; Android 2.3.5; en-us; HTC Vision Build/GRI40) AppleWebKit/533.1 (KHTML, like Gecko) Version/4.0 Mobile Safari/533.1"
185.91.175.20 - - [04/Apr/2018:14:54:36 ] "GET /forks HTTP/1.0" 404 3005 "http://emsch.com" "Mozilla/5.0 (Windows; U; Windows NT 6.1; rv:2.2) Gecko/20110201"
2.17.218.100 - - [04/Apr/2018:14:54:37 ] "GET /shifters HTTP/1.0" 200 4929 "http://www.google.com" "Mozilla/4.0 (compatible; MSIE 7.0; Windows NT 6.0)"
123.221.14.56 - - [04/Apr/2018:14:54:40 ] "GET /forks HTTP/1.0" 200 4660 "http://emsch.com" "Mozilla/5.0 (iPad; CPU OS 6_0 like Mac OS X) AppleWebKit/536.26 (KHTML, like Gecko) Version/6.0 Mobile/10A5355d Safari/8536.25"
2.17.218.102 - - [04/Apr/2018:14:54:43 ] "GET /wheelsets HTTP/1.0" 200 3837 "http://facebook.com" "Mozilla/4.0 (compatible; MSIE 7.0; Windows NT 6.0)"
43.239.248.16 - - [04/Apr/2018:14:54:46 ] "GET /handle-bars HTTP/1.0" 200 2505 "-" "Mozilla/5.0 (Windows NT 5.1; rv:31.0) Gecko/20100101 Firefox/31.0"
