31.6.26.150 - - [04/Apr/2018:14:19:16 ] "GET /seatposts HTTP/1.0" 200 2175 "http://facebook.com" "Mozilla/5.0 (Macintosh; Intel Mac OS X 10_9_2) AppleWebKit/537.36 (KHTML, like Gecko) Chrome/36.0.1944.0 Safari/537.36"
46.189.128.150 - - [04/Apr/2018:14:19:19 ] "GET /handle-bars HTTP/1.0" 200 4524 "http://www.google.com" "Mozilla/5.0 (Windows; U; MSIE 9.0; WIndows NT 9.0; en-US))"
43.239.248.0 - - [04/Apr/2018:14:19:22 ] "GET /saddles HTTP/1.0" 200 2626 "http://www.google.com" "Mozilla/5.0 (Windows; U; Windows NT 6.1; rv:2.2) Gecko/20110201"
2.17.218.251 - - [04/Apr/2018:14:19:23 ] "GET /handle-bars HTTP/1.0" 503 3782 "http://yandex.ru" "Mozilla/5.0 (iPad; CPU OS 6_0 like Mac OS X) AppleWebKit/536.26 (KHTML, like Gecko) Version/6.0 Mobile/10A5355d Safari/8536.25"
2.18.87.0 - - [04/Apr/2018:14:19:24 ] "GET /stems HTTP/1.0" 200 3012 "http://www.google.com" "Mozilla/5.0 (Windows NT 5.1; rv:31.0) Gecko/20100101 Firefox/31.0"
185.91.175.13 - - [04/Apr/2018:14:19:26 ] "GET /forks HTTP/1.0" 200 3663 "-" "Mozilla/5.0 (Windows NT 5.1; rv:31.0) Gecko/20100101 Firefox/31.0"
37.189.101.103 - - [04/Apr/2018:14:19:28 ] "GET /index.html HTTP/1.0" 502 2064 "http://yandex.ru" "Mozilla/5.0 (Macintosh; Intel Mac OS X 10_9_2) AppleWebKit/537.36 (KHTML, like Gecko) Chrome/36.0.1944.0 Safari/537.36"
37.189.101.103 - - [04/Apr/2018:14:19:29 ] "GET /wheelsets HTTP/1.0" 502 2857 "http://yandex.ru" "Mozilla/5.0 (Windows NT 5.1; rv:31.0) Gecko/20100101 Firefox/31.0"
43.239.248.18 - - [04/Apr/2018:14:19:32 ] "GET /wheelsets HTTP/1.0" 200 2721 "http://emsch.com" "Mozilla/5.0 (Windows NT 5.1; rv:31.0) Gecko/20100101 Firefox/31.0"
5.149.239.255 - - [04/Apr/2018:14:19:34 ] "GET /Store/cart.jsp?productID=1264 HTTP/1.0" 200 2976 "-" "Mozilla/5.0 (iPad; CPU OS 6_0 like Mac OS X) AppleWebKit/536.26 (KHTML, like Gecko) Version/6.0 Mobile/10A5355d Safari/8536.25"
31.6.26.255 - - [04/Apr/2018:14:19:37 ] "GET /saddles HTTP/1.0" 200 3257 "http://www.google.com" "Mozilla/5.0 (Windows; U; Windows NT 6.1; rv:2.2) Gecko/20110201"
2.17.218.1 - - [04/Apr/2018:14:19:39 ] "GET /saddles HTTP/1.0" 404 2105 "http://emsch.com" "Mozilla/5.0 (iPad; CPU OS 6_0 like Mac OS X) AppleWebKit/536.26 (KHTML, like Gecko) Version/6.0 Mobile/10A5355d Safari/8536.25"
2.17.218.2 - - [04/Apr/2018:14:19:40 ] "GET /saddles HTTP/1.0" 200 3216 "http://www.google.com" "Mozilla/5.0 (iPad; CPU OS 6_0 like Mac OS X) AppleWebKit/536.26 (KHTML, like Gecko) Version/6.0 Mobile/10A5355d Safari/8536.25"
46.189.128.0 - - [04/Apr/2018:14:19:42 ] "GET /Store/cart.jsp?productID=1183 HTTP/1.0" 404 2048 "-" "Mozilla/5.0 (Windows NT 5.1; rv:31.0) Gecko/20100101 Firefox/31.0"
43.239.248.16 - - [04/Apr/2018:14:19:45 ] "GET /seatposts HTTP/1.0" 200 4030 "http://www.google.com" "Mozilla/5.0 (Windows; U; MSIE 9.0; WIndows NT 9.0; en-US))"
185.91.175.105 - - [04/Apr/2018:14:19:46 ] "GET /saddles HTTP/1.0" 200 4932 "http://facebook.com" "Mozilla/5.0 (Windows NT 5.1; rv:31.0) Gecko/20100101 Firefox/31.0"
31.6.26.255 - - [04/Apr/2018:14:19:49 ] "GET /wheelsets HTTP/1.0" 403 4389 "-" "Mozilla/5.0 (Linux; U; Android 2.3.5; en-us; HTC Vision Build/GRI40) AppleWebKit/533.1 (KHTML, like Gecko) Version/4.0 Mobile Safari/533.1"
2.18.87.10 - - [04/Apr/2018:14:19:50 ] "GET /wheelsets HTTP/1.0" 200 3469 "http://yandex.ru" "Mozilla/5.0 (Windows; U; MSIE 9.0; WIndows NT 9.0; en-US))"
43.239.248.15 - - [04/Apr/2018:14:19:52 ] "GET /index.html HTTP/1.0" 200 2164 "http://facebook.com" "Mozilla/5.0 (Linux; U; Android 2.3.5; en-us; HTC Vision Build/GRI40) AppleWebKit/533.1 (KHTML, like Gecko) Version/4.0 Mobile Safari/533.1"
2.17.218.1 - - [04/Apr/2018:14:19:54 ] "GET /handle-bars HTTP/1.0" 200 2605 "http://facebook.com" "Mozilla/5.0 (Windows; U; Windows NT 6.1; rv:2.2) Gecko/20110201"
46.189.128.10 - - [04/Apr/2018:14:19:56 ] "GET /index.html HTTP/1.0" 403 4050 "http://emsch.com" "Mozilla/5.0 (Windows NT 5.1; rv:31.0) Gecko/20100101 Firefox/31.0"
16.180.70.237 - - [04/Apr/2018:14:19:58 ] "GET /handle-bars HTTP/1.0" 200 3746 "http://yandex.ru" "Mozilla/5.0 (iPad; CPU OS 6_0 like Mac OS X) AppleWebKit/536.26 (KHTML, like Gecko) Version/6.0 Mobile/10A5355d Safari/8536.25"
46.189.128.10 - - [04/Apr/2018:14:19:59 ] "GET /Store/cart.jsp?productID=1126 HTTP/1.0" 200 4860 "http://yandex.ru" "Mozilla/5.0 (Windows; U; MSIE 9.0; WIndows NT 9.0; en-US))"
2.17.218.2 - - [04/Apr/2018:14:20:01 ] "GET /shifters HTTP/1.0" 200 2927 "http://yandex.ru" "Mozilla/5.0 (iPad; CPU OS 6_0 like Mac OS X) AppleWebKit/536.26 (KHTML, like Gecko) Version/6.0 Mobile/10A5355d Safari/8536.25"
185.91.175.137 - - [04/Apr/2018:14:20:03 ] "GET /shifters HTTP/1.0" 503 4770 "http://facebook.com" "Mozilla/5.0 (Linux; U; Android 2.3.5; en-us; HTC Vision Build/GRI40) AppleWebKit/533.1 (KHTML, like Gecko) Version/4.0 Mobile Safari/533.1"
31.6.26.128 - - [04/Apr/2018:14:20:06 ] "GET /index.html HTTP/1.0" 200 2777 "http://www.google.com" "Mozilla/5.0 (Macintosh; Intel Mac OS X 10_9_2) AppleWebKit/537.36 (KHTML, like Gecko) Chrome/36.0.1944.0 Safari/537.36"
218.193.16.244 - - [04/Apr/2018:14:20:09 ] "GET /wheelsets HTTP/1.0" 502 3256 "http://www.google.com" "Mozilla/5.0 (iPad; CPU OS 6_0 like Mac OS X) AppleWebKit/536.26 (KHTML, like Gecko) Version/6.0 Mobile/10A5355d Safari/8536.25"
43.239.248.0 - - [04/Apr/2018:14:20:12 ] "GET /stems HTTP/1.0" 200 4411 "http://emsch.com" "Mozilla/5.0 (Macintosh; Intel Mac OS X 10_9_2) AppleWebKit/537.36 (KHTML, like Gecko) Chrome/36.0.1944.0 Safari/537.36"
2.18.87.100 - - [04/Apr/2018:14:20:13 ] "GET /Store/cart.jsp?productID=1166 HTTP/1.0" 200 4315 "http://www.google.com" "Mozilla/5.0 (Windows; U; MSIE 9.0; WIndows NT 9.0; en-US))"
198.122.118.164 - - [04/Apr/2018:14:20:14 ] "GET /index.html HTTP/1.0" 200 3051 "-" "Mozilla/5.0 (Macintosh; Intel Mac OS X 10_9_2) AppleWebKit/537.36 (KHTML, like Gecko) Chrome/36.0.1944.0 Safari/537.36"
2.17.218.0 - - [04/Apr/2018:14:20:15 ] "GET /stems HTTP/1.0" 200 3579 "http://www.google.com" "Mozilla/5.0 (iPad; CPU OS 6_0 like Mac OS X) AppleWebKit/536.26 (KHTML, like Gecko) Version/6.0 Mobile/10A5355d Safari/8536.25"
41.59.205.255 - - [04/Apr/2018:14:20:18 ] "GET /saddles HTTP/1.0" 200 3340 "http://emsch.com" "Mozilla/4.0 (compatible; MSIE 7.0; Windows NT 6.0)"
46.189.128.0 - - [04/Apr/2018:14:20:21 ] "GET /stems HTTP/1.0" 200 2128 "http://yandex.ru" "Mozilla/4.0 (compatible; MSIE 7.0; Windows NT 6.0)"
179.93.224.39 - - [04/Apr/2018:14:20:22 ] "GET /handle-bars HTTP/1.0" 404 4429 "http://emsch.com" "Mozilla/5.0 (Linux; U; Android 2.3.5; en-us; HTC Vision Build/GRI40) AppleWebKit/533.1 (KHTML, like Gecko) Version/4.0 Mobile Safari/533.1"
41.59.25.12 - - [04/Apr/2018:14:20:24 ] "GET /stems HTTP/1.0" 200 3799 "http://facebook.com" "Mozilla/5.0 (Windows NT 5.1; rv:31.0) Gecko/20100101 Firefox/31.0"
185.91.175.6 - - [04/Apr/2018:14:20:26 ] "GET /shifters HTTP/1.0" 200 2599 "http://yandex.ru" "Mozilla/5.0 (Macintosh; Intel Mac OS X 10_9_2) AppleWebKit/537.36 (KHTML, like Gecko) Chrome/36.0.1944.0 Safari/537.36"
46.189.128.0 - - [04/Apr/2018:14:20:27 ] "GET /Store/cart.jsp?productID=1117 HTTP/1.0" 200 2224 "-" "Mozilla/4.0 (compatible; MSIE 7.0; Windows NT 6.0)"
41.59.15.17 - - [04/Apr/2018:14:20:29 ] "GET /index.html HTTP/1.0" 200 3441 "http://emsch.com" "Mozilla/5.0 (Windows; U; Windows NT 6.1; rv:2.2) Gecko/20110201"
43.239.248.10 - - [04/Apr/2018:14:20:31 ] "GET /seatposts HTTP/1.0" 403 2072 "http://facebook.com" "Mozilla/5.0 (Windows NT 5.1; rv:31.0) Gecko/20100101 Firefox/31.0"
31.6.26.180 - - [04/Apr/2018:14:20:34 ] "GET /index.html HTTP/1.0" 200 2794 "http://emsch.com" "Mozilla/5.0 (Windows; U; Windows NT 6.1; rv:2.2) Gecko/20110201"
43.239.248.0 - - [04/Apr/2018:14:20:35 ] "GET /handle-bars HTTP/1.0" 200 2798 "http://yandex.ru" "Mozilla/5.0 (Windows NT 5.1; rv:31.0) Gecko/20100101 Firefox/31.0"
218.193.16.244 - - [04/Apr/2018:14:20:37 ] "GET /Store/cart.jsp?productID=1405 HTTP/1.0" 200 4940 "http://www.google.com" "Mozilla/4.0 (compatible; MSIE 7.0; Windows NT 6.0)"
43.239.248.16 - - [04/Apr/2018:14:20:40 ] "GET /index.html HTTP/1.0" 200 4127 "http://emsch.com" "Mozilla/5.0 (Linux; U; Android 2.3.5; en-us; HTC Vision Build/GRI40) AppleWebKit/533.1 (KHTML, like Gecko) Version/4.0 Mobile Safari/533.1"
41.59.205.255 - - [04/Apr/2018:14:20:43 ] "GET /seatposts HTTP/1.0" 200 2271 "http://yandex.ru" "Mozilla/5.0 (Windows; U; MSIE 9.0; WIndows NT 9.0; en-US))"
41.59.255.215 - - [04/Apr/2018:14:20:44 ] "GET /wheelsets HTTP/1.0" 200 4693 "http://yandex.ru" "Mozilla/5.0 (Windows NT 5.1; rv:31.0) Gecko/20100101 Firefox/31.0"
185.91.175.13 - - [04/Apr/2018:14:20:45 ] "GET /Store/cart.jsp?productID=1013 HTTP/1.0" 403 3710 "http://facebook.com" "Mozilla/5.0 (Linux; U; Android 2.3.5; en-us; HTC Vision Build/GRI40) AppleWebKit/533.1 (KHTML, like Gecko) Version/4.0 Mobile Safari/533.1"
185.91.175.216 - - [04/Apr/2018:14:20:48 ] "GET /forks HTTP/1.0" 404 3046 "-" "Mozilla/5.0 (iPad; CPU OS 6_0 like Mac OS X) AppleWebKit/536.26 (KHTML, like Gecko) Version/6.0 Mobile/10A5355d Safari/8536.25"
37.189.100.100 - - [04/Apr/2018:14:20:49 ] "GET /stems HTTP/1.0" 200 3927 "http://www.google.com" "Mozilla/5.0 (Windows; U; MSIE 9.0; WIndows NT 9.0; en-US))"
179.93.224.246 - - [04/Apr/2018:14:20:50 ] "GET /handle-bars HTTP/1.0" 200 3552 "http://emsch.com" "Mozilla/5.0 (Windows; U; MSIE 9.0; WIndows NT 9.0; en-US))"
185.91.175.6 - - [04/Apr/2018:14:20:51 ] "GET /saddles HTTP/1.0" 500 2613 "http://yandex.ru" "Mozilla/5.0 (Windows NT 5.1; rv:31.0) Gecko/20100101 Firefox/31.0"
16.180.70.237 - - [04/Apr/2018:14:20:52 ] "GET /wheelsets HTTP/1.0" 200 2551 "http://emsch.com" "Mozilla/5.0 (iPad; CPU OS 6_0 like Mac OS X) AppleWebKit/536.26 (KHTML, like Gecko) Version/6.0 Mobile/10A5355d Safari/8536.25"
43.239.248.18 - - [04/Apr/2018:14:20:55 ] "GET /index.html HTTP/1.0" 500 2710 "http://emsch.com" "Mozilla/4.0 (compatible; MSIE 7.0; Windows NT 6.0)"
31.6.26.190 - - [04/Apr/2018:14:20:57 ] "GET /seatposts HTTP/1.0" 200 2151 "http://www.google.com" "Mozilla/5.0 (Windows NT 5.1; rv:31.0) Gecko/20100101 Firefox/31.0"
10.182.189.79 - - [04/Apr/2018:14:20:59 ] "GET /handle-bars HTTP/1.0" 200 3460 "http://emsch.com" "Mozilla/5.0 (Linux; U; Android 2.3.5; en-us; HTC Vision Build/GRI40) AppleWebKit/533.1 (KHTML, like Gecko) Version/4.0 Mobile Safari/533.1"
185.91.175.216 - - [04/Apr/2018:14:21:02 ] "GET /shifters HTTP/1.0" 200 3833 "http://emsch.com" "Mozilla/5.0 (Macintosh; Intel Mac OS X 10_9_2) AppleWebKit/537.36 (KHTML, like Gecko) Chrome/36.0.1944.0 Safari/537.36"
31.47.255.255 - - [04/Apr/2018:14:21:03 ] "GET /index.html HTTP/1.0" 503 2149 "http://www.google.com" "Mozilla/5.0 (Windows NT 5.1; rv:31.0) Gecko/20100101 Firefox/31.0"
41.59.15.17 - - [04/Apr/2018:14:21:05 ] "GET /seatposts HTTP/1.0" 404 4273 "-" "Mozilla/4.0 (compatible; MSIE 7.0; Windows NT 6.0)"
2.17.218.102 - - [04/Apr/2018:14:21:07 ] "GET /wheelsets HTTP/1.0" 200 3810 "http://emsch.com" "Mozilla/5.0 (Windows NT 5.1; rv:31.0) Gecko/20100101 Firefox/31.0"
185.91.175.74 - - [04/Apr/2018:14:21:10 ] "GET /handle-bars HTTP/1.0" 500 2707 "http://facebook.com" "Mozilla/5.0 (Windows; U; Windows NT 6.1; rv:2.2) Gecko/20110201"
31.6.26.133 - - [04/Apr/2018:14:21:12 ] "GET /saddles HTTP/1.0" 200 4618 "-" "Mozilla/5.0 (Windows; U; MSIE 9.0; WIndows NT 9.0; en-US))"
179.93.224.246 - - [04/Apr/2018:14:21:15 ] "GET /stems HTTP/1.0" 500 3269 "http://www.google.com" "Mozilla/5.0 (Windows; U; MSIE 9.0; WIndows NT 9.0; en-US))"
185.91.175.20 - - [04/Apr/2018:14:21:16 ] "GET /Store/cart.jsp?productID=1433 HTTP/1.0" 200 3788 "http://yandex.ru" "Mozilla/5.0 (Windows; U; MSIE 9.0; WIndows NT 9.0; en-US))"
31.47.255.255 - - [04/Apr/2018:14:21:17 ] "GET /seatposts HTTP/1.0" 200 2383 "http://www.google.com" "Mozilla/5.0 (iPad; CPU OS 6_0 like Mac OS X) AppleWebKit/536.26 (KHTML, like Gecko) Version/6.0 Mobile/10A5355d Safari/8536.25"
244.157.45.12 - - [04/Apr/2018:14:21:20 ] "GET /seatposts HTTP/1.0" 200 3293 "-" "Mozilla/5.0 (Windows NT 5.1; rv:31.0) Gecko/20100101 Firefox/31.0"
2.18.87.100 - - [04/Apr/2018:14:21:22 ] "GET /forks HTTP/1.0" 200 2289 "http://emsch.com" "Mozilla/5.0 (Macintosh; Intel Mac OS X 10_9_2) AppleWebKit/537.36 (KHTML, like Gecko) Chrome/36.0.1944.0 Safari/537.36"
31.47.255.255 - - [04/Apr/2018:14:21:23 ] "GET /forks HTTP/1.0" 503 3025 "http://www.google.com" "Mozilla/5.0 (Linux; U; Android 2.3.5; en-us; HTC Vision Build/GRI40) AppleWebKit/533.1 (KHTML, like Gecko) Version/4.0 Mobile Safari/533.1"
179.93.224.141 - - [04/Apr/2018:14:21:25 ] "GET /seatposts HTTP/1.0" 500 3749 "http://yandex.ru" "Mozilla/5.0 (Windows; U; MSIE 9.0; WIndows NT 9.0; en-US))"
114.214.178.92 - - [04/Apr/2018:14:21:26 ] "GET /saddles HTTP/1.0" 200 3678 "http://facebook.com" "Mozilla/4.0 (compatible; MSIE 7.0; Windows NT 6.0)"
46.189.128.150 - - [04/Apr/2018:14:21:29 ] "GET /handle-bars HTTP/1.0" 200 2513 "http://emsch.com" "Mozilla/5.0 (iPad; CPU OS 6_0 like Mac OS X) AppleWebKit/536.26 (KHTML, like Gecko) Version/6.0 Mobile/10A5355d Safari/8536.25"
43.239.248.18 - - [04/Apr/2018:14:21:32 ] "GET /shifters HTTP/1.0" 200 2666 "http://www.google.com" "Mozilla/5.0 (iPad; CPU OS 6_0 like Mac OS X) AppleWebKit/536.26 (KHTML, like Gecko) Version/6.0 Mobile/10A5355d Safari/8536.25"
2.17.218.0 - - [04/Apr/2018:14:21:33 ] "GET /wheelsets HTTP/1.0" 404 2932 "http://emsch.com" "Mozilla/5.0 (iPad; CPU OS 6_0 like Mac OS X) AppleWebKit/536.26 (KHTML, like Gecko) Version/6.0 Mobile/10A5355d Safari/8536.25"
5.10.63.255 - - [04/Apr/2018:14:21:35 ] "GET /index.html HTTP/1.0" 200 2651 "-" "Mozilla/5.0 (iPad; CPU OS 6_0 like Mac OS X) AppleWebKit/536.26 (KHTML, like Gecko) Version/6.0 Mobile/10A5355d Safari/8536.25"
31.6.26.133 - - [04/Apr/2018:14:21:37 ] "GET /Store/cart.jsp?productID=1319 HTTP/1.0" 200 4312 "http://yandex.ru" "Mozilla/5.0 (Macintosh; Intel Mac OS X 10_9_2) AppleWebKit/537.36 (KHTML, like Gecko) Chrome/36.0.1944.0 Safari/537.36"
2.17.218.200 - - [04/Apr/2018:14:21:39 ] "GET /forks HTTP/1.0" 502 3687 "-" "Mozilla/5.0 (Linux; U; Android 2.3.5; en-us; HTC Vision Build/GRI40) AppleWebKit/533.1 (KHTML, like Gecko) Version/4.0 Mobile Safari/533.1"
10.182.189.79 - - [04/Apr/2018:14:21:42 ] "GET /Store/cart.jsp?productID=1041 HTTP/1.0" 200 3876 "-" "Mozilla/5.0 (Linux; U; Android 2.3.5; en-us; HTC Vision Build/GRI40) AppleWebKit/533.1 (KHTML, like Gecko) Version/4.0 Mobile Safari/533.1"
37.189.100.100 - - [04/Apr/2018:14:21:43 ] "GET /shifters HTTP/1.0" 404 3347 "-" "Mozilla/5.0 (Windows; U; Windows NT 6.1; rv:2.2) Gecko/20110201"
37.189.101.103 - - [04/Apr/2018:14:21:44 ] "GET /stems HTTP/1.0" 200 3265 "-" "Mozilla/5.0 (Linux; U; Android 2.3.5; en-us; HTC Vision Build/GRI40) AppleWebKit/533.1 (KHTML, like Gecko) Version/4.0 Mobile Safari/533.1"
2.17.218.102 - - [04/Apr/2018:14:21:45 ] "GET /Store/cart.jsp?productID=1408 HTTP/1.0" 200 2615 "-" "Mozilla/5.0 (Windows; U; MSIE 9.0; WIndows NT 9.0; en-US))"
43.239.248.10 - - [04/Apr/2018:14:21:48 ] "GET /shifters HTTP/1.0" 200 2500 "-" "Mozilla/5.0 (iPad; CPU OS 6_0 like Mac OS X) AppleWebKit/536.26 (KHTML, like Gecko) Version/6.0 Mobile/10A5355d Safari/8536.25"
2.18.87.100 - - [04/Apr/2018:14:21:51 ] "GET /stems HTTP/1.0" 200 4640 "http://www.google.com" "Mozilla/5.0 (Windows; U; MSIE 9.0; WIndows NT 9.0; en-US))"
185.91.175.20 - - [04/Apr/2018:14:21:52 ] "GET /saddles HTTP/1.0" 200 4186 "http://facebook.com" "Mozilla/5.0 (Linux; U; Android 2.3.5; en-us; HTC Vision Build/GRI40) AppleWebKit/533.1 (KHTML, like Gecko) Version/4.0 Mobile Safari/533.1"
2.18.87.1 - - [04/Apr/2018:14:21:55 ] "GET /forks HTTP/1.0" 200 4545 "http://yandex.ru" "Mozilla/5.0 (Linux; U; Android 2.3.5; en-us; HTC Vision Build/GRI40) AppleWebKit/533.1 (KHTML, like Gecko) Version/4.0 Mobile Safari/533.1"
10.182.189.79 - - [04/Apr/2018:14:21:58 ] "GET /shifters HTTP/1.0" 200 4569 "-" "Mozilla/5.0 (Windows; U; Windows NT 6.1; rv:2.2) Gecko/20110201"
31.6.26.150 - - [04/Apr/2018:14:22:01 ] "GET /handle-bars HTTP/1.0" 200 2455 "http://www.google.com" "Mozilla/5.0 (Macintosh; Intel Mac OS X 10_9_2) AppleWebKit/537.36 (KHTML, like Gecko) Chrome/36.0.1944.0 Safari/537.36"
2.18.87.20 - - [04/Apr/2018:14:22:03 ] "GET /Store/cart.jsp?productID=1481 HTTP/1.0" 200 3673 "http://emsch.com" "Mozilla/5.0 (Windows; U; MSIE 9.0; WIndows NT 9.0; en-US))"
16.180.70.237 - - [04/Apr/2018:14:22:06 ] "GET /shifters HTTP/1.0" 200 2294 "http://facebook.com" "Mozilla/5.0 (Macintosh; Intel Mac OS X 10_9_2) AppleWebKit/537.36 (KHTML, like Gecko) Chrome/36.0.1944.0 Safari/537.36"
179.93.224.39 - - [04/Apr/2018:14:22:09 ] "GET /seatposts HTTP/1.0" 200 4439 "-" "Mozilla/5.0 (Linux; U; Android 2.3.5; en-us; HTC Vision Build/GRI40) AppleWebKit/533.1 (KHTML, like Gecko) Version/4.0 Mobile Safari/533.1"
5.10.63.255 - - [04/Apr/2018:14:22:11 ] "GET /stems HTTP/1.0" 200 3986 "-" "Mozilla/5.0 (Linux; U; Android 2.3.5; en-us; HTC Vision Build/GRI40) AppleWebKit/533.1 (KHTML, like Gecko) Version/4.0 Mobile Safari/533.1"
46.189.128.10 - - [04/Apr/2018:14:22:14 ] "GET /stems HTTP/1.0" 200 3631 "http://yandex.ru" "Mozilla/5.0 (Windows; U; Windows NT 6.1; rv:2.2) Gecko/20110201"
31.47.255.255 - - [04/Apr/2018:14:22:15 ] "GET /Store/cart.jsp?productID=1031 HTTP/1.0" 200 4512 "http://emsch.com" "Mozilla/5.0 (iPad; CPU OS 6_0 like Mac OS X) AppleWebKit/536.26 (KHTML, like Gecko) Version/6.0 Mobile/10A5355d Safari/8536.25"
43.239.248.0 - - [04/Apr/2018:14:22:18 ] "GET /shifters HTTP/1.0" 200 4127 "http://facebook.com" "Mozilla/5.0 (Windows NT 5.1; rv:31.0) Gecko/20100101 Firefox/31.0"
43.239.248.0 - - [04/Apr/2018:14:22:20 ] "GET /seatposts HTTP/1.0" 200 4562 "http://emsch.com" "Mozilla/5.0 (Windows NT 5.1; rv:31.0) Gecko/20100101 Firefox/31.0"
185.91.175.105 - - [04/Apr/2018:14:22:21 ] "GET /index.html HTTP/1.0" 200 3820 "http://emsch.com" "Mozilla/4.0 (compatible; MSIE 7.0; Windows NT 6.0)"
10.182.189.79 - - [04/Apr/2018:14:22:24 ] "GET /saddles HTTP/1.0" 200 3236 "http://emsch.com" "Mozilla/5.0 (Linux; U; Android 2.3.5; en-us; HTC Vision Build/GRI40) AppleWebKit/533.1 (KHTML, like Gecko) Version/4.0 Mobile Safari/533.1"
2.18.87.10 - - [04/Apr/2018:14:22:26 ] "GET /stems HTTP/1.0" 200 3295 "http://www.google.com" "Mozilla/5.0 (Windows NT 5.1; rv:31.0) Gecko/20100101 Firefox/31.0"
31.6.26.255 - - [04/Apr/2018:14:22:28 ] "GET /shifters HTTP/1.0" 200 3739 "http://yandex.ru" "Mozilla/5.0 (Windows NT 5.1; rv:31.0) Gecko/20100101 Firefox/31.0"
179.93.224.39 - - [04/Apr/2018:14:22:30 ] "GET /shifters HTTP/1.0" 200 2155 "-" "Mozilla/5.0 (Windows; U; MSIE 9.0; WIndows NT 9.0; en-US))"
123.221.14.56 - - [04/Apr/2018:14:22:33 ] "GET /handle-bars HTTP/1.0" 200 2724 "http://emsch.com" "Mozilla/4.0 (compatible; MSIE 7.0; Windows NT 6.0)"
43.239.248.10 - - [04/Apr/2018:14:22:35 ] "GET /shifters HTTP/1.0" 200 2262 "http://facebook.com" "Mozilla/4.0 (compatible; MSIE 7.0; Windows NT 6.0)"
185.91.175.6 - - [04/Apr/2018:14:22:38 ] "GET /Store/cart.jsp?productID=1322 HTTP/1.0" 200 4087 "http://yandex.ru" "Mozilla/5.0 (Linux; U; Android 2.3.5; en-us; HTC Vision Build/GRI40) AppleWebKit/533.1 (KHTML, like Gecko) Version/4.0 Mobile Safari/533.1"
2.17.218.102 - - [04/Apr/2018:14:22:41 ] "GET /shifters HTTP/1.0" 200 4233 "-" "Mozilla/4.0 (compatible; MSIE 7.0; Windows NT 6.0)"
185.91.175.20 - - [04/Apr/2018:14:22:43 ] "GET /index.html HTTP/1.0" 200 3409 "-" "Mozilla/4.0 (compatible; MSIE 7.0; Windows NT 6.0)"
46.189.127.255 - - [04/Apr/2018:14:22:46 ] "GET /handle-bars HTTP/1.0" 403 4797 "http://www.google.com" "Mozilla/5.0 (Windows; U; Windows NT 6.1; rv:2.2) Gecko/20110201"
237.43.24.118 - - [04/Apr/2018:14:22:47 ] "GET /stems HTTP/1.0" 200 2167 "http://emsch.com" "Mozilla/5.0 (Macintosh; Intel Mac OS X 10_9_2) AppleWebKit/537.36 (KHTML, like Gecko) Chrome/36.0.1944.0 Safari/537.36"
37.189.100.100 - - [04/Apr/2018:14:22:49 ] "GET /seatposts HTTP/1.0" 200 4893 "http://yandex.ru" "Mozilla/5.0 (Windows; U; Windows NT 6.1; rv:2.2) Gecko/20110201"
123.221.14.56 - - [04/Apr/2018:14:22:52 ] "GET /stems HTTP/1.0" 200 2533 "http://www.google.com" "Mozilla/5.0 (Windows; U; Windows NT 6.1; rv:2.2) Gecko/20110201"
2.17.218.1 - - [04/Apr/2018:14:22:53 ] "GET /forks HTTP/1.0" 200 3809 "-" "Mozilla/5.0 (Windows; U; MSIE 9.0; WIndows NT 9.0; en-US))"
2.17.218.2 - - [04/Apr/2018:14:22:55 ] "GET /shifters HTTP/1.0" 200 3825 "http://www.google.com" "Mozilla/5.0 (Windows; U; MSIE 9.0; WIndows NT 9.0; en-US))"
31.6.26.128 - - [04/Apr/2018:14:22:57 ] "GET /shifters HTTP/1.0" 200 4027 "http://emsch.com" "Mozilla/5.0 (Windows; U; Windows NT 6.1; rv:2.2) Gecko/20110201"
46.189.128.10 - - [04/Apr/2018:14:22:58 ] "GET /handle-bars HTTP/1.0" 200 2997 "http://facebook.com" "Mozilla/5.0 (iPad; CPU OS 6_0 like Mac OS X) AppleWebKit/536.26 (KHTML, like Gecko) Version/6.0 Mobile/10A5355d Safari/8536.25"
5.149.239.255 - - [04/Apr/2018:14:22:59 ] "GET /shifters HTTP/1.0" 502 2410 "http://yandex.ru" "Mozilla/4.0 (compatible; MSIE 7.0; Windows NT 6.0)"
185.91.175.6 - - [04/Apr/2018:14:23:02 ] "GET /wheelsets HTTP/1.0" 503 4115 "http://emsch.com" "Mozilla/5.0 (Windows; U; MSIE 9.0; WIndows NT 9.0; en-US))"
43.239.248.20 - - [04/Apr/2018:14:23:03 ] "GET /saddles HTTP/1.0" 200 2828 "http://facebook.com" "Mozilla/5.0 (Macintosh; Intel Mac OS X 10_9_2) AppleWebKit/537.36 (KHTML, like Gecko) Chrome/36.0.1944.0 Safari/537.36"
185.91.175.105 - - [04/Apr/2018:14:23:04 ] "GET /Store/cart.jsp?productID=1470 HTTP/1.0" 200 4244 "http://facebook.com" "Mozilla/5.0 (Windows NT 5.1; rv:31.0) Gecko/20100101 Firefox/31.0"
43.239.248.16 - - [04/Apr/2018:14:23:06 ] "GET /Store/cart.jsp?productID=1088 HTTP/1.0" 200 4121 "http://www.google.com" "Mozilla/5.0 (Linux; U; Android 2.3.5; en-us; HTC Vision Build/GRI40) AppleWebKit/533.1 (KHTML, like Gecko) Version/4.0 Mobile Safari/533.1"
5.10.63.255 - - [04/Apr/2018:14:23:09 ] "GET /shifters HTTP/1.0" 200 3069 "http://emsch.com" "Mozilla/5.0 (iPad; CPU OS 6_0 like Mac OS X) AppleWebKit/536.26 (KHTML, like Gecko) Version/6.0 Mobile/10A5355d Safari/8536.25"
185.91.175.137 - - [04/Apr/2018:14:23:11 ] "GET /wheelsets HTTP/1.0" 200 2968 "http://facebook.com" "Mozilla/5.0 (Windows NT 5.1; rv:31.0) Gecko/20100101 Firefox/31.0"
185.91.175.20 - - [04/Apr/2018:14:23:12 ] "GET /saddles HTTP/1.0" 200 4189 "http://facebook.com" "Mozilla/4.0 (compatible; MSIE 7.0; Windows NT 6.0)"
41.59.255.215 - - [04/Apr/2018:14:23:15 ] "GET /saddles HTTP/1.0" 200 4804 "http://www.google.com" "Mozilla/5.0 (Linux; U; Android 2.3.5; en-us; HTC Vision Build/GRI40) AppleWebKit/533.1 (KHTML, like Gecko) Version/4.0 Mobile Safari/533.1"
2.17.218.0 - - [04/Apr/2018:14:23:18 ] "GET /shifters HTTP/1.0" 200 4888 "http://www.google.com" "Mozilla/5.0 (Windows; U; Windows NT 6.1; rv:2.2) Gecko/20110201"
179.93.224.39 - - [04/Apr/2018:14:23:21 ] "GET /seatposts HTTP/1.0" 403 2711 "-" "Mozilla/5.0 (Windows NT 5.1; rv:31.0) Gecko/20100101 Firefox/31.0"
2.17.218.2 - - [04/Apr/2018:14:23:23 ] "GET /forks HTTP/1.0" 200 4720 "http://facebook.com" "Mozilla/4.0 (compatible; MSIE 7.0; Windows NT 6.0)"
179.93.224.109 - - [04/Apr/2018:14:23:25 ] "GET /wheelsets HTTP/1.0" 200 4948 "http://www.google.com" "Mozilla/5.0 (Macintosh; Intel Mac OS X 10_9_2) AppleWebKit/537.36 (KHTML, like Gecko) Chrome/36.0.1944.0 Safari/537.36"
179.93.224.141 - - [04/Apr/2018:14:23:28 ] "GET /forks HTTP/1.0" 200 4980 "http://yandex.ru" "Mozilla/5.0 (Linux; U; Android 2.3.5; en-us; HTC Vision Build/GRI40) AppleWebKit/533.1 (KHTML, like Gecko) Version/4.0 Mobile Safari/533.1"
2.17.218.4 - - [04/Apr/2018:14:23:29 ] "GET /index.html HTTP/1.0" 200 2324 "http://emsch.com" "Mozilla/5.0 (Windows; U; Windows NT 6.1; rv:2.2) Gecko/20110201"
41.59.205.255 - - [04/Apr/2018:14:23:31 ] "GET /seatposts HTTP/1.0" 200 2783 "http://www.google.com" "Mozilla/5.0 (Macintosh; Intel Mac OS X 10_9_2) AppleWebKit/537.36 (KHTML, like Gecko) Chrome/36.0.1944.0 Safari/537.36"
2.17.218.2 - - [04/Apr/2018:14:23:33 ] "GET /index.html HTTP/1.0" 503 4722 "http://facebook.com" "Mozilla/5.0 (Windows; U; Windows NT 6.1; rv:2.2) Gecko/20110201"
2.17.218.2 - - [04/Apr/2018:14:23:36 ] "GET /Store/cart.jsp?productID=1248 HTTP/1.0" 200 3392 "-" "Mozilla/5.0 (iPad; CPU OS 6_0 like Mac OS X) AppleWebKit/536.26 (KHTML, like Gecko) Version/6.0 Mobile/10A5355d Safari/8536.25"
2.18.87.1 - - [04/Apr/2018:14:23:39 ] "GET /Store/cart.jsp?productID=1081 HTTP/1.0" 500 2172 "http://www.google.com" "Mozilla/5.0 (Windows NT 5.1; rv:31.0) Gecko/20100101 Firefox/31.0"
2.17.218.1 - - [04/Apr/2018:14:23:40 ] "GET /stems HTTP/1.0" 200 2566 "-" "Mozilla/4.0 (compatible; MSIE 7.0; Windows NT 6.0)"
81.73.150.239 - - [04/Apr/2018:14:23:41 ] "GET /saddles HTTP/1.0" 200 2238 "-" "Mozilla/5.0 (Macintosh; Intel Mac OS X 10_9_2) AppleWebKit/537.36 (KHTML, like Gecko) Chrome/36.0.1944.0 Safari/537.36"
179.93.224.246 - - [04/Apr/2018:14:23:42 ] "GET /forks HTTP/1.0" 200 4427 "http://www.google.com" "Mozilla/5.0 (Macintosh; Intel Mac OS X 10_9_2) AppleWebKit/537.36 (KHTML, like Gecko) Chrome/36.0.1944.0 Safari/537.36"
2.17.218.0 - - [04/Apr/2018:14:23:45 ] "GET /seatposts HTTP/1.0" 200 2500 "http://yandex.ru" "Mozilla/4.0 (compatible; MSIE 7.0; Windows NT 6.0)"
185.91.175.105 - - [04/Apr/2018:14:23:46 ] "GET /forks HTTP/1.0" 200 2166 "http://facebook.com" "Mozilla/5.0 (Windows; U; MSIE 9.0; WIndows NT 9.0; en-US))"
179.93.224.246 - - [04/Apr/2018:14:23:49 ] "GET /seatposts HTTP/1.0" 200 4641 "-" "Mozilla/5.0 (Windows NT 5.1; rv:31.0) Gecko/20100101 Firefox/31.0"
2.17.218.251 - - [04/Apr/2018:14:23:51 ] "GET /shifters HTTP/1.0" 200 3050 "http://www.google.com" "Mozilla/4.0 (compatible; MSIE 7.0; Windows NT 6.0)"
2.17.218.1 - - [04/Apr/2018:14:23:53 ] "GET /index.html HTTP/1.0" 200 2112 "http://emsch.com" "Mozilla/5.0 (Windows; U; MSIE 9.0; WIndows NT 9.0; en-US))"
2.18.87.30 - - [04/Apr/2018:14:23:55 ] "GET /handle-bars HTTP/1.0" 502 2298 "http://yandex.ru" "Mozilla/5.0 (Macintosh; Intel Mac OS X 10_9_2) AppleWebKit/537.36 (KHTML, like Gecko) Chrome/36.0.1944.0 Safari/537.36"
2.17.218.102 - - [04/Apr/2018:14:23:58 ] "GET /wheelsets HTTP/1.0" 503 4856 "http://www.google.com" "Mozilla/5.0 (Windows NT 5.1; rv:31.0) Gecko/20100101 Firefox/31.0"
2.17.218.4 - - [04/Apr/2018:14:23:59 ] "GET /saddles HTTP/1.0" 200 2163 "http://www.google.com" "Mozilla/5.0 (Windows; U; Windows NT 6.1; rv:2.2) Gecko/20110201"
2.17.218.1 - - [04/Apr/2018:14:24:02 ] "GET /handle-bars HTTP/1.0" 200 3883 "http://www.google.com" "Mozilla/5.0 (Macintosh; Intel Mac OS X 10_9_2) AppleWebKit/537.36 (KHTML, like Gecko) Chrome/36.0.1944.0 Safari/537.36"
43.239.248.10 - - [04/Apr/2018:14:24:04 ] "GET /index.html HTTP/1.0" 200 4745 "http://yandex.ru" "Mozilla/5.0 (Windows; U; Windows NT 6.1; rv:2.2) Gecko/20110201"
37.189.101.103 - - [04/Apr/2018:14:24:05 ] "GET /saddles HTTP/1.0" 502 3077 "http://www.google.com" "Mozilla/5.0 (Linux; U; Android 2.3.5; en-us; HTC Vision Build/GRI40) AppleWebKit/533.1 (KHTML, like Gecko) Version/4.0 Mobile Safari/533.1"
46.189.128.0 - - [04/Apr/2018:14:24:07 ] "GET /shifters HTTP/1.0" 502 3345 "http://yandex.ru" "Mozilla/5.0 (Windows NT 5.1; rv:31.0) Gecko/20100101 Firefox/31.0"
46.189.128.150 - - [04/Apr/2018:14:24:08 ] "GET /shifters HTTP/1.0" 200 2757 "http://emsch.com" "Mozilla/5.0 (Linux; U; Android 2.3.5; en-us; HTC Vision Build/GRI40) AppleWebKit/533.1 (KHTML, like Gecko) Version/4.0 Mobile Safari/533.1"
31.6.26.180 - - [04/Apr/2018:14:24:10 ] "GET /index.html HTTP/1.0" 200 3204 "http://facebook.com" "Mozilla/4.0 (compatible; MSIE 7.0; Windows NT 6.0)"
43.239.248.0 - - [04/Apr/2018:14:24:12 ] "GET /saddles HTTP/1.0" 200 2741 "http://www.google.com" "Mozilla/4.0 (compatible; MSIE 7.0; Windows NT 6.0)"
237.43.24.118 - - [04/Apr/2018:14:24:13 ] "GET /stems HTTP/1.0" 502 4962 "http://emsch.com" "Mozilla/5.0 (Macintosh; Intel Mac OS X 10_9_2) AppleWebKit/537.36 (KHTML, like Gecko) Chrome/36.0.1944.0 Safari/537.36"
2.17.218.200 - - [04/Apr/2018:14:24:16 ] "GET /wheelsets HTTP/1.0" 200 3594 "http://facebook.com" "Mozilla/5.0 (Linux; U; Android 2.3.5; en-us; HTC Vision Build/GRI40) AppleWebKit/533.1 (KHTML, like Gecko) Version/4.0 Mobile Safari/533.1"
2.18.87.30 - - [04/Apr/2018:14:24:18 ] "GET /seatposts HTTP/1.0" 200 4665 "http://facebook.com" "Mozilla/5.0 (Windows; U; Windows NT 6.1; rv:2.2) Gecko/20110201"
41.59.15.17 - - [04/Apr/2018:14:24:21 ] "GET /shifters HTTP/1.0" 500 4568 "http://emsch.com" "Mozilla/5.0 (Windows; U; MSIE 9.0; WIndows NT 9.0; en-US))"
46.189.128.150 - - [04/Apr/2018:14:24:24 ] "GET /Store/cart.jsp?productID=1223 HTTP/1.0" 200 3561 "http://emsch.com" "Mozilla/5.0 (iPad; CPU OS 6_0 like Mac OS X) AppleWebKit/536.26 (KHTML, like Gecko) Version/6.0 Mobile/10A5355d Safari/8536.25"
218.193.16.244 - - [04/Apr/2018:14:24:25 ] "GET /index.html HTTP/1.0" 200 3416 "http://yandex.ru" "Mozilla/5.0 (Windows NT 5.1; rv:31.0) Gecko/20100101 Firefox/31.0"
41.59.25.12 - - [04/Apr/2018:14:24:27 ] "GET /stems HTTP/1.0" 200 3273 "-" "Mozilla/5.0 (Windows; U; Windows NT 6.1; rv:2.2) Gecko/20110201"
31.6.26.190 - - [04/Apr/2018:14:24:30 ] "GET /forks HTTP/1.0" 200 3145 "http://facebook.com" "Mozilla/5.0 (iPad; CPU OS 6_0 like Mac OS X) AppleWebKit/536.26 (KHTML, like Gecko) Version/6.0 Mobile/10A5355d Safari/8536.25"
185.91.175.255 - - [04/Apr/2018:14:24:33 ] "GET /handle-bars HTTP/1.0" 502 4170 "-" "Mozilla/5.0 (Linux; U; Android 2.3.5; en-us; HTC Vision Build/GRI40) AppleWebKit/533.1 (KHTML, like Gecko) Version/4.0 Mobile Safari/533.1"
185.91.175.216 - - [04/Apr/2018:14:24:34 ] "GET /Store/cart.jsp?productID=1369 HTTP/1.0" 200 3561 "http://yandex.ru" "Mozilla/5.0 (Windows; U; Windows NT 6.1; rv:2.2) Gecko/20110201"
41.59.255.255 - - [04/Apr/2018:14:24:35 ] "GET /wheelsets HTTP/1.0" 200 3378 "http://emsch.com" "Mozilla/5.0 (Linux; U; Android 2.3.5; en-us; HTC Vision Build/GRI40) AppleWebKit/533.1 (KHTML, like Gecko) Version/4.0 Mobile Safari/533.1"
41.59.255.255 - - [04/Apr/2018:14:24:36 ] "GET /shifters HTTP/1.0" 503 2335 "-" "Mozilla/4.0 (compatible; MSIE 7.0; Windows NT 6.0)"
2.17.218.200 - - [04/Apr/2018:14:24:37 ] "GET /forks HTTP/1.0" 502 3015 "-" "Mozilla/5.0 (Macintosh; Intel Mac OS X 10_9_2) AppleWebKit/537.36 (KHTML, like Gecko) Chrome/36.0.1944.0 Safari/537.36"
41.59.205.255 - - [04/Apr/2018:14:24:39 ] "GET /saddles HTTP/1.0" 200 3725 "http://facebook.com" "Mozilla/5.0 (Linux; U; Android 2.3.5; en-us; HTC Vision Build/GRI40) AppleWebKit/533.1 (KHTML, like Gecko) Version/4.0 Mobile Safari/533.1"
185.91.175.105 - - [04/Apr/2018:14:24:40 ] "GET /Store/cart.jsp?productID=1317 HTTP/1.0" 200 4658 "http://facebook.com" "Mozilla/5.0 (Windows; U; MSIE 9.0; WIndows NT 9.0; en-US))"
31.6.26.150 - - [04/Apr/2018:14:24:42 ] "GET /wheelsets HTTP/1.0" 500 4264 "-" "Mozilla/5.0 (iPad; CPU OS 6_0 like Mac OS X) AppleWebKit/536.26 (KHTML, like Gecko) Version/6.0 Mobile/10A5355d Safari/8536.25"
185.91.175.137 - - [04/Apr/2018:14:24:44 ] "GET /saddles HTTP/1.0" 500 3427 "-" "Mozilla/4.0 (compatible; MSIE 7.0; Windows NT 6.0)"
185.91.175.105 - - [04/Apr/2018:14:24:46 ] "GET /wheelsets HTTP/1.0" 200 4976 "http://emsch.com" "Mozilla/5.0 (Macintosh; Intel Mac OS X 10_9_2) AppleWebKit/537.36 (KHTML, like Gecko) Chrome/36.0.1944.0 Safari/537.36"
5.149.239.255 - - [04/Apr/2018:14:24:48 ] "GET /seatposts HTTP/1.0" 200 3879 "-" "Mozilla/5.0 (Macintosh; Intel Mac OS X 10_9_2) AppleWebKit/537.36 (KHTML, like Gecko) Chrome/36.0.1944.0 Safari/537.36"
2.17.218.0 - - [04/Apr/2018:14:24:50 ] "GET /saddles HTTP/1.0" 200 2131 "http://emsch.com" "Mozilla/5.0 (Windows; U; MSIE 9.0; WIndows NT 9.0; en-US))"
185.91.175.105 - - [04/Apr/2018:14:24:53 ] "GET /handle-bars HTTP/1.0" 200 4500 "http://emsch.com" "Mozilla/5.0 (Macintosh; Intel Mac OS X 10_9_2) AppleWebKit/537.36 (KHTML, like Gecko) Chrome/36.0.1944.0 Safari/537.36"
2.18.87.222 - - [04/Apr/2018:14:24:56 ] "GET /wheelsets HTTP/1.0" 200 2063 "http://www.google.com" "Mozilla/5.0 (Linux; U; Android 2.3.5; en-us; HTC Vision Build/GRI40) AppleWebKit/533.1 (KHTML, like Gecko) Version/4.0 Mobile Safari/533.1"
41.59.205.255 - - [04/Apr/2018:14:24:59 ] "GET /Store/cart.jsp?productID=1290 HTTP/1.0" 200 4972 "-" "Mozilla/4.0 (compatible; MSIE 7.0; Windows NT 6.0)"
43.239.248.15 - - [04/Apr/2018:14:25:01 ] "GET /wheelsets HTTP/1.0" 502 4222 "http://www.google.com" "Mozilla/5.0 (Windows; U; MSIE 9.0; WIndows NT 9.0; en-US))"
43.239.248.0 - - [04/Apr/2018:14:25:03 ] "GET /index.html HTTP/1.0" 200 4975 "-" "Mozilla/5.0 (iPad; CPU OS 6_0 like Mac OS X) AppleWebKit/536.26 (KHTML, like Gecko) Version/6.0 Mobile/10A5355d Safari/8536.25"
46.189.128.200 - - [04/Apr/2018:14:25:05 ] "GET /shifters HTTP/1.0" 200 4617 "http://yandex.ru" "Mozilla/5.0 (Macintosh; Intel Mac OS X 10_9_2) AppleWebKit/537.36 (KHTML, like Gecko) Chrome/36.0.1944.0 Safari/537.36"
2.17.218.1 - - [04/Apr/2018:14:25:08 ] "GET /stems HTTP/1.0" 500 4629 "-" "Mozilla/5.0 (Windows; U; MSIE 9.0; WIndows NT 9.0; en-US))"
218.193.16.244 - - [04/Apr/2018:14:25:11 ] "GET /forks HTTP/1.0" 200 2941 "http://emsch.com" "Mozilla/5.0 (Linux; U; Android 2.3.5; en-us; HTC Vision Build/GRI40) AppleWebKit/533.1 (KHTML, like Gecko) Version/4.0 Mobile Safari/533.1"
46.189.128.0 - - [04/Apr/2018:14:25:13 ] "GET /handle-bars HTTP/1.0" 200 4588 "http://yandex.ru" "Mozilla/5.0 (iPad; CPU OS 6_0 like Mac OS X) AppleWebKit/536.26 (KHTML, like Gecko) Version/6.0 Mobile/10A5355d Safari/8536.25"
2.17.218.251 - - [04/Apr/2018:14:25:16 ] "GET /shifters HTTP/1.0" 200 4924 "-" "Mozilla/5.0 (iPad; CPU OS 6_0 like Mac OS X) AppleWebKit/536.26 (KHTML, like Gecko) Version/6.0 Mobile/10A5355d Safari/8536.25"
2.17.218.100 - - [04/Apr/2018:14:25:18 ] "GET /forks HTTP/1.0" 200 4081 "http://www.google.com" "Mozilla/5.0 (Windows; U; MSIE 9.0; WIndows NT 9.0; en-US))"
43.239.248.10 - - [04/Apr/2018:14:25:21 ] "GET /forks HTTP/1.0" 200 2766 "http://yandex.ru" "Mozilla/5.0 (Linux; U; Android 2.3.5; en-us; HTC Vision Build/GRI40) AppleWebKit/533.1 (KHTML, like Gecko) Version/4.0 Mobile Safari/533.1"
185.91.175.74 - - [04/Apr/2018:14:25:22 ] "GET /stems HTTP/1.0" 200 4374 "http://facebook.com" "Mozilla/5.0 (Windows; U; Windows NT 6.1; rv:2.2) Gecko/20110201"
31.6.26.150 - - [04/Apr/2018:14:25:23 ] "GET /shifters HTTP/1.0" 200 2115 "http://facebook.com" "Mozilla/5.0 (Windows NT 5.1; rv:31.0) Gecko/20100101 Firefox/31.0"
237.43.24.118 - - [04/Apr/2018:14:25:26 ] "GET /stems HTTP/1.0" 200 3103 "http://yandex.ru" "Mozilla/5.0 (Windows; U; Windows NT 6.1; rv:2.2) Gecko/20110201"
41.59.205.255 - - [04/Apr/2018:14:25:27 ] "GET /handle-bars HTTP/1.0" 200 2686 "-" "Mozilla/5.0 (Windows; U; Windows NT 6.1; rv:2.2) Gecko/20110201"
185.91.175.105 - - [04/Apr/2018:14:25:30 ] "GET /stems HTTP/1.0" 200 3800 "http://emsch.com" "Mozilla/5.0 (Linux; U; Android 2.3.5; en-us; HTC Vision Build/GRI40) AppleWebKit/533.1 (KHTML, like Gecko) Version/4.0 Mobile Safari/533.1"
114.214.178.92 - - [04/Apr/2018:14:25:31 ] "GET /Store/cart.jsp?productID=1111 HTTP/1.0" 200 2358 "http://facebook.com" "Mozilla/5.0 (iPad; CPU OS 6_0 like Mac OS X) AppleWebKit/536.26 (KHTML, like Gecko) Version/6.0 Mobile/10A5355d Safari/8536.25"
185.91.175.216 - - [04/Apr/2018:14:25:33 ] "GET /saddles HTTP/1.0" 200 3541 "http://www.google.com" "Mozilla/5.0 (Windows; U; Windows NT 6.1; rv:2.2) Gecko/20110201"
41.59.205.255 - - [04/Apr/2018:14:25:35 ] "GET /Store/cart.jsp?productID=1492 HTTP/1.0" 200 2689 "http://emsch.com" "Mozilla/5.0 (Macintosh; Intel Mac OS X 10_9_2) AppleWebKit/537.36 (KHTML, like Gecko) Chrome/36.0.1944.0 Safari/537.36"
46.189.128.100 - - [04/Apr/2018:14:25:38 ] "GET /wheelsets HTTP/1.0" 200 3646 "http://yandex.ru" "Mozilla/5.0 (Windows NT 5.1; rv:31.0) Gecko/20100101 Firefox/31.0"
46.189.127.255 - - [04/Apr/2018:14:25:40 ] "GET /shifters HTTP/1.0" 200 2742 "http://emsch.com" "Mozilla/5.0 (Linux; U; Android 2.3.5; en-us; HTC Vision Build/GRI40) AppleWebKit/533.1 (KHTML, like Gecko) Version/4.0 Mobile Safari/533.1"
2.17.218.200 - - [04/Apr/2018:14:25:42 ] "GET /saddles HTTP/1.0" 200 2469 "http://emsch.com" "Mozilla/5.0 (Windows; U; Windows NT 6.1; rv:2.2) Gecko/20110201"
2.17.218.2 - - [04/Apr/2018:14:25:43 ] "GET /wheelsets HTTP/1.0" 200 2824 "http://www.google.com" "Mozilla/5.0 (Macintosh; Intel Mac OS X 10_9_2) AppleWebKit/537.36 (KHTML, like Gecko) Chrome/36.0.1944.0 Safari/537.36"
46.189.128.10 - - [04/Apr/2018:14:25:46 ] "GET /handle-bars HTTP/1.0" 200 2808 "http://facebook.com" "Mozilla/5.0 (Windows; U; Windows NT 6.1; rv:2.2) Gecko/20110201"
179.93.224.246 - - [04/Apr/2018:14:25:48 ] "GET /index.html HTTP/1.0" 200 3410 "http://facebook.com" "Mozilla/5.0 (Windows; U; MSIE 9.0; WIndows NT 9.0; en-US))"
2.17.218.102 - - [04/Apr/2018:14:25:50 ] "GET /stems HTTP/1.0" 200 4862 "-" "Mozilla/5.0 (Windows; U; MSIE 9.0; WIndows NT 9.0; en-US))"
2.18.87.222 - - [04/Apr/2018:14:25:51 ] "GET /handle-bars HTTP/1.0" 500 3386 "-" "Mozilla/4.0 (compatible; MSIE 7.0; Windows NT 6.0)"
43.239.248.15 - - [04/Apr/2018:14:25:52 ] "GET /index.html HTTP/1.0" 200 4917 "http://yandex.ru" "Mozilla/4.0 (compatible; MSIE 7.0; Windows NT 6.0)"
43.239.248.18 - - [04/Apr/2018:14:25:55 ] "GET /saddles HTTP/1.0" 200 2996 "http://facebook.com" "Mozilla/5.0 (Linux; U; Android 2.3.5; en-us; HTC Vision Build/GRI40) AppleWebKit/533.1 (KHTML, like Gecko) Version/4.0 Mobile Safari/533.1"
46.189.127.255 - - [04/Apr/2018:14:25:56 ] "GET /wheelsets HTTP/1.0" 200 2874 "-" "Mozilla/5.0 (Windows NT 5.1; rv:31.0) Gecko/20100101 Firefox/31.0"
31.6.26.255 - - [04/Apr/2018:14:25:57 ] "GET /forks HTTP/1.0" 200 4521 "http://yandex.ru" "Mozilla/5.0 (Macintosh; Intel Mac OS X 10_9_2) AppleWebKit/537.36 (KHTML, like Gecko) Chrome/36.0.1944.0 Safari/537.36"
5.149.239.255 - - [04/Apr/2018:14:26:00 ] "GET /stems HTTP/1.0" 403 2484 "http://facebook.com" "Mozilla/5.0 (Macintosh; Intel Mac OS X 10_9_2) AppleWebKit/537.36 (KHTML, like Gecko) Chrome/36.0.1944.0 Safari/537.36"
46.189.128.0 - - [04/Apr/2018:14:26:03 ] "GET /forks HTTP/1.0" 200 4025 "http://yandex.ru" "Mozilla/4.0 (compatible; MSIE 7.0; Windows NT 6.0)"
2.17.218.200 - - [04/Apr/2018:14:26:05 ] "GET /stems HTTP/1.0" 200 4712 "http://emsch.com" "Mozilla/5.0 (Macintosh; Intel Mac OS X 10_9_2) AppleWebKit/537.36 (KHTML, like Gecko) Chrome/36.0.1944.0 Safari/537.36"
46.189.127.255 - - [04/Apr/2018:14:26:06 ] "GET /forks HTTP/1.0" 500 2177 "http://facebook.com" "Mozilla/5.0 (Windows NT 5.1; rv:31.0) Gecko/20100101 Firefox/31.0"
2.18.87.222 - - [04/Apr/2018:14:26:09 ] "GET /Store/cart.jsp?productID=1038 HTTP/1.0" 500 3347 "http://yandex.ru" "Mozilla/5.0 (Windows; U; Windows NT 6.1; rv:2.2) Gecko/20110201"
43.239.248.10 - - [04/Apr/2018:14:26:11 ] "GET /saddles HTTP/1.0" 200 4412 "http://emsch.com" "Mozilla/5.0 (Windows NT 5.1; rv:31.0) Gecko/20100101 Firefox/31.0"
46.189.128.200 - - [04/Apr/2018:14:26:12 ] "GET /shifters HTTP/1.0" 200 3914 "http://emsch.com" "Mozilla/5.0 (Linux; U; Android 2.3.5; en-us; HTC Vision Build/GRI40) AppleWebKit/533.1 (KHTML, like Gecko) Version/4.0 Mobile Safari/533.1"
179.93.224.39 - - [04/Apr/2018:14:26:15 ] "GET /saddles HTTP/1.0" 200 2694 "http://emsch.com" "Mozilla/5.0 (Linux; U; Android 2.3.5; en-us; HTC Vision Build/GRI40) AppleWebKit/533.1 (KHTML, like Gecko) Version/4.0 Mobile Safari/533.1"
46.189.128.0 - - [04/Apr/2018:14:26:16 ] "GET /Store/cart.jsp?productID=1487 HTTP/1.0" 200 2070 "http://yandex.ru" "Mozilla/4.0 (compatible; MSIE 7.0; Windows NT 6.0)"
31.6.26.133 - - [04/Apr/2018:14:26:18 ] "GET /handle-bars HTTP/1.0" 404 4478 "http://www.google.com" "Mozilla/5.0 (Windows; U; Windows NT 6.1; rv:2.2) Gecko/20110201"
2.18.87.100 - - [04/Apr/2018:14:26:19 ] "GET /handle-bars HTTP/1.0" 500 3257 "http://yandex.ru" "Mozilla/4.0 (compatible; MSIE 7.0; Windows NT 6.0)"
43.239.248.0 - - [04/Apr/2018:14:26:21 ] "GET /Store/cart.jsp?productID=1099 HTTP/1.0" 200 2668 "http://www.google.com" "Mozilla/4.0 (compatible; MSIE 7.0; Windows NT 6.0)"
41.59.255.255 - - [04/Apr/2018:14:26:22 ] "GET /seatposts HTTP/1.0" 200 4568 "-" "Mozilla/4.0 (compatible; MSIE 7.0; Windows NT 6.0)"
2.18.87.20 - - [04/Apr/2018:14:26:23 ] "GET /seatposts HTTP/1.0" 200 3216 "http://www.google.com" "Mozilla/4.0 (compatible; MSIE 7.0; Windows NT 6.0)"
2.17.218.100 - - [04/Apr/2018:14:26:24 ] "GET /Store/cart.jsp?productID=1257 HTTP/1.0" 200 3030 "http://facebook.com" "Mozilla/5.0 (Linux; U; Android 2.3.5; en-us; HTC Vision Build/GRI40) AppleWebKit/533.1 (KHTML, like Gecko) Version/4.0 Mobile Safari/533.1"
185.91.175.105 - - [04/Apr/2018:14:26:26 ] "GET /seatposts HTTP/1.0" 200 2034 "-" "Mozilla/5.0 (Macintosh; Intel Mac OS X 10_9_2) AppleWebKit/537.36 (KHTML, like Gecko) Chrome/36.0.1944.0 Safari/537.36"
244.157.45.12 - - [04/Apr/2018:14:26:28 ] "GET /shifters HTTP/1.0" 502 4346 "http://facebook.com" "Mozilla/5.0 (Windows; U; MSIE 9.0; WIndows NT 9.0; en-US))"
2.17.218.2 - - [04/Apr/2018:14:26:31 ] "GET /seatposts HTTP/1.0" 200 2533 "-" "Mozilla/5.0 (Windows NT 5.1; rv:31.0) Gecko/20100101 Firefox/31.0"
179.93.224.246 - - [04/Apr/2018:14:26:34 ] "GET /forks HTTP/1.0" 200 4731 "http://yandex.ru" "Mozilla/5.0 (Macintosh; Intel Mac OS X 10_9_2) AppleWebKit/537.36 (KHTML, like Gecko) Chrome/36.0.1944.0 Safari/537.36"
233.192.62.103 - - [04/Apr/2018:14:26:36 ] "GET /index.html HTTP/1.0" 404 4607 "-" "Mozilla/5.0 (Windows; U; MSIE 9.0; WIndows NT 9.0; en-US))"
2.17.218.2 - - [04/Apr/2018:14:26:37 ] "GET /saddles HTTP/1.0" 200 2979 "http://yandex.ru" "Mozilla/5.0 (Macintosh; Intel Mac OS X 10_9_2) AppleWebKit/537.36 (KHTML, like Gecko) Chrome/36.0.1944.0 Safari/537.36"
31.6.26.180 - - [04/Apr/2018:14:26:40 ] "GET /saddles HTTP/1.0" 200 3448 "-" "Mozilla/5.0 (Windows; U; Windows NT 6.1; rv:2.2) Gecko/20110201"
179.93.224.39 - - [04/Apr/2018:14:26:42 ] "GET /index.html HTTP/1.0" 200 3479 "-" "Mozilla/4.0 (compatible; MSIE 7.0; Windows NT 6.0)"
41.59.255.255 - - [04/Apr/2018:14:26:45 ] "GET /shifters HTTP/1.0" 200 3341 "http://emsch.com" "Mozilla/5.0 (Macintosh; Intel Mac OS X 10_9_2) AppleWebKit/537.36 (KHTML, like Gecko) Chrome/36.0.1944.0 Safari/537.36"
2.18.87.222 - - [04/Apr/2018:14:26:48 ] "GET /saddles HTTP/1.0" 503 4178 "http://emsch.com" "Mozilla/5.0 (Windows NT 5.1; rv:31.0) Gecko/20100101 Firefox/31.0"
185.91.175.74 - - [04/Apr/2018:14:26:51 ] "GET /stems HTTP/1.0" 200 3519 "http://emsch.com" "Mozilla/5.0 (Windows NT 5.1; rv:31.0) Gecko/20100101 Firefox/31.0"
179.93.224.149 - - [04/Apr/2018:14:26:52 ] "GET /Store/cart.jsp?productID=1141 HTTP/1.0" 404 4606 "-" "Mozilla/4.0 (compatible; MSIE 7.0; Windows NT 6.0)"
185.91.175.255 - - [04/Apr/2018:14:26:55 ] "GET /forks HTTP/1.0" 200 3852 "http://yandex.ru" "Mozilla/5.0 (Linux; U; Android 2.3.5; en-us; HTC Vision Build/GRI40) AppleWebKit/533.1 (KHTML, like Gecko) Version/4.0 Mobile Safari/533.1"
16.180.70.237 - - [04/Apr/2018:14:26:57 ] "GET /wheelsets HTTP/1.0" 200 4387 "http://yandex.ru" "Mozilla/5.0 (Linux; U; Android 2.3.5; en-us; HTC Vision Build/GRI40) AppleWebKit/533.1 (KHTML, like Gecko) Version/4.0 Mobile Safari/533.1"
41.59.255.255 - - [04/Apr/2018:14:26:58 ] "GET /handle-bars HTTP/1.0" 200 3184 "http://emsch.com" "Mozilla/5.0 (Windows NT 5.1; rv:31.0) Gecko/20100101 Firefox/31.0"
46.189.128.100 - - [04/Apr/2018:14:26:59 ] "GET /handle-bars HTTP/1.0" 200 4153 "http://facebook.com" "Mozilla/5.0 (Windows NT 5.1; rv:31.0) Gecko/20100101 Firefox/31.0"
46.189.128.150 - - [04/Apr/2018:14:27:01 ] "GET /saddles HTTP/1.0" 200 4357 "http://facebook.com" "Mozilla/5.0 (Windows NT 5.1; rv:31.0) Gecko/20100101 Firefox/31.0"
185.91.175.20 - - [04/Apr/2018:14:27:02 ] "GET /index.html HTTP/1.0" 200 2828 "http://emsch.com" "Mozilla/5.0 (Windows; U; Windows NT 6.1; rv:2.2) Gecko/20110201"
81.73.150.239 - - [04/Apr/2018:14:27:04 ] "GET /forks HTTP/1.0" 200 3819 "http://emsch.com" "Mozilla/5.0 (Macintosh; Intel Mac OS X 10_9_2) AppleWebKit/537.36 (KHTML, like Gecko) Chrome/36.0.1944.0 Safari/537.36"
2.17.218.1 - - [04/Apr/2018:14:27:07 ] "GET /forks HTTP/1.0" 200 2509 "-" "Mozilla/5.0 (Windows; U; Windows NT 6.1; rv:2.2) Gecko/20110201"
43.239.248.20 - - [04/Apr/2018:14:27:08 ] "GET /Store/cart.jsp?productID=1339 HTTP/1.0" 200 4891 "http://facebook.com" "Mozilla/5.0 (Macintosh; Intel Mac OS X 10_9_2) AppleWebKit/537.36 (KHTML, like Gecko) Chrome/36.0.1944.0 Safari/537.36"
185.91.175.13 - - [04/Apr/2018:14:27:10 ] "GET /Store/cart.jsp?productID=1406 HTTP/1.0" 200 3282 "http://yandex.ru" "Mozilla/5.0 (Windows NT 5.1; rv:31.0) Gecko/20100101 Firefox/31.0"
2.18.87.222 - - [04/Apr/2018:14:27:12 ] "GET /shifters HTTP/1.0" 200 4843 "http://www.google.com" "Mozilla/5.0 (Windows; U; MSIE 9.0; WIndows NT 9.0; en-US))"
43.239.248.16 - - [04/Apr/2018:14:27:13 ] "GET /index.html HTTP/1.0" 502 3818 "-" "Mozilla/4.0 (compatible; MSIE 7.0; Windows NT 6.0)"
31.47.255.255 - - [04/Apr/2018:14:27:16 ] "GET /wheelsets HTTP/1.0" 502 3465 "http://facebook.com" "Mozilla/5.0 (Macintosh; Intel Mac OS X 10_9_2) AppleWebKit/537.36 (KHTML, like Gecko) Chrome/36.0.1944.0 Safari/537.36"
46.189.127.255 - - [04/Apr/2018:14:27:18 ] "GET /index.html HTTP/1.0" 200 3034 "http://yandex.ru" "Mozilla/5.0 (iPad; CPU OS 6_0 like Mac OS X) AppleWebKit/536.26 (KHTML, like Gecko) Version/6.0 Mobile/10A5355d Safari/8536.25"
233.192.62.103 - - [04/Apr/2018:14:27:20 ] "GET /index.html HTTP/1.0" 200 2177 "-" "Mozilla/4.0 (compatible; MSIE 7.0; Windows NT 6.0)"
31.6.26.150 - - [04/Apr/2018:14:27:22 ] "GET /handle-bars HTTP/1.0" 200 2251 "http://facebook.com" "Mozilla/5.0 (Macintosh; Intel Mac OS X 10_9_2) AppleWebKit/537.36 (KHTML, like Gecko) Chrome/36.0.1944.0 Safari/537.36"
179.93.224.141 - - [04/Apr/2018:14:27:23 ] "GET /shifters HTTP/1.0" 403 2575 "-" "Mozilla/5.0 (Windows; U; MSIE 9.0; WIndows NT 9.0; en-US))"
41.59.255.215 - - [04/Apr/2018:14:27:24 ] "GET /handle-bars HTTP/1.0" 404 3576 "http://www.google.com" "Mozilla/5.0 (Windows; U; MSIE 9.0; WIndows NT 9.0; en-US))"
179.93.224.141 - - [04/Apr/2018:14:27:27 ] "GET /shifters HTTP/1.0" 200 2494 "http://yandex.ru" "Mozilla/5.0 (iPad; CPU OS 6_0 like Mac OS X) AppleWebKit/536.26 (KHTML, like Gecko) Version/6.0 Mobile/10A5355d Safari/8536.25"
41.59.25.12 - - [04/Apr/2018:14:27:30 ] "GET /Store/cart.jsp?productID=1164 HTTP/1.0" 404 4927 "http://www.google.com" "Mozilla/5.0 (Windows NT 5.1; rv:31.0) Gecko/20100101 Firefox/31.0"
16.180.70.237 - - [04/Apr/2018:14:27:33 ] "GET /seatposts HTTP/1.0" 200 3563 "http://emsch.com" "Mozilla/5.0 (Macintosh; Intel Mac OS X 10_9_2) AppleWebKit/537.36 (KHTML, like Gecko) Chrome/36.0.1944.0 Safari/537.36"
2.17.218.100 - - [04/Apr/2018:14:27:35 ] "GET /handle-bars HTTP/1.0" 200 4651 "http://www.google.com" "Mozilla/5.0 (Windows; U; Windows NT 6.1; rv:2.2) Gecko/20110201"
185.91.175.216 - - [04/Apr/2018:14:27:38 ] "GET /seatposts HTTP/1.0" 200 3586 "http://www.google.com" "Mozilla/5.0 (iPad; CPU OS 6_0 like Mac OS X) AppleWebKit/536.26 (KHTML, like Gecko) Version/6.0 Mobile/10A5355d Safari/8536.25"
218.193.16.244 - - [04/Apr/2018:14:27:40 ] "GET /handle-bars HTTP/1.0" 200 2334 "http://facebook.com" "Mozilla/5.0 (Windows; U; Windows NT 6.1; rv:2.2) Gecko/20110201"
31.6.26.180 - - [04/Apr/2018:14:27:43 ] "GET /wheelsets HTTP/1.0" 404 4565 "http://yandex.ru" "Mozilla/5.0 (Linux; U; Android 2.3.5; en-us; HTC Vision Build/GRI40) AppleWebKit/533.1 (KHTML, like Gecko) Version/4.0 Mobile Safari/533.1"
2.17.218.200 - - [04/Apr/2018:14:27:45 ] "GET /Store/cart.jsp?productID=1290 HTTP/1.0" 200 2318 "http://emsch.com" "Mozilla/5.0 (Macintosh; Intel Mac OS X 10_9_2) AppleWebKit/537.36 (KHTML, like Gecko) Chrome/36.0.1944.0 Safari/537.36"
37.189.100.100 - - [04/Apr/2018:14:27:48 ] "GET /index.html HTTP/1.0" 200 4307 "http://facebook.com" "Mozilla/5.0 (Windows NT 5.1; rv:31.0) Gecko/20100101 Firefox/31.0"
5.10.63.255 - - [04/Apr/2018:14:27:50 ] "GET /handle-bars HTTP/1.0" 404 2253 "http://emsch.com" "Mozilla/5.0 (iPad; CPU OS 6_0 like Mac OS X) AppleWebKit/536.26 (KHTML, like Gecko) Version/6.0 Mobile/10A5355d Safari/8536.25"
46.189.128.150 - - [04/Apr/2018:14:27:51 ] "GET /wheelsets HTTP/1.0" 200 3478 "http://yandex.ru" "Mozilla/5.0 (iPad; CPU OS 6_0 like Mac OS X) AppleWebKit/536.26 (KHTML, like Gecko) Version/6.0 Mobile/10A5355d Safari/8536.25"
46.189.128.10 - - [04/Apr/2018:14:27:54 ] "GET /shifters HTTP/1.0" 200 3638 "http://facebook.com" "Mozilla/5.0 (Windows; U; Windows NT 6.1; rv:2.2) Gecko/20110201"
2.18.87.100 - - [04/Apr/2018:14:27:56 ] "GET /wheelsets HTTP/1.0" 200 4153 "-" "Mozilla/5.0 (Windows; U; Windows NT 6.1; rv:2.2) Gecko/20110201"
46.189.127.255 - - [04/Apr/2018:14:27:58 ] "GET /seatposts HTTP/1.0" 200 3152 "http://yandex.ru" "Mozilla/5.0 (iPad; CPU OS 6_0 like Mac OS X) AppleWebKit/536.26 (KHTML, like Gecko) Version/6.0 Mobile/10A5355d Safari/8536.25"
114.214.178.92 - - [04/Apr/2018:14:28:00 ] "GET /wheelsets HTTP/1.0" 200 4858 "http://www.google.com" "Mozilla/5.0 (Macintosh; Intel Mac OS X 10_9_2) AppleWebKit/537.36 (KHTML, like Gecko) Chrome/36.0.1944.0 Safari/537.36"
43.239.248.10 - - [04/Apr/2018:14:28:01 ] "GET /index.html HTTP/1.0" 200 3201 "http://facebook.com" "Mozilla/5.0 (Macintosh; Intel Mac OS X 10_9_2) AppleWebKit/537.36 (KHTML, like Gecko) Chrome/36.0.1944.0 Safari/537.36"
2.18.87.1 - - [04/Apr/2018:14:28:03 ] "GET /handle-bars HTTP/1.0" 200 3403 "http://www.google.com" "Mozilla/5.0 (Macintosh; Intel Mac OS X 10_9_2) AppleWebKit/537.36 (KHTML, like Gecko) Chrome/36.0.1944.0 Safari/537.36"
5.10.63.255 - - [04/Apr/2018:14:28:04 ] "GET /index.html HTTP/1.0" 200 3812 "-" "Mozilla/5.0 (Macintosh; Intel Mac OS X 10_9_2) AppleWebKit/537.36 (KHTML, like Gecko) Chrome/36.0.1944.0 Safari/537.36"
2.17.218.0 - - [04/Apr/2018:14:28:05 ] "GET /Store/cart.jsp?productID=1498 HTTP/1.0" 200 4220 "http://emsch.com" "Mozilla/5.0 (Linux; U; Android 2.3.5; en-us; HTC Vision Build/GRI40) AppleWebKit/533.1 (KHTML, like Gecko) Version/4.0 Mobile Safari/533.1"
2.18.87.0 - - [04/Apr/2018:14:28:06 ] "GET /wheelsets HTTP/1.0" 200 2279 "http://emsch.com" "Mozilla/4.0 (compatible; MSIE 7.0; Windows NT 6.0)"
185.91.175.20 - - [04/Apr/2018:14:28:08 ] "GET /saddles HTTP/1.0" 200 3641 "http://emsch.com" "Mozilla/5.0 (Linux; U; Android 2.3.5; en-us; HTC Vision Build/GRI40) AppleWebKit/533.1 (KHTML, like Gecko) Version/4.0 Mobile Safari/533.1"
185.91.175.6 - - [04/Apr/2018:14:28:11 ] "GET /handle-bars HTTP/1.0" 200 3854 "http://emsch.com" "Mozilla/5.0 (iPad; CPU OS 6_0 like Mac OS X) AppleWebKit/536.26 (KHTML, like Gecko) Version/6.0 Mobile/10A5355d Safari/8536.25"
