46.189.128.0 - - [04/Apr/2018:14:54:48 ] "GET /seatposts HTTP/1.0" 200 3748 "http://facebook.com" "Mozilla/5.0 (Linux; U; Android 2.3.5; en-us; HTC Vision Build/GRI40) AppleWebKit/533.1 (KHTML, like Gecko) Version/4.0 Mobile Safari/533.1"
2.18.87.20 - - [04/Apr/2018:14:54:50 ] "GET /shifters HTTP/1.0" 200 4703 "-" "Mozilla/5.0 (Windows NT 5.1; rv:31.0) Gecko/20100101 Firefox/31.0"
2.17.218.200 - - [04/Apr/2018:14:54:53 ] "GET /forks HTTP/1.0" 200 4673 "http://facebook.com" "Mozilla/5.0 (Windows; U; Windows NT 6.1; rv:2.2) Gecko/20110201"
179.93.224.109 - - [04/Apr/2018:14:54:54 ] "GET /wheelsets HTTP/1.0" 200 3930 "http://www.google.com" "Mozilla/5.0 (Windows NT 5.1; rv:31.0) Gecko/20100101 Firefox/31.0"
46.189.128.0 - - [04/Apr/2018:14:54:56 ] "GET /forks HTTP/1.0" 503 4248 "-" "Mozilla/5.0 (iPad; CPU OS 6_0 like Mac OS X) AppleWebKit/536.26 (KHTML, like Gecko) Version/6.0 Mobile/10A5355d Safari/8536.25"
185.91.175.13 - - [04/Apr/2018:14:54:58 ] "GET /forks HTTP/1.0" 200 4033 "-" "Mozilla/5.0 (Windows NT 5.1; rv:31.0) Gecko/20100101 Firefox/31.0"
179.93.224.109 - - [04/Apr/2018:14:54:59 ] "GET /index.html HTTP/1.0" 200 3999 "http://facebook.com" "Mozilla/5.0 (Windows; U; MSIE 9.0; WIndows NT 9.0; en-US))"
37.189.101.103 - - [04/Apr/2018:14:55:02 ] "GET /stems HTTP/1.0" 200 3999 "http://facebook.com" "Mozilla/4.0 (compatible; MSIE 7.0; Windows NT 6.0)"
2.17.218.1 - - [04/Apr/2018:14:55:03 ] "GET /stems HTTP/1.0" 200 4997 "-" "Mozilla/5.0 (Windows; U; Windows NT 6.1; rv:2.2) Gecko/20110201"
46.189.128.0 - - [04/Apr/2018:14:55:06 ] "GET /index.html HTTP/1.0" 404 4947 "http://yandex.ru" "Mozilla/5.0 (Linux; U; Android 2.3.5; en-us; HTC Vision Build/GRI40) AppleWebKit/533.1 (KHTML, like Gecko) Version/4.0 Mobile Safari/533.1"
41.59.255.215 - - [04/Apr/2018:14:55:08 ] "GET /handle-bars HTTP/1.0" 200 2787 "-" "Mozilla/4.0 (compatible; MSIE 7.0; Windows NT 6.0)"
16.180.70.237 - - [04/Apr/2018:14:55:09 ] "GET /shifters HTTP/1.0" 200 2767 "http://facebook.com" "Mozilla/5.0 (iPad; CPU OS 6_0 like Mac OS X) AppleWebKit/536.26 (KHTML, like Gecko) Version/6.0 Mobile/10A5355d Safari/8536.25"
46.189.128.150 - - [04/Apr/2018:14:55:10 ] "GET /saddles HTTP/1.0" 200 4121 "http://facebook.com" "Mozilla/5.0 (Macintosh; Intel Mac OS X 10_9_2) AppleWebKit/537.36 (KHTML, like Gecko) Chrome/36.0.1944.0 Safari/537.36"
31.47.255.255 - - [04/Apr/2018:14:55:11 ] "GET /index.html HTTP/1.0" 200 2885 "http://emsch.com" "Mozilla/5.0 (Linux; U; Android 2.3.5; en-us; HTC Vision Build/GRI40) AppleWebKit/533.1 (KHTML, like Gecko) Version/4.0 Mobile Safari/533.1"
43.239.248.14 - - [04/Apr/2018:14:55:13 ] "GET /saddles HTTP/1.0" 200 4125 "http://www.google.com" "Mozilla/4.0 (compatible; MSIE 7.0; Windows NT 6.0)"
37.120.127.255 - - [04/Apr/2018:14:55:16 ] "GET /seatposts HTTP/1.0" 200 2404 "-" "Mozilla/5.0 (Windows; U; MSIE 9.0; WIndows NT 9.0; en-US))"
31.6.26.255 - - [04/Apr/2018:14:55:18 ] "GET /handle-bars HTTP/1.0" 200 4348 "http://yandex.ru" "Mozilla/5.0 (Windows; U; MSIE 9.0; WIndows NT 9.0; en-US))"
179.93.224.39 - - [04/Apr/2018:14:55:21 ] "GET /index.html HTTP/1.0" 200 3333 "http://yandex.ru" "Mozilla/5.0 (Macintosh; Intel Mac OS X 10_9_2) AppleWebKit/537.36 (KHTML, like Gecko) Chrome/36.0.1944.0 Safari/537.36"
41.59.255.215 - - [04/Apr/2018:14:55:24 ] "GET /saddles HTTP/1.0" 200 3241 "-" "Mozilla/5.0 (Windows NT 5.1; rv:31.0) Gecko/20100101 Firefox/31.0"
2.18.87.222 - - [04/Apr/2018:14:55:26 ] "GET /index.html HTTP/1.0" 200 4908 "http://emsch.com" "Mozilla/5.0 (Windows; U; Windows NT 6.1; rv:2.2) Gecko/20110201"
31.6.26.133 - - [04/Apr/2018:14:55:27 ] "GET /Store/cart.jsp?productID=1298 HTTP/1.0" 200 4201 "http://yandex.ru" "Mozilla/5.0 (Linux; U; Android 2.3.5; en-us; HTC Vision Build/GRI40) AppleWebKit/533.1 (KHTML, like Gecko) Version/4.0 Mobile Safari/533.1"
10.182.189.79 - - [04/Apr/2018:14:55:28 ] "GET /wheelsets HTTP/1.0" 200 3196 "http://www.google.com" "Mozilla/5.0 (Windows; U; MSIE 9.0; WIndows NT 9.0; en-US))"
2.18.87.20 - - [04/Apr/2018:14:55:31 ] "GET /forks HTTP/1.0" 200 3610 "http://www.google.com" "Mozilla/5.0 (iPad; CPU OS 6_0 like Mac OS X) AppleWebKit/536.26 (KHTML, like Gecko) Version/6.0 Mobile/10A5355d Safari/8536.25"
43.239.248.15 - - [04/Apr/2018:14:55:33 ] "GET /seatposts HTTP/1.0" 200 2121 "http://emsch.com" "Mozilla/4.0 (compatible; MSIE 7.0; Windows NT 6.0)"
233.192.62.103 - - [04/Apr/2018:14:55:36 ] "GET /handle-bars HTTP/1.0" 200 4436 "http://yandex.ru" "Mozilla/5.0 (Windows; U; MSIE 9.0; WIndows NT 9.0; en-US))"
2.17.218.200 - - [04/Apr/2018:14:55:37 ] "GET /wheelsets HTTP/1.0" 200 3959 "-" "Mozilla/5.0 (Windows; U; MSIE 9.0; WIndows NT 9.0; en-US))"
43.239.248.18 - - [04/Apr/2018:14:55:39 ] "GET /forks HTTP/1.0" 200 3945 "http://emsch.com" "Mozilla/5.0 (Windows NT 5.1; rv:31.0) Gecko/20100101 Firefox/31.0"
2.17.218.251 - - [04/Apr/2018:14:55:42 ] "GET /index.html HTTP/1.0" 404 2477 "http://yandex.ru" "Mozilla/5.0 (iPad; CPU OS 6_0 like Mac OS X) AppleWebKit/536.26 (KHTML, like Gecko) Version/6.0 Mobile/10A5355d Safari/8536.25"
41.59.255.255 - - [04/Apr/2018:14:55:44 ] "GET /stems HTTP/1.0" 200 4565 "http://facebook.com" "Mozilla/5.0 (Windows; U; MSIE 9.0; WIndows NT 9.0; en-US))"
2.18.87.100 - - [04/Apr/2018:14:55:47 ] "GET /forks HTTP/1.0" 200 4676 "http://facebook.com" "Mozilla/5.0 (Linux; U; Android 2.3.5; en-us; HTC Vision Build/GRI40) AppleWebKit/533.1 (KHTML, like Gecko) Version/4.0 Mobile Safari/533.1"
31.6.26.190 - - [04/Apr/2018:14:55:49 ] "GET /handle-bars HTTP/1.0" 200 4384 "http://www.google.com" "Mozilla/5.0 (iPad; CPU OS 6_0 like Mac OS X) AppleWebKit/536.26 (KHTML, like Gecko) Version/6.0 Mobile/10A5355d Safari/8536.25"
179.93.224.141 - - [04/Apr/2018:14:55:50 ] "GET /shifters HTTP/1.0" 200 2332 "http://facebook.com" "Mozilla/5.0 (Macintosh; Intel Mac OS X 10_9_2) AppleWebKit/537.36 (KHTML, like Gecko) Chrome/36.0.1944.0 Safari/537.36"
2.18.87.0 - - [04/Apr/2018:14:55:53 ] "GET /shifters HTTP/1.0" 403 3840 "http://facebook.com" "Mozilla/5.0 (Windows NT 5.1; rv:31.0) Gecko/20100101 Firefox/31.0"
41.59.25.12 - - [04/Apr/2018:14:55:55 ] "GET /wheelsets HTTP/1.0" 200 2428 "http://facebook.com" "Mozilla/5.0 (Windows NT 5.1; rv:31.0) Gecko/20100101 Firefox/31.0"
37.189.101.103 - - [04/Apr/2018:14:55:58 ] "GET /forks HTTP/1.0" 200 4749 "http://yandex.ru" "Mozilla/5.0 (Windows NT 5.1; rv:31.0) Gecko/20100101 Firefox/31.0"
31.6.26.190 - - [04/Apr/2018:14:56:00 ] "GET /shifters HTTP/1.0" 200 3285 "http://emsch.com" "Mozilla/5.0 (Linux; U; Android 2.3.5; en-us; HTC Vision Build/GRI40) AppleWebKit/533.1 (KHTML, like Gecko) Version/4.0 Mobile Safari/533.1"
2.17.218.2 - - [04/Apr/2018:14:56:01 ] "GET /handle-bars HTTP/1.0" 200 2312 "http://facebook.com" "Mozilla/5.0 (Windows; U; MSIE 9.0; WIndows NT 9.0; en-US))"
179.93.224.215 - - [04/Apr/2018:14:56:02 ] "GET /shifters HTTP/1.0" 500 4682 "http://facebook.com" "Mozilla/5.0 (Windows; U; MSIE 9.0; WIndows NT 9.0; en-US))"
41.59.255.215 - - [04/Apr/2018:14:56:03 ] "GET /handle-bars HTTP/1.0" 200 3290 "-" "Mozilla/5.0 (Windows; U; MSIE 9.0; WIndows NT 9.0; en-US))"
46.189.128.200 - - [04/Apr/2018:14:56:05 ] "GET /Store/cart.jsp?productID=1485 HTTP/1.0" 200 4491 "http://yandex.ru" "Mozilla/5.0 (Windows; U; MSIE 9.0; WIndows NT 9.0; en-US))"
31.6.26.150 - - [04/Apr/2018:14:56:06 ] "GET /seatposts HTTP/1.0" 200 2511 "-" "Mozilla/5.0 (Macintosh; Intel Mac OS X 10_9_2) AppleWebKit/537.36 (KHTML, like Gecko) Chrome/36.0.1944.0 Safari/537.36"
185.91.175.216 - - [04/Apr/2018:14:56:08 ] "GET /Store/cart.jsp?productID=1149 HTTP/1.0" 200 4172 "http://emsch.com" "Mozilla/5.0 (Windows; U; Windows NT 6.1; rv:2.2) Gecko/20110201"
41.59.255.255 - - [04/Apr/2018:14:56:10 ] "GET /handle-bars HTTP/1.0" 200 4015 "http://yandex.ru" "Mozilla/5.0 (Windows NT 5.1; rv:31.0) Gecko/20100101 Firefox/31.0"
43.239.248.0 - - [04/Apr/2018:14:56:11 ] "GET /handle-bars HTTP/1.0" 200 3157 "-" "Mozilla/5.0 (iPad; CPU OS 6_0 like Mac OS X) AppleWebKit/536.26 (KHTML, like Gecko) Version/6.0 Mobile/10A5355d Safari/8536.25"
43.239.248.14 - - [04/Apr/2018:14:56:12 ] "GET /Store/cart.jsp?productID=1401 HTTP/1.0" 200 2812 "http://www.google.com" "Mozilla/5.0 (Windows; U; Windows NT 6.1; rv:2.2) Gecko/20110201"
2.17.218.102 - - [04/Apr/2018:14:56:14 ] "GET /forks HTTP/1.0" 200 2747 "http://emsch.com" "Mozilla/5.0 (Macintosh; Intel Mac OS X 10_9_2) AppleWebKit/537.36 (KHTML, like Gecko) Chrome/36.0.1944.0 Safari/537.36"
2.18.87.20 - - [04/Apr/2018:14:56:15 ] "GET /handle-bars HTTP/1.0" 200 2772 "http://emsch.com" "Mozilla/5.0 (Windows; U; Windows NT 6.1; rv:2.2) Gecko/20110201"
41.59.255.255 - - [04/Apr/2018:14:56:18 ] "GET /shifters HTTP/1.0" 200 3240 "http://yandex.ru" "Mozilla/5.0 (Windows NT 5.1; rv:31.0) Gecko/20100101 Firefox/31.0"
43.239.248.16 - - [04/Apr/2018:14:56:19 ] "GET /seatposts HTTP/1.0" 200 3063 "-" "Mozilla/5.0 (Macintosh; Intel Mac OS X 10_9_2) AppleWebKit/537.36 (KHTML, like Gecko) Chrome/36.0.1944.0 Safari/537.36"
41.59.205.255 - - [04/Apr/2018:14:56:21 ] "GET /saddles HTTP/1.0" 200 2519 "-" "Mozilla/5.0 (Windows NT 5.1; rv:31.0) Gecko/20100101 Firefox/31.0"
179.93.224.141 - - [04/Apr/2018:14:56:24 ] "GET /Store/cart.jsp?productID=1466 HTTP/1.0" 200 4452 "http://www.google.com" "Mozilla/5.0 (Linux; U; Android 2.3.5; en-us; HTC Vision Build/GRI40) AppleWebKit/533.1 (KHTML, like Gecko) Version/4.0 Mobile Safari/533.1"
41.59.205.255 - - [04/Apr/2018:14:56:27 ] "GET /forks HTTP/1.0" 200 2028 "http://www.google.com" "Mozilla/5.0 (Windows NT 5.1; rv:31.0) Gecko/20100101 Firefox/31.0"
31.6.26.190 - - [04/Apr/2018:14:56:28 ] "GET /forks HTTP/1.0" 200 3414 "http://emsch.com" "Mozilla/5.0 (iPad; CPU OS 6_0 like Mac OS X) AppleWebKit/536.26 (KHTML, like Gecko) Version/6.0 Mobile/10A5355d Safari/8536.25"
10.182.189.79 - - [04/Apr/2018:14:56:29 ] "GET /stems HTTP/1.0" 200 2338 "http://emsch.com" "Mozilla/5.0 (Windows NT 5.1; rv:31.0) Gecko/20100101 Firefox/31.0"
43.239.248.15 - - [04/Apr/2018:14:56:32 ] "GET /forks HTTP/1.0" 404 3789 "-" "Mozilla/5.0 (Linux; U; Android 2.3.5; en-us; HTC Vision Build/GRI40) AppleWebKit/533.1 (KHTML, like Gecko) Version/4.0 Mobile Safari/533.1"
43.239.248.15 - - [04/Apr/2018:14:56:34 ] "GET /Store/cart.jsp?productID=1320 HTTP/1.0" 200 4102 "http://emsch.com" "Mozilla/5.0 (Macintosh; Intel Mac OS X 10_9_2) AppleWebKit/537.36 (KHTML, like Gecko) Chrome/36.0.1944.0 Safari/537.36"
114.214.178.92 - - [04/Apr/2018:14:56:37 ] "GET /forks HTTP/1.0" 200 2109 "-" "Mozilla/5.0 (Macintosh; Intel Mac OS X 10_9_2) AppleWebKit/537.36 (KHTML, like Gecko) Chrome/36.0.1944.0 Safari/537.36"
5.149.239.255 - - [04/Apr/2018:14:56:39 ] "GET /Store/cart.jsp?productID=1122 HTTP/1.0" 200 4309 "http://www.google.com" "Mozilla/5.0 (iPad; CPU OS 6_0 like Mac OS X) AppleWebKit/536.26 (KHTML, like Gecko) Version/6.0 Mobile/10A5355d Safari/8536.25"
43.239.248.16 - - [04/Apr/2018:14:56:41 ] "GET /Store/cart.jsp?productID=1388 HTTP/1.0" 200 3220 "http://emsch.com" "Mozilla/5.0 (Windows; U; Windows NT 6.1; rv:2.2) Gecko/20110201"
233.192.62.103 - - [04/Apr/2018:14:56:42 ] "GET /stems HTTP/1.0" 200 4039 "-" "Mozilla/5.0 (Windows NT 5.1; rv:31.0) Gecko/20100101 Firefox/31.0"
37.189.100.100 - - [04/Apr/2018:14:56:45 ] "GET /saddles HTTP/1.0" 200 4529 "-" "Mozilla/5.0 (Windows; U; Windows NT 6.1; rv:2.2) Gecko/20110201"
2.18.87.1 - - [04/Apr/2018:14:56:47 ] "GET /stems HTTP/1.0" 200 2646 "http://emsch.com" "Mozilla/5.0 (iPad; CPU OS 6_0 like Mac OS X) AppleWebKit/536.26 (KHTML, like Gecko) Version/6.0 Mobile/10A5355d Safari/8536.25"
41.59.255.255 - - [04/Apr/2018:14:56:50 ] "GET /forks HTTP/1.0" 200 4995 "-" "Mozilla/5.0 (Linux; U; Android 2.3.5; en-us; HTC Vision Build/GRI40) AppleWebKit/533.1 (KHTML, like Gecko) Version/4.0 Mobile Safari/533.1"
31.6.26.190 - - [04/Apr/2018:14:56:52 ] "GET /shifters HTTP/1.0" 200 2373 "http://emsch.com" "Mozilla/4.0 (compatible; MSIE 7.0; Windows NT 6.0)"
46.189.128.0 - - [04/Apr/2018:14:56:55 ] "GET /stems HTTP/1.0" 200 2639 "http://emsch.com" "Mozilla/5.0 (Windows; U; Windows NT 6.1; rv:2.2) Gecko/20110201"
46.189.127.255 - - [04/Apr/2018:14:56:58 ] "GET /stems HTTP/1.0" 200 2746 "http://facebook.com" "Mozilla/5.0 (Windows; U; MSIE 9.0; WIndows NT 9.0; en-US))"
31.6.26.255 - - [04/Apr/2018:14:57:00 ] "GET /handle-bars HTTP/1.0" 404 4790 "http://yandex.ru" "Mozilla/5.0 (Macintosh; Intel Mac OS X 10_9_2) AppleWebKit/537.36 (KHTML, like Gecko) Chrome/36.0.1944.0 Safari/537.36"
2.17.218.2 - - [04/Apr/2018:14:57:01 ] "GET /Store/cart.jsp?productID=1275 HTTP/1.0" 200 3438 "http://facebook.com" "Mozilla/5.0 (Macintosh; Intel Mac OS X 10_9_2) AppleWebKit/537.36 (KHTML, like Gecko) Chrome/36.0.1944.0 Safari/537.36"
31.6.26.180 - - [04/Apr/2018:14:57:04 ] "GET /handle-bars HTTP/1.0" 200 2146 "-" "Mozilla/5.0 (Windows NT 5.1; rv:31.0) Gecko/20100101 Firefox/31.0"
43.239.248.14 - - [04/Apr/2018:14:57:07 ] "GET /forks HTTP/1.0" 200 3555 "http://yandex.ru" "Mozilla/5.0 (Windows NT 5.1; rv:31.0) Gecko/20100101 Firefox/31.0"
2.17.218.251 - - [04/Apr/2018:14:57:08 ] "GET /stems HTTP/1.0" 200 4120 "http://www.google.com" "Mozilla/5.0 (Linux; U; Android 2.3.5; en-us; HTC Vision Build/GRI40) AppleWebKit/533.1 (KHTML, like Gecko) Version/4.0 Mobile Safari/533.1"
43.239.248.15 - - [04/Apr/2018:14:57:11 ] "GET /Store/cart.jsp?productID=1189 HTTP/1.0" 200 3050 "http://yandex.ru" "Mozilla/5.0 (Windows NT 5.1; rv:31.0) Gecko/20100101 Firefox/31.0"
43.239.248.10 - - [04/Apr/2018:14:57:13 ] "GET /saddles HTTP/1.0" 503 3390 "http://yandex.ru" "Mozilla/5.0 (Windows; U; Windows NT 6.1; rv:2.2) Gecko/20110201"
123.221.14.56 - - [04/Apr/2018:14:57:14 ] "GET /Store/cart.jsp?productID=1066 HTTP/1.0" 200 4432 "http://yandex.ru" "Mozilla/4.0 (compatible; MSIE 7.0; Windows NT 6.0)"
2.18.87.30 - - [04/Apr/2018:14:57:16 ] "GET /stems HTTP/1.0" 404 3044 "http://emsch.com" "Mozilla/5.0 (Windows; U; Windows NT 6.1; rv:2.2) Gecko/20110201"
31.6.26.150 - - [04/Apr/2018:14:57:19 ] "GET /Store/cart.jsp?productID=1018 HTTP/1.0" 200 3905 "http://www.google.com" "Mozilla/5.0 (Macintosh; Intel Mac OS X 10_9_2) AppleWebKit/537.36 (KHTML, like Gecko) Chrome/36.0.1944.0 Safari/537.36"
31.6.26.190 - - [04/Apr/2018:14:57:22 ] "GET /Store/cart.jsp?productID=1204 HTTP/1.0" 200 2717 "http://yandex.ru" "Mozilla/5.0 (Windows; U; MSIE 9.0; WIndows NT 9.0; en-US))"
31.6.26.150 - - [04/Apr/2018:14:57:25 ] "GET /index.html HTTP/1.0" 200 2793 "http://emsch.com" "Mozilla/5.0 (Windows; U; MSIE 9.0; WIndows NT 9.0; en-US))"
2.17.218.4 - - [04/Apr/2018:14:57:26 ] "GET /seatposts HTTP/1.0" 200 4875 "http://www.google.com" "Mozilla/5.0 (iPad; CPU OS 6_0 like Mac OS X) AppleWebKit/536.26 (KHTML, like Gecko) Version/6.0 Mobile/10A5355d Safari/8536.25"
218.193.16.244 - - [04/Apr/2018:14:57:28 ] "GET /stems HTTP/1.0" 200 2976 "-" "Mozilla/5.0 (iPad; CPU OS 6_0 like Mac OS X) AppleWebKit/536.26 (KHTML, like Gecko) Version/6.0 Mobile/10A5355d Safari/8536.25"
31.47.255.255 - - [04/Apr/2018:14:57:31 ] "GET /stems HTTP/1.0" 200 2185 "http://emsch.com" "Mozilla/4.0 (compatible; MSIE 7.0; Windows NT 6.0)"
41.59.205.255 - - [04/Apr/2018:14:57:32 ] "GET /wheelsets HTTP/1.0" 200 2638 "http://emsch.com" "Mozilla/5.0 (iPad; CPU OS 6_0 like Mac OS X) AppleWebKit/536.26 (KHTML, like Gecko) Version/6.0 Mobile/10A5355d Safari/8536.25"
5.149.239.255 - - [04/Apr/2018:14:57:35 ] "GET /shifters HTTP/1.0" 200 3274 "http://facebook.com" "Mozilla/4.0 (compatible; MSIE 7.0; Windows NT 6.0)"
2.17.218.251 - - [04/Apr/2018:14:57:36 ] "GET /stems HTTP/1.0" 502 4681 "-" "Mozilla/5.0 (Macintosh; Intel Mac OS X 10_9_2) AppleWebKit/537.36 (KHTML, like Gecko) Chrome/36.0.1944.0 Safari/537.36"
218.193.16.244 - - [04/Apr/2018:14:57:37 ] "GET /Store/cart.jsp?productID=1377 HTTP/1.0" 200 4650 "http://www.google.com" "Mozilla/5.0 (Macintosh; Intel Mac OS X 10_9_2) AppleWebKit/537.36 (KHTML, like Gecko) Chrome/36.0.1944.0 Safari/537.36"
218.193.16.244 - - [04/Apr/2018:14:57:40 ] "GET /index.html HTTP/1.0" 200 4690 "http://emsch.com" "Mozilla/5.0 (Windows NT 5.1; rv:31.0) Gecko/20100101 Firefox/31.0"
2.17.218.100 - - [04/Apr/2018:14:57:43 ] "GET /stems HTTP/1.0" 200 3651 "http://emsch.com" "Mozilla/4.0 (compatible; MSIE 7.0; Windows NT 6.0)"
16.180.70.237 - - [04/Apr/2018:14:57:46 ] "GET /stems HTTP/1.0" 200 4249 "-" "Mozilla/5.0 (Linux; U; Android 2.3.5; en-us; HTC Vision Build/GRI40) AppleWebKit/533.1 (KHTML, like Gecko) Version/4.0 Mobile Safari/533.1"
5.149.239.255 - - [04/Apr/2018:14:57:49 ] "GET /wheelsets HTTP/1.0" 200 4635 "http://emsch.com" "Mozilla/5.0 (Linux; U; Android 2.3.5; en-us; HTC Vision Build/GRI40) AppleWebKit/533.1 (KHTML, like Gecko) Version/4.0 Mobile Safari/533.1"
123.221.14.56 - - [04/Apr/2018:14:57:52 ] "GET /shifters HTTP/1.0" 200 3022 "http://facebook.com" "Mozilla/4.0 (compatible; MSIE 7.0; Windows NT 6.0)"
41.59.15.17 - - [04/Apr/2018:14:57:54 ] "GET /seatposts HTTP/1.0" 200 3238 "http://facebook.com" "Mozilla/5.0 (Windows; U; MSIE 9.0; WIndows NT 9.0; en-US))"
114.214.178.92 - - [04/Apr/2018:14:57:55 ] "GET /stems HTTP/1.0" 200 2320 "http://facebook.com" "Mozilla/5.0 (iPad; CPU OS 6_0 like Mac OS X) AppleWebKit/536.26 (KHTML, like Gecko) Version/6.0 Mobile/10A5355d Safari/8536.25"
218.193.16.244 - - [04/Apr/2018:14:57:57 ] "GET /wheelsets HTTP/1.0" 200 2460 "http://facebook.com" "Mozilla/5.0 (Windows; U; Windows NT 6.1; rv:2.2) Gecko/20110201"
2.18.87.30 - - [04/Apr/2018:14:57:59 ] "GET /Store/cart.jsp?productID=1148 HTTP/1.0" 200 4031 "http://yandex.ru" "Mozilla/5.0 (Windows; U; Windows NT 6.1; rv:2.2) Gecko/20110201"
81.73.150.239 - - [04/Apr/2018:14:58:02 ] "GET /wheelsets HTTP/1.0" 403 4475 "http://emsch.com" "Mozilla/5.0 (Windows NT 5.1; rv:31.0) Gecko/20100101 Firefox/31.0"
37.189.101.103 - - [04/Apr/2018:14:58:04 ] "GET /saddles HTTP/1.0" 200 4451 "-" "Mozilla/5.0 (Windows; U; Windows NT 6.1; rv:2.2) Gecko/20110201"
41.59.255.215 - - [04/Apr/2018:14:58:05 ] "GET /Store/cart.jsp?productID=1217 HTTP/1.0" 200 3400 "-" "Mozilla/5.0 (Macintosh; Intel Mac OS X 10_9_2) AppleWebKit/537.36 (KHTML, like Gecko) Chrome/36.0.1944.0 Safari/537.36"
46.189.128.200 - - [04/Apr/2018:14:58:06 ] "GET /forks HTTP/1.0" 200 4867 "http://facebook.com" "Mozilla/5.0 (Windows NT 5.1; rv:31.0) Gecko/20100101 Firefox/31.0"
81.73.150.239 - - [04/Apr/2018:14:58:07 ] "GET /forks HTTP/1.0" 200 2188 "http://facebook.com" "Mozilla/5.0 (Windows; U; Windows NT 6.1; rv:2.2) Gecko/20110201"
179.93.224.149 - - [04/Apr/2018:14:58:10 ] "GET /saddles HTTP/1.0" 200 2285 "http://www.google.com" "Mozilla/5.0 (Windows NT 5.1; rv:31.0) Gecko/20100101 Firefox/31.0"
233.192.62.103 - - [04/Apr/2018:14:58:12 ] "GET /Store/cart.jsp?productID=1089 HTTP/1.0" 200 3534 "http://facebook.com" "Mozilla/5.0 (iPad; CPU OS 6_0 like Mac OS X) AppleWebKit/536.26 (KHTML, like Gecko) Version/6.0 Mobile/10A5355d Safari/8536.25"
185.91.175.13 - - [04/Apr/2018:14:58:15 ] "GET /handle-bars HTTP/1.0" 200 4801 "http://www.google.com" "Mozilla/5.0 (Macintosh; Intel Mac OS X 10_9_2) AppleWebKit/537.36 (KHTML, like Gecko) Chrome/36.0.1944.0 Safari/537.36"
46.189.127.255 - - [04/Apr/2018:14:58:17 ] "GET /handle-bars HTTP/1.0" 200 4092 "http://www.google.com" "Mozilla/5.0 (Windows NT 5.1; rv:31.0) Gecko/20100101 Firefox/31.0"
218.193.16.244 - - [04/Apr/2018:14:58:20 ] "GET /Store/cart.jsp?productID=1245 HTTP/1.0" 403 4015 "http://www.google.com" "Mozilla/5.0 (iPad; CPU OS 6_0 like Mac OS X) AppleWebKit/536.26 (KHTML, like Gecko) Version/6.0 Mobile/10A5355d Safari/8536.25"
31.6.26.180 - - [04/Apr/2018:14:58:21 ] "GET /saddles HTTP/1.0" 200 2801 "http://facebook.com" "Mozilla/5.0 (iPad; CPU OS 6_0 like Mac OS X) AppleWebKit/536.26 (KHTML, like Gecko) Version/6.0 Mobile/10A5355d Safari/8536.25"
2.18.87.100 - - [04/Apr/2018:14:58:22 ] "GET /seatposts HTTP/1.0" 403 3254 "http://yandex.ru" "Mozilla/5.0 (Windows NT 5.1; rv:31.0) Gecko/20100101 Firefox/31.0"
43.239.248.20 - - [04/Apr/2018:14:58:24 ] "GET /forks HTTP/1.0" 200 4536 "http://yandex.ru" "Mozilla/5.0 (iPad; CPU OS 6_0 like Mac OS X) AppleWebKit/536.26 (KHTML, like Gecko) Version/6.0 Mobile/10A5355d Safari/8536.25"
179.93.224.149 - - [04/Apr/2018:14:58:25 ] "GET /Store/cart.jsp?productID=1481 HTTP/1.0" 200 2131 "http://emsch.com" "Mozilla/5.0 (Linux; U; Android 2.3.5; en-us; HTC Vision Build/GRI40) AppleWebKit/533.1 (KHTML, like Gecko) Version/4.0 Mobile Safari/533.1"
81.73.150.239 - - [04/Apr/2018:14:58:27 ] "GET /seatposts HTTP/1.0" 200 2576 "http://emsch.com" "Mozilla/5.0 (Windows; U; MSIE 9.0; WIndows NT 9.0; en-US))"
185.91.175.105 - - [04/Apr/2018:14:58:28 ] "GET /index.html HTTP/1.0" 404 4965 "http://facebook.com" "Mozilla/4.0 (compatible; MSIE 7.0; Windows NT 6.0)"
233.192.62.103 - - [04/Apr/2018:14:58:30 ] "GET /shifters HTTP/1.0" 200 4884 "http://facebook.com" "Mozilla/5.0 (Macintosh; Intel Mac OS X 10_9_2) AppleWebKit/537.36 (KHTML, like Gecko) Chrome/36.0.1944.0 Safari/537.36"
2.17.218.100 - - [04/Apr/2018:14:58:31 ] "GET /shifters HTTP/1.0" 200 3891 "http://facebook.com" "Mozilla/5.0 (Macintosh; Intel Mac OS X 10_9_2) AppleWebKit/537.36 (KHTML, like Gecko) Chrome/36.0.1944.0 Safari/537.36"
185.91.175.13 - - [04/Apr/2018:14:58:33 ] "GET /seatposts HTTP/1.0" 502 4818 "http://www.google.com" "Mozilla/5.0 (Windows; U; Windows NT 6.1; rv:2.2) Gecko/20110201"
179.93.224.215 - - [04/Apr/2018:14:58:36 ] "GET /shifters HTTP/1.0" 200 3204 "http://yandex.ru" "Mozilla/5.0 (Windows NT 5.1; rv:31.0) Gecko/20100101 Firefox/31.0"
46.189.128.10 - - [04/Apr/2018:14:58:37 ] "GET /index.html HTTP/1.0" 200 2896 "http://facebook.com" "Mozilla/5.0 (iPad; CPU OS 6_0 like Mac OS X) AppleWebKit/536.26 (KHTML, like Gecko) Version/6.0 Mobile/10A5355d Safari/8536.25"
16.180.70.237 - - [04/Apr/2018:14:58:39 ] "GET /forks HTTP/1.0" 200 3423 "http://www.google.com" "Mozilla/5.0 (Linux; U; Android 2.3.5; en-us; HTC Vision Build/GRI40) AppleWebKit/533.1 (KHTML, like Gecko) Version/4.0 Mobile Safari/533.1"
31.6.26.128 - - [04/Apr/2018:14:58:42 ] "GET /shifters HTTP/1.0" 200 2137 "http://facebook.com" "Mozilla/5.0 (Windows NT 5.1; rv:31.0) Gecko/20100101 Firefox/31.0"
2.17.218.251 - - [04/Apr/2018:14:58:43 ] "GET /shifters HTTP/1.0" 200 2269 "http://yandex.ru" "Mozilla/5.0 (Windows NT 5.1; rv:31.0) Gecko/20100101 Firefox/31.0"
31.6.26.180 - - [04/Apr/2018:14:58:44 ] "GET /saddles HTTP/1.0" 200 2202 "http://www.google.com" "Mozilla/5.0 (Windows NT 5.1; rv:31.0) Gecko/20100101 Firefox/31.0"
2.17.218.251 - - [04/Apr/2018:14:58:47 ] "GET /saddles HTTP/1.0" 200 2423 "http://yandex.ru" "Mozilla/5.0 (iPad; CPU OS 6_0 like Mac OS X) AppleWebKit/536.26 (KHTML, like Gecko) Version/6.0 Mobile/10A5355d Safari/8536.25"
31.6.26.150 - - [04/Apr/2018:14:58:50 ] "GET /saddles HTTP/1.0" 200 2617 "-" "Mozilla/5.0 (Windows; U; Windows NT 6.1; rv:2.2) Gecko/20110201"
46.189.127.255 - - [04/Apr/2018:14:58:52 ] "GET /seatposts HTTP/1.0" 200 3942 "-" "Mozilla/4.0 (compatible; MSIE 7.0; Windows NT 6.0)"
185.91.175.137 - - [04/Apr/2018:14:58:54 ] "GET /shifters HTTP/1.0" 200 2930 "http://facebook.com" "Mozilla/5.0 (Linux; U; Android 2.3.5; en-us; HTC Vision Build/GRI40) AppleWebKit/533.1 (KHTML, like Gecko) Version/4.0 Mobile Safari/533.1"
37.189.101.103 - - [04/Apr/2018:14:58:57 ] "GET /wheelsets HTTP/1.0" 500 2549 "-" "Mozilla/5.0 (Windows NT 5.1; rv:31.0) Gecko/20100101 Firefox/31.0"
16.180.70.237 - - [04/Apr/2018:14:58:59 ] "GET /saddles HTTP/1.0" 200 2286 "http://emsch.com" "Mozilla/5.0 (iPad; CPU OS 6_0 like Mac OS X) AppleWebKit/536.26 (KHTML, like Gecko) Version/6.0 Mobile/10A5355d Safari/8536.25"
31.6.26.128 - - [04/Apr/2018:14:59:00 ] "GET /handle-bars HTTP/1.0" 200 4936 "http://facebook.com" "Mozilla/4.0 (compatible; MSIE 7.0; Windows NT 6.0)"
5.10.63.255 - - [04/Apr/2018:14:59:01 ] "GET /shifters HTTP/1.0" 200 2278 "http://www.google.com" "Mozilla/5.0 (Macintosh; Intel Mac OS X 10_9_2) AppleWebKit/537.36 (KHTML, like Gecko) Chrome/36.0.1944.0 Safari/537.36"
185.91.175.216 - - [04/Apr/2018:14:59:02 ] "GET /index.html HTTP/1.0" 200 3884 "http://facebook.com" "Mozilla/5.0 (Windows; U; MSIE 9.0; WIndows NT 9.0; en-US))"
2.17.218.1 - - [04/Apr/2018:14:59:05 ] "GET /stems HTTP/1.0" 200 4074 "http://www.google.com" "Mozilla/5.0 (Windows; U; MSIE 9.0; WIndows NT 9.0; en-US))"
41.59.25.12 - - [04/Apr/2018:14:59:08 ] "GET /index.html HTTP/1.0" 403 4370 "http://facebook.com" "Mozilla/5.0 (Windows NT 5.1; rv:31.0) Gecko/20100101 Firefox/31.0"
43.239.248.14 - - [04/Apr/2018:14:59:09 ] "GET /saddles HTTP/1.0" 200 4837 "http://emsch.com" "Mozilla/5.0 (Linux; U; Android 2.3.5; en-us; HTC Vision Build/GRI40) AppleWebKit/533.1 (KHTML, like Gecko) Version/4.0 Mobile Safari/533.1"
218.193.16.244 - - [04/Apr/2018:14:59:12 ] "GET /index.html HTTP/1.0" 502 2496 "http://emsch.com" "Mozilla/5.0 (Linux; U; Android 2.3.5; en-us; HTC Vision Build/GRI40) AppleWebKit/533.1 (KHTML, like Gecko) Version/4.0 Mobile Safari/533.1"
2.17.218.200 - - [04/Apr/2018:14:59:13 ] "GET /seatposts HTTP/1.0" 200 3574 "-" "Mozilla/5.0 (Windows NT 5.1; rv:31.0) Gecko/20100101 Firefox/31.0"
31.6.26.133 - - [04/Apr/2018:14:59:15 ] "GET /saddles HTTP/1.0" 200 4931 "-" "Mozilla/4.0 (compatible; MSIE 7.0; Windows NT 6.0)"
123.221.14.56 - - [04/Apr/2018:14:59:17 ] "GET /saddles HTTP/1.0" 200 2103 "-" "Mozilla/5.0 (Windows; U; MSIE 9.0; WIndows NT 9.0; en-US))"
2.17.218.251 - - [04/Apr/2018:14:59:18 ] "GET /shifters HTTP/1.0" 404 4518 "http://yandex.ru" "Mozilla/5.0 (Macintosh; Intel Mac OS X 10_9_2) AppleWebKit/537.36 (KHTML, like Gecko) Chrome/36.0.1944.0 Safari/537.36"
185.91.175.13 - - [04/Apr/2018:14:59:20 ] "GET /Store/cart.jsp?productID=1049 HTTP/1.0" 200 2130 "http://yandex.ru" "Mozilla/5.0 (iPad; CPU OS 6_0 like Mac OS X) AppleWebKit/536.26 (KHTML, like Gecko) Version/6.0 Mobile/10A5355d Safari/8536.25"
31.6.26.180 - - [04/Apr/2018:14:59:22 ] "GET /saddles HTTP/1.0" 200 4096 "http://emsch.com" "Mozilla/5.0 (Macintosh; Intel Mac OS X 10_9_2) AppleWebKit/537.36 (KHTML, like Gecko) Chrome/36.0.1944.0 Safari/537.36"
2.18.87.222 - - [04/Apr/2018:14:59:25 ] "GET /stems HTTP/1.0" 200 4569 "-" "Mozilla/5.0 (Windows NT 5.1; rv:31.0) Gecko/20100101 Firefox/31.0"
2.17.218.100 - - [04/Apr/2018:14:59:28 ] "GET /saddles HTTP/1.0" 503 2810 "http://facebook.com" "Mozilla/5.0 (Windows; U; Windows NT 6.1; rv:2.2) Gecko/20110201"
185.91.175.255 - - [04/Apr/2018:14:59:31 ] "GET /saddles HTTP/1.0" 200 3980 "http://emsch.com" "Mozilla/4.0 (compatible; MSIE 7.0; Windows NT 6.0)"
2.17.218.4 - - [04/Apr/2018:14:59:34 ] "GET /shifters HTTP/1.0" 200 3502 "-" "Mozilla/4.0 (compatible; MSIE 7.0; Windows NT 6.0)"
46.189.127.255 - - [04/Apr/2018:14:59:37 ] "GET /handle-bars HTTP/1.0" 200 4095 "-" "Mozilla/5.0 (Macintosh; Intel Mac OS X 10_9_2) AppleWebKit/537.36 (KHTML, like Gecko) Chrome/36.0.1944.0 Safari/537.36"
46.189.128.200 - - [04/Apr/2018:14:59:40 ] "GET /wheelsets HTTP/1.0" 403 2661 "http://www.google.com" "Mozilla/5.0 (iPad; CPU OS 6_0 like Mac OS X) AppleWebKit/536.26 (KHTML, like Gecko) Version/6.0 Mobile/10A5355d Safari/8536.25"
185.91.175.13 - - [04/Apr/2018:14:59:43 ] "GET /handle-bars HTTP/1.0" 200 3735 "http://facebook.com" "Mozilla/5.0 (Linux; U; Android 2.3.5; en-us; HTC Vision Build/GRI40) AppleWebKit/533.1 (KHTML, like Gecko) Version/4.0 Mobile Safari/533.1"
114.214.178.92 - - [04/Apr/2018:14:59:44 ] "GET /shifters HTTP/1.0" 200 4914 "http://yandex.ru" "Mozilla/5.0 (Windows NT 5.1; rv:31.0) Gecko/20100101 Firefox/31.0"
41.59.205.255 - - [04/Apr/2018:14:59:45 ] "GET /wheelsets HTTP/1.0" 200 4665 "http://yandex.ru" "Mozilla/4.0 (compatible; MSIE 7.0; Windows NT 6.0)"
5.149.239.255 - - [04/Apr/2018:14:59:47 ] "GET /saddles HTTP/1.0" 502 2539 "http://emsch.com" "Mozilla/5.0 (Windows; U; Windows NT 6.1; rv:2.2) Gecko/20110201"
41.59.205.255 - - [04/Apr/2018:14:59:50 ] "GET /saddles HTTP/1.0" 200 2636 "http://facebook.com" "Mozilla/5.0 (Windows; U; Windows NT 6.1; rv:2.2) Gecko/20110201"
2.18.87.10 - - [04/Apr/2018:14:59:53 ] "GET /seatposts HTTP/1.0" 503 2017 "http://yandex.ru" "Mozilla/5.0 (Linux; U; Android 2.3.5; en-us; HTC Vision Build/GRI40) AppleWebKit/533.1 (KHTML, like Gecko) Version/4.0 Mobile Safari/533.1"
31.6.26.180 - - [04/Apr/2018:14:59:54 ] "GET /seatposts HTTP/1.0" 200 2534 "http://yandex.ru" "Mozilla/5.0 (Windows; U; Windows NT 6.1; rv:2.2) Gecko/20110201"
43.239.248.10 - - [04/Apr/2018:14:59:55 ] "GET /seatposts HTTP/1.0" 200 3723 "http://facebook.com" "Mozilla/4.0 (compatible; MSIE 7.0; Windows NT 6.0)"
179.93.224.246 - - [04/Apr/2018:14:59:57 ] "GET /shifters HTTP/1.0" 500 2799 "http://emsch.com" "Mozilla/5.0 (Windows NT 5.1; rv:31.0) Gecko/20100101 Firefox/31.0"
41.59.15.17 - - [04/Apr/2018:15:00:00 ] "GET /shifters HTTP/1.0" 200 2238 "http://yandex.ru" "Mozilla/5.0 (Linux; U; Android 2.3.5; en-us; HTC Vision Build/GRI40) AppleWebKit/533.1 (KHTML, like Gecko) Version/4.0 Mobile Safari/533.1"
46.189.128.10 - - [04/Apr/2018:15:00:03 ] "GET /seatposts HTTP/1.0" 200 4262 "http://www.google.com" "Mozilla/5.0 (Windows; U; Windows NT 6.1; rv:2.2) Gecko/20110201"
237.43.24.118 - - [04/Apr/2018:15:00:04 ] "GET /index.html HTTP/1.0" 404 4420 "http://yandex.ru" "Mozilla/5.0 (Linux; U; Android 2.3.5; en-us; HTC Vision Build/GRI40) AppleWebKit/533.1 (KHTML, like Gecko) Version/4.0 Mobile Safari/533.1"
43.239.248.0 - - [04/Apr/2018:15:00:06 ] "GET /handle-bars HTTP/1.0" 403 3585 "http://facebook.com" "Mozilla/5.0 (Windows; U; Windows NT 6.1; rv:2.2) Gecko/20110201"
16.180.70.237 - - [04/Apr/2018:15:00:08 ] "GET /shifters HTTP/1.0" 200 2733 "http://emsch.com" "Mozilla/5.0 (Windows NT 5.1; rv:31.0) Gecko/20100101 Firefox/31.0"
46.189.128.130 - - [04/Apr/2018:15:00:11 ] "GET /wheelsets HTTP/1.0" 200 4161 "http://emsch.com" "Mozilla/5.0 (Linux; U; Android 2.3.5; en-us; HTC Vision Build/GRI40) AppleWebKit/533.1 (KHTML, like Gecko) Version/4.0 Mobile Safari/533.1"
233.192.62.103 - - [04/Apr/2018:15:00:12 ] "GET /shifters HTTP/1.0" 200 3008 "http://yandex.ru" "Mozilla/5.0 (Macintosh; Intel Mac OS X 10_9_2) AppleWebKit/537.36 (KHTML, like Gecko) Chrome/36.0.1944.0 Safari/537.36"
179.93.224.141 - - [04/Apr/2018:15:00:15 ] "GET /saddles HTTP/1.0" 200 3643 "http://facebook.com" "Mozilla/5.0 (Linux; U; Android 2.3.5; en-us; HTC Vision Build/GRI40) AppleWebKit/533.1 (KHTML, like Gecko) Version/4.0 Mobile Safari/533.1"
114.214.178.92 - - [04/Apr/2018:15:00:18 ] "GET /forks HTTP/1.0" 200 3696 "http://www.google.com" "Mozilla/5.0 (Windows; U; MSIE 9.0; WIndows NT 9.0; en-US))"
185.91.175.216 - - [04/Apr/2018:15:00:20 ] "GET /stems HTTP/1.0" 200 4475 "http://yandex.ru" "Mozilla/4.0 (compatible; MSIE 7.0; Windows NT 6.0)"
31.6.26.255 - - [04/Apr/2018:15:00:21 ] "GET /shifters HTTP/1.0" 200 4848 "http://yandex.ru" "Mozilla/5.0 (Windows; U; Windows NT 6.1; rv:2.2) Gecko/20110201"
198.122.118.164 - - [04/Apr/2018:15:00:24 ] "GET /stems HTTP/1.0" 200 2715 "-" "Mozilla/5.0 (Windows; U; Windows NT 6.1; rv:2.2) Gecko/20110201"
2.17.218.2 - - [04/Apr/2018:15:00:27 ] "GET /forks HTTP/1.0" 200 3667 "http://emsch.com" "Mozilla/5.0 (Macintosh; Intel Mac OS X 10_9_2) AppleWebKit/537.36 (KHTML, like Gecko) Chrome/36.0.1944.0 Safari/537.36"
81.73.150.239 - - [04/Apr/2018:15:00:28 ] "GET /Store/cart.jsp?productID=1179 HTTP/1.0" 503 4201 "-" "Mozilla/5.0 (Macintosh; Intel Mac OS X 10_9_2) AppleWebKit/537.36 (KHTML, like Gecko) Chrome/36.0.1944.0 Safari/537.36"
41.59.205.255 - - [04/Apr/2018:15:00:31 ] "GET /wheelsets HTTP/1.0" 403 2205 "http://yandex.ru" "Mozilla/5.0 (iPad; CPU OS 6_0 like Mac OS X) AppleWebKit/536.26 (KHTML, like Gecko) Version/6.0 Mobile/10A5355d Safari/8536.25"
185.91.175.13 - - [04/Apr/2018:15:00:33 ] "GET /forks HTTP/1.0" 404 4268 "http://facebook.com" "Mozilla/5.0 (Windows; U; Windows NT 6.1; rv:2.2) Gecko/20110201"
43.239.248.10 - - [04/Apr/2018:15:00:35 ] "GET /wheelsets HTTP/1.0" 200 3153 "http://yandex.ru" "Mozilla/5.0 (Linux; U; Android 2.3.5; en-us; HTC Vision Build/GRI40) AppleWebKit/533.1 (KHTML, like Gecko) Version/4.0 Mobile Safari/533.1"
31.6.26.133 - - [04/Apr/2018:15:00:38 ] "GET /Store/cart.jsp?productID=1266 HTTP/1.0" 200 3873 "http://yandex.ru" "Mozilla/5.0 (Linux; U; Android 2.3.5; en-us; HTC Vision Build/GRI40) AppleWebKit/533.1 (KHTML, like Gecko) Version/4.0 Mobile Safari/533.1"
5.10.63.255 - - [04/Apr/2018:15:00:41 ] "GET /wheelsets HTTP/1.0" 200 3117 "http://yandex.ru" "Mozilla/4.0 (compatible; MSIE 7.0; Windows NT 6.0)"
185.91.175.255 - - [04/Apr/2018:15:00:43 ] "GET /handle-bars HTTP/1.0" 200 3838 "http://facebook.com" "Mozilla/5.0 (iPad; CPU OS 6_0 like Mac OS X) AppleWebKit/536.26 (KHTML, like Gecko) Version/6.0 Mobile/10A5355d Safari/8536.25"
179.93.224.141 - - [04/Apr/2018:15:00:44 ] "GET /forks HTTP/1.0" 500 3555 "http://emsch.com" "Mozilla/5.0 (Linux; U; Android 2.3.5; en-us; HTC Vision Build/GRI40) AppleWebKit/533.1 (KHTML, like Gecko) Version/4.0 Mobile Safari/533.1"
179.93.224.246 - - [04/Apr/2018:15:00:47 ] "GET /stems HTTP/1.0" 200 3256 "http://yandex.ru" "Mozilla/5.0 (Windows; U; Windows NT 6.1; rv:2.2) Gecko/20110201"
179.93.224.39 - - [04/Apr/2018:15:00:49 ] "GET /shifters HTTP/1.0" 404 3737 "http://facebook.com" "Mozilla/5.0 (Windows; U; Windows NT 6.1; rv:2.2) Gecko/20110201"
31.6.26.128 - - [04/Apr/2018:15:00:52 ] "GET /seatposts HTTP/1.0" 503 4810 "http://yandex.ru" "Mozilla/5.0 (Windows; U; MSIE 9.0; WIndows NT 9.0; en-US))"
179.93.224.215 - - [04/Apr/2018:15:00:53 ] "GET /shifters HTTP/1.0" 200 4418 "http://facebook.com" "Mozilla/5.0 (Windows; U; MSIE 9.0; WIndows NT 9.0; en-US))"
185.91.175.216 - - [04/Apr/2018:15:00:56 ] "GET /forks HTTP/1.0" 502 2321 "http://emsch.com" "Mozilla/5.0 (iPad; CPU OS 6_0 like Mac OS X) AppleWebKit/536.26 (KHTML, like Gecko) Version/6.0 Mobile/10A5355d Safari/8536.25"
185.91.175.216 - - [04/Apr/2018:15:00:58 ] "GET /wheelsets HTTP/1.0" 200 2167 "http://facebook.com" "Mozilla/5.0 (Windows; U; MSIE 9.0; WIndows NT 9.0; en-US))"
2.18.87.30 - - [04/Apr/2018:15:01:01 ] "GET /shifters HTTP/1.0" 200 2602 "http://emsch.com" "Mozilla/5.0 (Macintosh; Intel Mac OS X 10_9_2) AppleWebKit/537.36 (KHTML, like Gecko) Chrome/36.0.1944.0 Safari/537.36"
5.149.239.255 - - [04/Apr/2018:15:01:04 ] "GET /handle-bars HTTP/1.0" 200 4945 "http://emsch.com" "Mozilla/5.0 (Macintosh; Intel Mac OS X 10_9_2) AppleWebKit/537.36 (KHTML, like Gecko) Chrome/36.0.1944.0 Safari/537.36"
41.59.15.17 - - [04/Apr/2018:15:01:06 ] "GET /seatposts HTTP/1.0" 200 2935 "http://yandex.ru" "Mozilla/5.0 (Linux; U; Android 2.3.5; en-us; HTC Vision Build/GRI40) AppleWebKit/533.1 (KHTML, like Gecko) Version/4.0 Mobile Safari/533.1"
114.214.178.92 - - [04/Apr/2018:15:01:08 ] "GET /wheelsets HTTP/1.0" 200 4890 "http://yandex.ru" "Mozilla/5.0 (Macintosh; Intel Mac OS X 10_9_2) AppleWebKit/537.36 (KHTML, like Gecko) Chrome/36.0.1944.0 Safari/537.36"
31.6.26.255 - - [04/Apr/2018:15:01:10 ] "GET /Store/cart.jsp?productID=1095 HTTP/1.0" 200 2312 "http://www.google.com" "Mozilla/5.0 (Linux; U; Android 2.3.5; en-us; HTC Vision Build/GRI40) AppleWebKit/533.1 (KHTML, like Gecko) Version/4.0 Mobile Safari/533.1"
179.93.224.246 - - [04/Apr/2018:15:01:13 ] "GET /seatposts HTTP/1.0" 200 4598 "http://yandex.ru" "Mozilla/5.0 (Windows; U; MSIE 9.0; WIndows NT 9.0; en-US))"
2.18.87.10 - - [04/Apr/2018:15:01:16 ] "GET /Store/cart.jsp?productID=1296 HTTP/1.0" 503 3863 "http://facebook.com" "Mozilla/5.0 (Windows; U; MSIE 9.0; WIndows NT 9.0; en-US))"
43.239.248.10 - - [04/Apr/2018:15:01:19 ] "GET /index.html HTTP/1.0" 200 2226 "http://yandex.ru" "Mozilla/5.0 (iPad; CPU OS 6_0 like Mac OS X) AppleWebKit/536.26 (KHTML, like Gecko) Version/6.0 Mobile/10A5355d Safari/8536.25"
43.239.248.20 - - [04/Apr/2018:15:01:21 ] "GET /forks HTTP/1.0" 200 2863 "-" "Mozilla/5.0 (Windows; U; MSIE 9.0; WIndows NT 9.0; en-US))"
2.17.218.2 - - [04/Apr/2018:15:01:22 ] "GET /forks HTTP/1.0" 200 4843 "-" "Mozilla/5.0 (Windows NT 5.1; rv:31.0) Gecko/20100101 Firefox/31.0"
2.17.218.102 - - [04/Apr/2018:15:01:24 ] "GET /forks HTTP/1.0" 200 2132 "http://yandex.ru" "Mozilla/5.0 (Macintosh; Intel Mac OS X 10_9_2) AppleWebKit/537.36 (KHTML, like Gecko) Chrome/36.0.1944.0 Safari/537.36"
2.18.87.10 - - [04/Apr/2018:15:01:25 ] "GET /stems HTTP/1.0" 200 4187 "-" "Mozilla/5.0 (Windows; U; MSIE 9.0; WIndows NT 9.0; en-US))"
2.18.87.100 - - [04/Apr/2018:15:01:28 ] "GET /wheelsets HTTP/1.0" 403 3128 "http://facebook.com" "Mozilla/5.0 (Windows; U; MSIE 9.0; WIndows NT 9.0; en-US))"
46.189.128.130 - - [04/Apr/2018:15:01:29 ] "GET /shifters HTTP/1.0" 200 4523 "http://www.google.com" "Mozilla/5.0 (Windows; U; Windows NT 6.1; rv:2.2) Gecko/20110201"
218.193.16.244 - - [04/Apr/2018:15:01:32 ] "GET /wheelsets HTTP/1.0" 200 3178 "http://yandex.ru" "Mozilla/5.0 (Linux; U; Android 2.3.5; en-us; HTC Vision Build/GRI40) AppleWebKit/533.1 (KHTML, like Gecko) Version/4.0 Mobile Safari/533.1"
46.189.128.130 - - [04/Apr/2018:15:01:33 ] "GET /seatposts HTTP/1.0" 200 4217 "http://facebook.com" "Mozilla/5.0 (Windows; U; MSIE 9.0; WIndows NT 9.0; en-US))"
2.18.87.222 - - [04/Apr/2018:15:01:35 ] "GET /forks HTTP/1.0" 503 4681 "-" "Mozilla/5.0 (Windows NT 5.1; rv:31.0) Gecko/20100101 Firefox/31.0"
31.6.26.150 - - [04/Apr/2018:15:01:38 ] "GET /stems HTTP/1.0" 200 3252 "http://emsch.com" "Mozilla/5.0 (Windows; U; Windows NT 6.1; rv:2.2) Gecko/20110201"
31.6.26.150 - - [04/Apr/2018:15:01:41 ] "GET /shifters HTTP/1.0" 200 3723 "http://emsch.com" "Mozilla/5.0 (iPad; CPU OS 6_0 like Mac OS X) AppleWebKit/536.26 (KHTML, like Gecko) Version/6.0 Mobile/10A5355d Safari/8536.25"
2.18.87.30 - - [04/Apr/2018:15:01:43 ] "GET /index.html HTTP/1.0" 502 4912 "http://yandex.ru" "Mozilla/5.0 (iPad; CPU OS 6_0 like Mac OS X) AppleWebKit/536.26 (KHTML, like Gecko) Version/6.0 Mobile/10A5355d Safari/8536.25"
43.239.248.10 - - [04/Apr/2018:15:01:45 ] "GET /stems HTTP/1.0" 500 3231 "http://facebook.com" "Mozilla/4.0 (compatible; MSIE 7.0; Windows NT 6.0)"
16.180.70.237 - - [04/Apr/2018:15:01:46 ] "GET /Store/cart.jsp?productID=1152 HTTP/1.0" 200 4895 "http://facebook.com" "Mozilla/5.0 (Windows; U; Windows NT 6.1; rv:2.2) Gecko/20110201"
31.6.26.128 - - [04/Apr/2018:15:01:47 ] "GET /wheelsets HTTP/1.0" 200 4892 "-" "Mozilla/5.0 (Windows; U; Windows NT 6.1; rv:2.2) Gecko/20110201"
31.6.26.190 - - [04/Apr/2018:15:01:49 ] "GET /index.html HTTP/1.0" 502 2726 "http://www.google.com" "Mozilla/5.0 (Windows; U; MSIE 9.0; WIndows NT 9.0; en-US))"
46.189.128.100 - - [04/Apr/2018:15:01:50 ] "GET /stems HTTP/1.0" 200 3080 "http://www.google.com" "Mozilla/5.0 (Windows; U; Windows NT 6.1; rv:2.2) Gecko/20110201"
37.189.100.100 - - [04/Apr/2018:15:01:53 ] "GET /seatposts HTTP/1.0" 200 3685 "http://yandex.ru" "Mozilla/5.0 (Windows NT 5.1; rv:31.0) Gecko/20100101 Firefox/31.0"
2.18.87.1 - - [04/Apr/2018:15:01:55 ] "GET /saddles HTTP/1.0" 200 2193 "http://www.google.com" "Mozilla/5.0 (Windows NT 5.1; rv:31.0) Gecko/20100101 Firefox/31.0"
114.214.178.92 - - [04/Apr/2018:15:01:58 ] "GET /handle-bars HTTP/1.0" 200 3892 "-" "Mozilla/5.0 (Linux; U; Android 2.3.5; en-us; HTC Vision Build/GRI40) AppleWebKit/533.1 (KHTML, like Gecko) Version/4.0 Mobile Safari/533.1"
10.182.189.79 - - [04/Apr/2018:15:02:00 ] "GET /forks HTTP/1.0" 403 3324 "-" "Mozilla/5.0 (Windows; U; Windows NT 6.1; rv:2.2) Gecko/20110201"
41.59.25.12 - - [04/Apr/2018:15:02:01 ] "GET /Store/cart.jsp?productID=1266 HTTP/1.0" 200 4802 "-" "Mozilla/5.0 (Macintosh; Intel Mac OS X 10_9_2) AppleWebKit/537.36 (KHTML, like Gecko) Chrome/36.0.1944.0 Safari/537.36"
31.47.255.255 - - [04/Apr/2018:15:02:04 ] "GET /index.html HTTP/1.0" 200 2249 "http://www.google.com" "Mozilla/5.0 (iPad; CPU OS 6_0 like Mac OS X) AppleWebKit/536.26 (KHTML, like Gecko) Version/6.0 Mobile/10A5355d Safari/8536.25"
2.17.218.100 - - [04/Apr/2018:15:02:05 ] "GET /forks HTTP/1.0" 200 4055 "http://yandex.ru" "Mozilla/5.0 (Macintosh; Intel Mac OS X 10_9_2) AppleWebKit/537.36 (KHTML, like Gecko) Chrome/36.0.1944.0 Safari/537.36"
31.6.26.133 - - [04/Apr/2018:15:02:06 ] "GET /index.html HTTP/1.0" 200 4657 "http://emsch.com" "Mozilla/5.0 (Macintosh; Intel Mac OS X 10_9_2) AppleWebKit/537.36 (KHTML, like Gecko) Chrome/36.0.1944.0 Safari/537.36"
2.18.87.10 - - [04/Apr/2018:15:02:07 ] "GET /handle-bars HTTP/1.0" 500 4027 "http://facebook.com" "Mozilla/5.0 (Windows; U; Windows NT 6.1; rv:2.2) Gecko/20110201"
185.91.175.137 - - [04/Apr/2018:15:02:08 ] "GET /shifters HTTP/1.0" 200 4546 "http://emsch.com" "Mozilla/4.0 (compatible; MSIE 7.0; Windows NT 6.0)"
31.6.26.128 - - [04/Apr/2018:15:02:11 ] "GET /saddles HTTP/1.0" 404 4084 "http://yandex.ru" "Mozilla/5.0 (Windows NT 5.1; rv:31.0) Gecko/20100101 Firefox/31.0"
5.149.239.255 - - [04/Apr/2018:15:02:12 ] "GET /forks HTTP/1.0" 200 3807 "http://www.google.com" "Mozilla/5.0 (Windows; U; Windows NT 6.1; rv:2.2) Gecko/20110201"
37.189.100.100 - - [04/Apr/2018:15:02:13 ] "GET /seatposts HTTP/1.0" 200 2239 "http://www.google.com" "Mozilla/5.0 (Windows; U; MSIE 9.0; WIndows NT 9.0; en-US))"
16.180.70.237 - - [04/Apr/2018:15:02:14 ] "GET /stems HTTP/1.0" 200 4706 "http://yandex.ru" "Mozilla/5.0 (Windows; U; Windows NT 6.1; rv:2.2) Gecko/20110201"
2.18.87.10 - - [04/Apr/2018:15:02:17 ] "GET /Store/cart.jsp?productID=1485 HTTP/1.0" 200 2881 "http://www.google.com" "Mozilla/5.0 (Linux; U; Android 2.3.5; en-us; HTC Vision Build/GRI40) AppleWebKit/533.1 (KHTML, like Gecko) Version/4.0 Mobile Safari/533.1"
46.189.128.130 - - [04/Apr/2018:15:02:18 ] "GET /saddles HTTP/1.0" 404 4251 "http://emsch.com" "Mozilla/5.0 (Macintosh; Intel Mac OS X 10_9_2) AppleWebKit/537.36 (KHTML, like Gecko) Chrome/36.0.1944.0 Safari/537.36"
179.93.224.109 - - [04/Apr/2018:15:02:20 ] "GET /Store/cart.jsp?productID=1245 HTTP/1.0" 503 2858 "-" "Mozilla/5.0 (Windows; U; Windows NT 6.1; rv:2.2) Gecko/20110201"
2.17.218.1 - - [04/Apr/2018:15:02:22 ] "GET /index.html HTTP/1.0" 200 2620 "http://yandex.ru" "Mozilla/5.0 (Macintosh; Intel Mac OS X 10_9_2) AppleWebKit/537.36 (KHTML, like Gecko) Chrome/36.0.1944.0 Safari/537.36"
244.157.45.12 - - [04/Apr/2018:15:02:24 ] "GET /stems HTTP/1.0" 500 3134 "http://www.google.com" "Mozilla/5.0 (Windows; U; Windows NT 6.1; rv:2.2) Gecko/20110201"
31.6.26.128 - - [04/Apr/2018:15:02:27 ] "GET /seatposts HTTP/1.0" 200 3095 "http://facebook.com" "Mozilla/5.0 (Macintosh; Intel Mac OS X 10_9_2) AppleWebKit/537.36 (KHTML, like Gecko) Chrome/36.0.1944.0 Safari/537.36"
2.18.87.30 - - [04/Apr/2018:15:02:30 ] "GET /seatposts HTTP/1.0" 200 4185 "http://yandex.ru" "Mozilla/4.0 (compatible; MSIE 7.0; Windows NT 6.0)"
114.214.178.92 - - [04/Apr/2018:15:02:31 ] "GET /wheelsets HTTP/1.0" 200 4990 "http://yandex.ru" "Mozilla/5.0 (Windows NT 5.1; rv:31.0) Gecko/20100101 Firefox/31.0"
41.59.205.255 - - [04/Apr/2018:15:02:32 ] "GET /index.html HTTP/1.0" 200 4574 "http://yandex.ru" "Mozilla/5.0 (Windows NT 5.1; rv:31.0) Gecko/20100101 Firefox/31.0"
41.59.205.255 - - [04/Apr/2018:15:02:34 ] "GET /saddles HTTP/1.0" 200 2441 "http://yandex.ru" "Mozilla/5.0 (Macintosh; Intel Mac OS X 10_9_2) AppleWebKit/537.36 (KHTML, like Gecko) Chrome/36.0.1944.0 Safari/537.36"
46.189.128.130 - - [04/Apr/2018:15:02:36 ] "GET /shifters HTTP/1.0" 503 2215 "http://emsch.com" "Mozilla/5.0 (Windows NT 5.1; rv:31.0) Gecko/20100101 Firefox/31.0"
5.149.239.255 - - [04/Apr/2018:15:02:37 ] "GET /forks HTTP/1.0" 200 4309 "http://facebook.com" "Mozilla/5.0 (Windows; U; Windows NT 6.1; rv:2.2) Gecko/20110201"
2.17.218.200 - - [04/Apr/2018:15:02:39 ] "GET /shifters HTTP/1.0" 404 3797 "http://yandex.ru" "Mozilla/5.0 (iPad; CPU OS 6_0 like Mac OS X) AppleWebKit/536.26 (KHTML, like Gecko) Version/6.0 Mobile/10A5355d Safari/8536.25"
179.93.224.215 - - [04/Apr/2018:15:02:41 ] "GET /wheelsets HTTP/1.0" 403 3467 "http://yandex.ru" "Mozilla/5.0 (Macintosh; Intel Mac OS X 10_9_2) AppleWebKit/537.36 (KHTML, like Gecko) Chrome/36.0.1944.0 Safari/537.36"
16.180.70.237 - - [04/Apr/2018:15:02:44 ] "GET /handle-bars HTTP/1.0" 200 3411 "http://yandex.ru" "Mozilla/5.0 (Linux; U; Android 2.3.5; en-us; HTC Vision Build/GRI40) AppleWebKit/533.1 (KHTML, like Gecko) Version/4.0 Mobile Safari/533.1"
218.193.16.244 - - [04/Apr/2018:15:02:47 ] "GET /shifters HTTP/1.0" 200 4838 "http://facebook.com" "Mozilla/5.0 (Windows; U; Windows NT 6.1; rv:2.2) Gecko/20110201"
31.6.26.255 - - [04/Apr/2018:15:02:48 ] "GET /seatposts HTTP/1.0" 200 4570 "-" "Mozilla/5.0 (iPad; CPU OS 6_0 like Mac OS X) AppleWebKit/536.26 (KHTML, like Gecko) Version/6.0 Mobile/10A5355d Safari/8536.25"
2.17.218.100 - - [04/Apr/2018:15:02:51 ] "GET /handle-bars HTTP/1.0" 200 3029 "http://www.google.com" "Mozilla/5.0 (Windows; U; Windows NT 6.1; rv:2.2) Gecko/20110201"
46.189.128.10 - - [04/Apr/2018:15:02:53 ] "GET /Store/cart.jsp?productID=1043 HTTP/1.0" 200 4176 "http://yandex.ru" "Mozilla/5.0 (Macintosh; Intel Mac OS X 10_9_2) AppleWebKit/537.36 (KHTML, like Gecko) Chrome/36.0.1944.0 Safari/537.36"
41.59.255.255 - - [04/Apr/2018:15:02:54 ] "GET /shifters HTTP/1.0" 200 4312 "http://emsch.com" "Mozilla/5.0 (Windows; U; Windows NT 6.1; rv:2.2) Gecko/20110201"
41.59.25.12 - - [04/Apr/2018:15:02:57 ] "GET /index.html HTTP/1.0" 502 3096 "http://facebook.com" "Mozilla/4.0 (compatible; MSIE 7.0; Windows NT 6.0)"
46.189.128.100 - - [04/Apr/2018:15:02:59 ] "GET /seatposts HTTP/1.0" 502 4759 "http://facebook.com" "Mozilla/5.0 (Windows; U; Windows NT 6.1; rv:2.2) Gecko/20110201"
46.189.128.100 - - [04/Apr/2018:15:03:02 ] "GET /saddles HTTP/1.0" 200 4933 "http://emsch.com" "Mozilla/5.0 (Linux; U; Android 2.3.5; en-us; HTC Vision Build/GRI40) AppleWebKit/533.1 (KHTML, like Gecko) Version/4.0 Mobile Safari/533.1"
185.91.175.137 - - [04/Apr/2018:15:03:05 ] "GET /forks HTTP/1.0" 200 4231 "http://www.google.com" "Mozilla/5.0 (Macintosh; Intel Mac OS X 10_9_2) AppleWebKit/537.36 (KHTML, like Gecko) Chrome/36.0.1944.0 Safari/537.36"
16.180.70.237 - - [04/Apr/2018:15:03:06 ] "GET /forks HTTP/1.0" 200 3233 "http://yandex.ru" "Mozilla/5.0 (Linux; U; Android 2.3.5; en-us; HTC Vision Build/GRI40) AppleWebKit/533.1 (KHTML, like Gecko) Version/4.0 Mobile Safari/533.1"
41.59.25.12 - - [04/Apr/2018:15:03:08 ] "GET /index.html HTTP/1.0" 500 3122 "http://yandex.ru" "Mozilla/5.0 (Windows; U; MSIE 9.0; WIndows NT 9.0; en-US))"
46.189.128.130 - - [04/Apr/2018:15:03:11 ] "GET /Store/cart.jsp?productID=1193 HTTP/1.0" 200 3561 "http://emsch.com" "Mozilla/5.0 (Windows; U; Windows NT 6.1; rv:2.2) Gecko/20110201"
2.17.218.251 - - [04/Apr/2018:15:03:14 ] "GET /shifters HTTP/1.0" 200 2873 "http://facebook.com" "Mozilla/5.0 (Windows NT 5.1; rv:31.0) Gecko/20100101 Firefox/31.0"
198.122.118.164 - - [04/Apr/2018:15:03:17 ] "GET /handle-bars HTTP/1.0" 200 4781 "http://www.google.com" "Mozilla/5.0 (iPad; CPU OS 6_0 like Mac OS X) AppleWebKit/536.26 (KHTML, like Gecko) Version/6.0 Mobile/10A5355d Safari/8536.25"
2.18.87.30 - - [04/Apr/2018:15:03:18 ] "GET /Store/cart.jsp?productID=1279 HTTP/1.0" 200 2554 "http://www.google.com" "Mozilla/5.0 (Macintosh; Intel Mac OS X 10_9_2) AppleWebKit/537.36 (KHTML, like Gecko) Chrome/36.0.1944.0 Safari/537.36"
46.189.128.100 - - [04/Apr/2018:15:03:21 ] "GET /forks HTTP/1.0" 200 3244 "http://yandex.ru" "Mozilla/5.0 (Windows; U; MSIE 9.0; WIndows NT 9.0; en-US))"
2.18.87.1 - - [04/Apr/2018:15:03:22 ] "GET /handle-bars HTTP/1.0" 200 3274 "http://facebook.com" "Mozilla/5.0 (Linux; U; Android 2.3.5; en-us; HTC Vision Build/GRI40) AppleWebKit/533.1 (KHTML, like Gecko) Version/4.0 Mobile Safari/533.1"
43.239.248.10 - - [04/Apr/2018:15:03:24 ] "GET /seatposts HTTP/1.0" 200 2741 "http://facebook.com" "Mozilla/5.0 (Macintosh; Intel Mac OS X 10_9_2) AppleWebKit/537.36 (KHTML, like Gecko) Chrome/36.0.1944.0 Safari/537.36"
2.18.87.0 - - [04/Apr/2018:15:03:27 ] "GET /shifters HTTP/1.0" 200 4057 "http://www.google.com" "Mozilla/5.0 (iPad; CPU OS 6_0 like Mac OS X) AppleWebKit/536.26 (KHTML, like Gecko) Version/6.0 Mobile/10A5355d Safari/8536.25"
179.93.224.149 - - [04/Apr/2018:15:03:30 ] "GET /wheelsets HTTP/1.0" 200 4599 "http://www.google.com" "Mozilla/5.0 (Linux; U; Android 2.3.5; en-us; HTC Vision Build/GRI40) AppleWebKit/533.1 (KHTML, like Gecko) Version/4.0 Mobile Safari/533.1"
81.73.150.239 - - [04/Apr/2018:15:03:31 ] "GET /index.html HTTP/1.0" 200 3232 "http://www.google.com" "Mozilla/5.0 (iPad; CPU OS 6_0 like Mac OS X) AppleWebKit/536.26 (KHTML, like Gecko) Version/6.0 Mobile/10A5355d Safari/8536.25"
31.6.26.190 - - [04/Apr/2018:15:03:34 ] "GET /seatposts HTTP/1.0" 200 2496 "http://emsch.com" "Mozilla/5.0 (Linux; U; Android 2.3.5; en-us; HTC Vision Build/GRI40) AppleWebKit/533.1 (KHTML, like Gecko) Version/4.0 Mobile Safari/533.1"
46.189.128.150 - - [04/Apr/2018:15:03:37 ] "GET /forks HTTP/1.0" 200 3015 "http://yandex.ru" "Mozilla/5.0 (Windows; U; Windows NT 6.1; rv:2.2) Gecko/20110201"
2.18.87.1 - - [04/Apr/2018:15:03:40 ] "GET /stems HTTP/1.0" 200 3297 "http://emsch.com" "Mozilla/5.0 (Linux; U; Android 2.3.5; en-us; HTC Vision Build/GRI40) AppleWebKit/533.1 (KHTML, like Gecko) Version/4.0 Mobile Safari/533.1"
185.91.175.216 - - [04/Apr/2018:15:03:43 ] "GET /index.html HTTP/1.0" 200 2946 "http://www.google.com" "Mozilla/5.0 (iPad; CPU OS 6_0 like Mac OS X) AppleWebKit/536.26 (KHTML, like Gecko) Version/6.0 Mobile/10A5355d Safari/8536.25"
31.6.26.190 - - [04/Apr/2018:15:03:45 ] "GET /shifters HTTP/1.0" 200 3376 "http://emsch.com" "Mozilla/5.0 (Macintosh; Intel Mac OS X 10_9_2) AppleWebKit/537.36 (KHTML, like Gecko) Chrome/36.0.1944.0 Safari/537.36"
41.59.15.17 - - [04/Apr/2018:15:03:46 ] "GET /seatposts HTTP/1.0" 200 4577 "http://emsch.com" "Mozilla/5.0 (Linux; U; Android 2.3.5; en-us; HTC Vision Build/GRI40) AppleWebKit/533.1 (KHTML, like Gecko) Version/4.0 Mobile Safari/533.1"
237.43.24.118 - - [04/Apr/2018:15:03:49 ] "GET /seatposts HTTP/1.0" 200 3866 "http://yandex.ru" "Mozilla/5.0 (Windows; U; Windows NT 6.1; rv:2.2) Gecko/20110201"
31.6.26.150 - - [04/Apr/2018:15:03:51 ] "GET /shifters HTTP/1.0" 502 4555 "http://emsch.com" "Mozilla/5.0 (iPad; CPU OS 6_0 like Mac OS X) AppleWebKit/536.26 (KHTML, like Gecko) Version/6.0 Mobile/10A5355d Safari/8536.25"
2.18.87.222 - - [04/Apr/2018:15:03:52 ] "GET /handle-bars HTTP/1.0" 200 3055 "http://emsch.com" "Mozilla/5.0 (Macintosh; Intel Mac OS X 10_9_2) AppleWebKit/537.36 (KHTML, like Gecko) Chrome/36.0.1944.0 Safari/537.36"
